Archive member included to satisfy reference by file (symbol)

/usr/lib/gcc/arm-none-eabi/14.2.1/thumb/v6-m/nofp/libgcc.a(_dvmd_tls.o)
                              CMakeFiles/oric.dir/__/__/lib/pico-sdk/src/rp2_common/pico_divider/divider.S.obj (__aeabi_idiv0)
/usr/lib/gcc/arm-none-eabi/14.2.1/../../../arm-none-eabi/lib/thumb/v6-m/nofp/libc.a(libc_a-strlen-stub.o)
                              CMakeFiles/oric.dir/__/__/lib/pico-sdk/src/rp2_common/pico_stdio/stdio.c.obj (strlen)
/usr/lib/gcc/arm-none-eabi/14.2.1/../../../arm-none-eabi/lib/thumb/v6-m/nofp/libc.a(libc_a-fini.o)
                              /usr/lib/gcc/arm-none-eabi/14.2.1/../../../arm-none-eabi/lib/thumb/v6-m/nofp/crt0.o (__libc_fini_array)
/usr/lib/gcc/arm-none-eabi/14.2.1/../../../arm-none-eabi/lib/thumb/v6-m/nofp/libc.a(libc_a-calloc.o)
                              CMakeFiles/oric.dir/__/__/lib/pico-sdk/src/rp2_common/pico_malloc/pico_malloc.c.obj (calloc)
/usr/lib/gcc/arm-none-eabi/14.2.1/../../../arm-none-eabi/lib/thumb/v6-m/nofp/libc.a(libc_a-callocr.o)
                              /usr/lib/gcc/arm-none-eabi/14.2.1/../../../arm-none-eabi/lib/thumb/v6-m/nofp/libc.a(libc_a-calloc.o) (_calloc_r)
/usr/lib/gcc/arm-none-eabi/14.2.1/../../../arm-none-eabi/lib/thumb/v6-m/nofp/libc.a(libc_a-realloc.o)
                              CMakeFiles/oric.dir/__/__/lib/pico-sdk/src/rp2_common/pico_malloc/pico_malloc.c.obj (realloc)
/usr/lib/gcc/arm-none-eabi/14.2.1/../../../arm-none-eabi/lib/thumb/v6-m/nofp/libc.a(libc_a-mallocr.o)
                              /usr/lib/gcc/arm-none-eabi/14.2.1/../../../arm-none-eabi/lib/thumb/v6-m/nofp/libc.a(libc_a-callocr.o) (_malloc_r)
/usr/lib/gcc/arm-none-eabi/14.2.1/../../../arm-none-eabi/lib/thumb/v6-m/nofp/libc.a(libc_a-freer.o)
                              /usr/lib/gcc/arm-none-eabi/14.2.1/../../../arm-none-eabi/lib/thumb/v6-m/nofp/libc.a(libc_a-mallocr.o) (_free_r)
/usr/lib/gcc/arm-none-eabi/14.2.1/../../../arm-none-eabi/lib/thumb/v6-m/nofp/libc.a(libc_a-errno.o)
                              /usr/lib/gcc/arm-none-eabi/14.2.1/../../../arm-none-eabi/lib/thumb/v6-m/nofp/libc.a(libc_a-callocr.o) (__errno)
/usr/lib/gcc/arm-none-eabi/14.2.1/../../../arm-none-eabi/lib/thumb/v6-m/nofp/libc.a(libc_a-malloc.o)
                              CMakeFiles/oric.dir/__/__/lib/pico-sdk/src/rp2_common/pico_malloc/pico_malloc.c.obj (malloc)
/usr/lib/gcc/arm-none-eabi/14.2.1/../../../arm-none-eabi/lib/thumb/v6-m/nofp/libc.a(libc_a-reallocr.o)
                              /usr/lib/gcc/arm-none-eabi/14.2.1/../../../arm-none-eabi/lib/thumb/v6-m/nofp/libc.a(libc_a-realloc.o) (_realloc_r)
/usr/lib/gcc/arm-none-eabi/14.2.1/../../../arm-none-eabi/lib/thumb/v6-m/nofp/libc.a(libc_a-mlock.o)
                              /usr/lib/gcc/arm-none-eabi/14.2.1/../../../arm-none-eabi/lib/thumb/v6-m/nofp/libc.a(libc_a-mallocr.o) (__malloc_lock)
/usr/lib/gcc/arm-none-eabi/14.2.1/../../../arm-none-eabi/lib/thumb/v6-m/nofp/libc.a(libc_a-sbrkr.o)
                              /usr/lib/gcc/arm-none-eabi/14.2.1/../../../arm-none-eabi/lib/thumb/v6-m/nofp/libc.a(libc_a-mallocr.o) (_sbrk_r)
/usr/lib/gcc/arm-none-eabi/14.2.1/../../../arm-none-eabi/lib/thumb/v6-m/nofp/libc.a(libc_a-ctype_.o)
                              CMakeFiles/oric.dir/src/oric.c.obj (_ctype_)
/usr/lib/gcc/arm-none-eabi/14.2.1/../../../arm-none-eabi/lib/thumb/v6-m/nofp/libc.a(libc_a-atexit.o)
                              /usr/lib/gcc/arm-none-eabi/14.2.1/../../../arm-none-eabi/lib/thumb/v6-m/nofp/crt0.o (atexit)
/usr/lib/gcc/arm-none-eabi/14.2.1/../../../arm-none-eabi/lib/thumb/v6-m/nofp/libc.a(libc_a-init.o)
                              /usr/lib/gcc/arm-none-eabi/14.2.1/../../../arm-none-eabi/lib/thumb/v6-m/nofp/crt0.o (__libc_init_array)
/usr/lib/gcc/arm-none-eabi/14.2.1/../../../arm-none-eabi/lib/thumb/v6-m/nofp/libc.a(libc_a-impure.o)
                              /usr/lib/gcc/arm-none-eabi/14.2.1/../../../arm-none-eabi/lib/thumb/v6-m/nofp/libc.a(libc_a-calloc.o) (_impure_ptr)
/usr/lib/gcc/arm-none-eabi/14.2.1/../../../arm-none-eabi/lib/thumb/v6-m/nofp/libc.a(libc_a-memmove.o)
                              /usr/lib/gcc/arm-none-eabi/14.2.1/../../../arm-none-eabi/lib/thumb/v6-m/nofp/libc.a(libc_a-reallocr.o) (memmove)
/usr/lib/gcc/arm-none-eabi/14.2.1/../../../arm-none-eabi/lib/thumb/v6-m/nofp/libc.a(libc_a-findfp.o)
                              /usr/lib/gcc/arm-none-eabi/14.2.1/../../../arm-none-eabi/lib/thumb/v6-m/nofp/libc.a(libc_a-impure.o) (__sf)
/usr/lib/gcc/arm-none-eabi/14.2.1/../../../arm-none-eabi/lib/thumb/v6-m/nofp/libc.a(libc_a-sysconf.o)
                              /usr/lib/gcc/arm-none-eabi/14.2.1/../../../arm-none-eabi/lib/thumb/v6-m/nofp/libc.a(libc_a-mallocr.o) (sysconf)
/usr/lib/gcc/arm-none-eabi/14.2.1/../../../arm-none-eabi/lib/thumb/v6-m/nofp/libc.a(libc_a-reent.o)
                              /usr/lib/gcc/arm-none-eabi/14.2.1/../../../arm-none-eabi/lib/thumb/v6-m/nofp/libc.a(libc_a-sbrkr.o) (errno)
[...]
Memory Configuration

Name             Origin             Length             Attributes
FLASH            0x10100000         0x00078000         xr
RAM              0x20000000         0x00040000         xrw
SCRATCH_X        0x20040000         0x00001000         xrw
SCRATCH_Y        0x20041000         0x00001000         xrw
*default*        0x00000000         0xffffffff

Linker script and memory map

LOAD /usr/lib/gcc/arm-none-eabi/14.2.1/thumb/v6-m/nofp/crti.o
LOAD /usr/lib/gcc/arm-none-eabi/14.2.1/thumb/v6-m/nofp/crtbegin.o
LOAD /usr/lib/gcc/arm-none-eabi/14.2.1/../../../arm-none-eabi/lib/thumb/v6-m/nofp/crt0.o

.flash_begin    0x10100000        0x0
                0x10100000                        __flash_binary_start = .

.boot2          0x10100000      0x100
                0x10100000                        __boot2_start__ = .
 *(.boot2)
 .boot2         0x10100000      0x100 /tmp/cc12gGsR.o
                0x10100100                        __boot2_end__ = .
                0x00000001                        ASSERT (((__boot2_end__ - __boot2_start__) == 0x100), ERROR: Pico second stage bootloader must be 256 bytes in size)

.text           0x10100100     0xdc20
                0x10100100                        __logical_binary_start = .
 *(.vectors)
 .vectors       0x10100100       0xd4 CMakeFiles/oric.dir/__/__/lib/pico-sdk/src/rp2_common/pico_standard_link/crt0.S.obj
                0x10100100                __vectors
                0x10100100                __VECTOR_TABLE
                0x101001c0                isr_invalid
                0x101001c0                __default_isrs_start
                0x101001c2                isr_nmi
                0x101001c4                isr_hardfault
                0x101001c6                isr_svcall
                0x101001c8                isr_pendsv
                0x101001ca                isr_systick
                0x101001cc                isr_irq30
                0x101001cc                __unhandled_user_irq
                0x101001cc                isr_irq13
                0x101001cc                isr_irq27
                0x101001cc                isr_irq31
                0x101001cc                isr_irq5
                0x101001cc                isr_irq11
                0x101001cc                isr_irq23
                0x101001cc                isr_irq18
                0x101001cc                isr_irq28
                0x101001cc                isr_irq19
                0x101001cc                isr_irq0
                0x101001cc                isr_irq6
                0x101001cc                isr_irq22
                0x101001cc                isr_irq17
                0x101001cc                isr_irq14
                0x101001cc                isr_irq2
                0x101001cc                isr_irq10
                0x101001cc                isr_irq8
                0x101001cc                isr_irq24
                0x101001cc                isr_irq1
                0x101001cc                isr_irq7
                0x101001cc                isr_irq21
                0x101001cc                isr_irq20
                0x101001cc                isr_irq15
                0x101001cc                isr_irq25
                0x101001cc                isr_irq4
                0x101001cc                isr_irq16
                0x101001cc                isr_irq29
                0x101001cc                isr_irq26
                0x101001cc                __default_isrs_end
                0x101001cc                isr_irq3
                0x101001cc                isr_irq12
                0x101001cc                isr_irq9
                0x101001d2                unhandled_user_irq_num_in_r0
 *(.binary_info_header)
 .binary_info_header
                0x101001d4       0x14 CMakeFiles/oric.dir/__/__/lib/pico-sdk/src/rp2_common/pico_standard_link/crt0.S.obj
                0x101001e8                        __binary_info_header_end = .
 *(.reset)
 .reset         0x101001e8       0xa0 CMakeFiles/oric.dir/__/__/lib/pico-sdk/src/rp2_common/pico_standard_link/crt0.S.obj
                0x101001e8                _entry_point
 .reset         0x10100288       0x30 CMakeFiles/oric.dir/__/__/lib/pico-sdk/src/rp2_common/pico_standard_link/binary_info.c.obj
 *(.init)
 .init          0x101002b8        0x4 /usr/lib/gcc/arm-none-eabi/14.2.1/thumb/v6-m/nofp/crti.o
                0x101002b8                _init
 *(EXCLUDE_FILE(*libm.a: *libc.a:*lib_a-mem*.o *libgcc.a:) .text*)
 .text          0x101002bc       0x98 /usr/lib/gcc/arm-none-eabi/14.2.1/thumb/v6-m/nofp/crtbegin.o
 .text._ay38910psg_update_values
                0x10100354       0x84 CMakeFiles/oric.dir/src/oric.c.obj
 .text._kbd_update_scanout_masks
                0x101003d8      0x714 CMakeFiles/oric.dir/src/oric.c.obj
 .text._oric_psg_out
                0x10100aec       0x14 CMakeFiles/oric.dir/src/oric.c.obj
 .text._oric_psg_in
                0x10100b00        0x4 CMakeFiles/oric.dir/src/oric.c.obj
 .text.audio_callback
                0x10100b04        0x8 CMakeFiles/oric.dir/src/oric.c.obj
 .text.wdc65C02cpu_init
                0x10100b0c       0x88 CMakeFiles/oric.dir/src/oric.c.obj
                0x10100b0c                wdc65C02cpu_init
 .text.wdc65C02cpu_get_addr
                0x10100b94       0x44 CMakeFiles/oric.dir/src/oric.c.obj
                0x10100b94                wdc65C02cpu_get_addr
 .text.mos6522via_tick
                0x10100bd8      0x160 CMakeFiles/oric.dir/src/oric.c.obj
                0x10100bd8                mos6522via_tick
 .text.mos6522via_read
                0x10100d38      0x170 CMakeFiles/oric.dir/src/oric.c.obj
                0x10100d38                mos6522via_read
 .text.mos6522via_write
                0x10100ea8      0x1fc CMakeFiles/oric.dir/src/oric.c.obj
                0x10100ea8                mos6522via_write
 .text.ay38910psg_tick_channels
                0x101010a4       0x8c CMakeFiles/oric.dir/src/oric.c.obj
                0x101010a4                ay38910psg_tick_channels
 .text.ay38910psg_read
                0x10101130       0x5c CMakeFiles/oric.dir/src/oric.c.obj
                0x10101130                ay38910psg_read
 .text.ay38910psg_write
                0x1010118c      0x11c CMakeFiles/oric.dir/src/oric.c.obj
                0x1010118c                ay38910psg_write
 .text.mem_init
                0x101012a8       0xe0 CMakeFiles/oric.dir/src/oric.c.obj
                0x101012a8                mem_init
 .text.disk2_fdc_write_byte
                0x10101388      0x18c CMakeFiles/oric.dir/src/oric.c.obj
                0x10101388                disk2_fdc_write_byte
 .text._oric_mem_rw
                0x10101514      0x580 CMakeFiles/oric.dir/src/oric.c.obj
 .text.oric_init
                0x10101a94      0x5a0 CMakeFiles/oric.dir/src/oric.c.obj
                0x10101a94                oric_init
 .text.oric_reset
                0x10102034       0xa0 CMakeFiles/oric.dir/src/oric.c.obj
                0x10102034                oric_reset
 .text.app_init
                0x101020d4       0x40 CMakeFiles/oric.dir/src/oric.c.obj
                0x101020d4                app_init
 .text.kbd_raw_key_down
                0x10102114      0x16c CMakeFiles/oric.dir/src/oric.c.obj
                0x10102114                kbd_raw_key_down
 .text.kbd_raw_key_up
                0x10102280       0x88 CMakeFiles/oric.dir/src/oric.c.obj
                0x10102280                kbd_raw_key_up
 .text.gamepad_state_update
                0x10102308        0x4 CMakeFiles/oric.dir/src/oric.c.obj
                0x10102308                gamepad_state_update
 .text.startup.main
                0x1010230c      0xeb0 CMakeFiles/oric.dir/src/oric.c.obj
                0x1010230c                main
 .text.process_kbd_report
                0x101031bc      0x2b0 CMakeFiles/oric.dir/__/__/src/hid_app.c.obj
 .text.tuh_hid_mount_cb
                0x1010346c       0x8c CMakeFiles/oric.dir/__/__/src/hid_app.c.obj
                0x1010346c                tuh_hid_mount_cb
 .text.tuh_hid_report_received_cb
                0x101034f8      0x348 CMakeFiles/oric.dir/__/__/src/hid_app.c.obj
                0x101034f8                tuh_hid_report_received_cb
 .text.tuh_hid_umount_cb
                0x10103840        0x4 CMakeFiles/oric.dir/__/__/src/hid_app.c.obj
                0x10103840                tuh_hid_umount_cb
 .text.audio_init
                0x10103844      0x1f4 CMakeFiles/oric.dir/__/__/src/audio.c.obj
                0x10103844                audio_init
 .text.audio_push_sample
                0x10103a38       0x5c CMakeFiles/oric.dir/__/__/src/audio.c.obj
                0x10103a38                audio_push_sample
 .text.set_sys_clock_pll
                0x10103a94       0x78 CMakeFiles/oric.dir/__/__/lib/pico-sdk/src/rp2_common/pico_stdlib/stdlib.c.obj
                0x10103a94                set_sys_clock_pll
 .text.check_sys_clock_khz
                0x10103b0c      0x26c CMakeFiles/oric.dir/__/__/lib/pico-sdk/src/rp2_common/pico_stdlib/stdlib.c.obj
                0x10103b0c                check_sys_clock_khz
 .text.gpio_set_function
                0x10103d78       0x30 CMakeFiles/oric.dir/__/__/lib/pico-sdk/src/rp2_common/hardware_gpio/gpio.c.obj
                0x10103d78                gpio_set_function
 .text.gpio_set_outover
                0x10103da8       0x24 CMakeFiles/oric.dir/__/__/lib/pico-sdk/src/rp2_common/hardware_gpio/gpio.c.obj
                0x10103da8                gpio_set_outover
 .text.gpio_init
                0x10103dcc       0x3c CMakeFiles/oric.dir/__/__/lib/pico-sdk/src/rp2_common/hardware_gpio/gpio.c.obj
                0x10103dcc                gpio_init
 .text.gpio_init_mask
                0x10103e08       0x68 CMakeFiles/oric.dir/__/__/lib/pico-sdk/src/rp2_common/hardware_gpio/gpio.c.obj
                0x10103e08                gpio_init_mask
 .text.running_on_fpga
                0x10103e70       0x10 CMakeFiles/oric.dir/__/__/lib/pico-sdk/src/rp2_common/pico_platform/platform.c.obj
                0x10103e70                running_on_fpga
 .text.hw_claim_lock
                0x10103e80       0x18 CMakeFiles/oric.dir/__/__/lib/pico-sdk/src/rp2_common/hardware_claim/claim.c.obj
                0x10103e80                hw_claim_lock
 .text.hw_claim_unlock
                0x10103e98       0x14 CMakeFiles/oric.dir/__/__/lib/pico-sdk/src/rp2_common/hardware_claim/claim.c.obj
                0x10103e98                hw_claim_unlock
 .text.hw_claim_or_assert
                0x10103eac       0x44 CMakeFiles/oric.dir/__/__/lib/pico-sdk/src/rp2_common/hardware_claim/claim.c.obj
                0x10103eac                hw_claim_or_assert
 .text.hw_claim_unused_from_range
                0x10103ef0       0x88 CMakeFiles/oric.dir/__/__/lib/pico-sdk/src/rp2_common/hardware_claim/claim.c.obj
                0x10103ef0                hw_claim_unused_from_range
 .text.spin_locks_reset
                0x10103f78       0x1c CMakeFiles/oric.dir/__/__/lib/pico-sdk/src/rp2_common/hardware_sync/sync.c.obj
                0x10103f78                spin_locks_reset
 .text.next_striped_spin_lock_num
                0x10103f94       0x18 CMakeFiles/oric.dir/__/__/lib/pico-sdk/src/rp2_common/hardware_sync/sync.c.obj
                0x10103f94                next_striped_spin_lock_num
 .text.spin_lock_claim_unused
                0x10103fac       0x24 CMakeFiles/oric.dir/__/__/lib/pico-sdk/src/rp2_common/hardware_sync/sync.c.obj
                0x10103fac                spin_lock_claim_unused
 .text.irq_set_enabled
                0x10103fd0       0x24 CMakeFiles/oric.dir/__/__/lib/pico-sdk/src/rp2_common/hardware_irq/irq.c.obj
                0x10103fd0                irq_set_enabled
 .text.irq_is_enabled
                0x10103ff4       0x18 CMakeFiles/oric.dir/__/__/lib/pico-sdk/src/rp2_common/hardware_irq/irq.c.obj
                0x10103ff4                irq_is_enabled
 .text.irq_get_vtable_handler
                0x1010400c       0x10 CMakeFiles/oric.dir/__/__/lib/pico-sdk/src/rp2_common/hardware_irq/irq.c.obj
                0x1010400c                irq_get_vtable_handler
 .text.irq_set_exclusive_handler
                0x1010401c       0x54 CMakeFiles/oric.dir/__/__/lib/pico-sdk/src/rp2_common/hardware_irq/irq.c.obj
                0x1010401c                irq_set_exclusive_handler
 .text.irq_add_shared_handler
                0x10104070      0x1f4 CMakeFiles/oric.dir/__/__/lib/pico-sdk/src/rp2_common/hardware_irq/irq.c.obj
                0x10104070                irq_add_shared_handler
 .text.irq_remove_handler
                0x10104264      0x1bc CMakeFiles/oric.dir/__/__/lib/pico-sdk/src/rp2_common/hardware_irq/irq.c.obj
                0x10104264                irq_remove_handler
 .text.irq_add_tail_to_free_list
                0x10104420       0xb4 CMakeFiles/oric.dir/__/__/lib/pico-sdk/src/rp2_common/hardware_irq/irq.c.obj
                0x10104420                irq_add_tail_to_free_list
 .text.irq_init_priorities
                0x101044d4       0x24 CMakeFiles/oric.dir/__/__/lib/pico-sdk/src/rp2_common/hardware_irq/irq.c.obj
                0x101044d4                irq_init_priorities
 .text.lock_init
                0x101044f8       0x10 CMakeFiles/oric.dir/__/__/lib/pico-sdk/src/common/pico_sync/lock_core.c.obj
                0x101044f8                lock_init
 .text.mutex_init
                0x10104508       0x1c CMakeFiles/oric.dir/__/__/lib/pico-sdk/src/common/pico_sync/mutex.c.obj
                0x10104508                mutex_init
 .text.recursive_mutex_init
                0x10104524       0x1c CMakeFiles/oric.dir/__/__/lib/pico-sdk/src/common/pico_sync/mutex.c.obj
                0x10104524                recursive_mutex_init
 .text.critical_section_init
                0x10104540       0x1c CMakeFiles/oric.dir/__/__/lib/pico-sdk/src/common/pico_sync/critical_section.c.obj
                0x10104540                critical_section_init
 .text.timer_pool_entry_comparator
                0x1010455c       0x34 CMakeFiles/oric.dir/__/__/lib/pico-sdk/src/common/pico_time/time.c.obj
                0x1010455c                timer_pool_entry_comparator
 .text.sleep_until_callback
                0x10104590       0x30 CMakeFiles/oric.dir/__/__/lib/pico-sdk/src/common/pico_time/time.c.obj
 .text.add_alarm_under_lock.isra.0
                0x101045c0      0x100 CMakeFiles/oric.dir/__/__/lib/pico-sdk/src/common/pico_time/time.c.obj
 .text.alarm_pool_alarm_callback
                0x101046c0      0x1a8 CMakeFiles/oric.dir/__/__/lib/pico-sdk/src/common/pico_time/time.c.obj
 .text.alarm_pool_init_default
                0x10104868       0x6c CMakeFiles/oric.dir/__/__/lib/pico-sdk/src/common/pico_time/time.c.obj
                0x10104868                alarm_pool_init_default
 .text.alarm_pool_add_alarm_at
                0x101048d4      0x174 CMakeFiles/oric.dir/__/__/lib/pico-sdk/src/common/pico_time/time.c.obj
                0x101048d4                alarm_pool_add_alarm_at
 .text.sleep_us
                0x10104a48       0xdc CMakeFiles/oric.dir/__/__/lib/pico-sdk/src/common/pico_time/time.c.obj
                0x10104a48                sleep_us
 .text.sleep_ms
                0x10104b24       0xec CMakeFiles/oric.dir/__/__/lib/pico-sdk/src/common/pico_time/time.c.obj
                0x10104b24                sleep_ms
 .text.best_effort_wfe_or_timeout
                0x10104c10       0xe0 CMakeFiles/oric.dir/__/__/lib/pico-sdk/src/common/pico_time/time.c.obj
                0x10104c10                best_effort_wfe_or_timeout
 .text.hardware_alarm_irq_handler
                0x10104cf0       0xbc CMakeFiles/oric.dir/__/__/lib/pico-sdk/src/rp2_common/hardware_timer/timer.c.obj
 .text.hardware_alarm_claim
                0x10104dac       0x18 CMakeFiles/oric.dir/__/__/lib/pico-sdk/src/rp2_common/hardware_timer/timer.c.obj
                0x10104dac                hardware_alarm_claim
 .text.time_us_64
                0x10104dc4       0x14 CMakeFiles/oric.dir/__/__/lib/pico-sdk/src/rp2_common/hardware_timer/timer.c.obj
                0x10104dc4                time_us_64
 .text.busy_wait_us
                0x10104dd8       0x68 CMakeFiles/oric.dir/__/__/lib/pico-sdk/src/rp2_common/hardware_timer/timer.c.obj
                0x10104dd8                busy_wait_us
 .text.busy_wait_until
                0x10104e40       0x20 CMakeFiles/oric.dir/__/__/lib/pico-sdk/src/rp2_common/hardware_timer/timer.c.obj
                0x10104e40                busy_wait_until
 .text.hardware_alarm_set_callback
                0x10104e60       0x8c CMakeFiles/oric.dir/__/__/lib/pico-sdk/src/rp2_common/hardware_timer/timer.c.obj
                0x10104e60                hardware_alarm_set_callback
 .text.hardware_alarm_set_target
                0x10104eec       0xd0 CMakeFiles/oric.dir/__/__/lib/pico-sdk/src/rp2_common/hardware_timer/timer.c.obj
                0x10104eec                hardware_alarm_set_target
 .text.hardware_alarm_cancel
                0x10104fbc       0x3c CMakeFiles/oric.dir/__/__/lib/pico-sdk/src/rp2_common/hardware_timer/timer.c.obj
                0x10104fbc                hardware_alarm_cancel
 .text.ph_merge_nodes
                0x10104ff8       0x50 CMakeFiles/oric.dir/__/__/lib/pico-sdk/src/common/pico_util/pheap.c.obj
 .text.ph_post_alloc_init
                0x10105048       0x3c CMakeFiles/oric.dir/__/__/lib/pico-sdk/src/common/pico_util/pheap.c.obj
                0x10105048                ph_post_alloc_init
 .text.ph_merge_two_pass
                0x10105084       0x88 CMakeFiles/oric.dir/__/__/lib/pico-sdk/src/common/pico_util/pheap.c.obj
                0x10105084                ph_merge_two_pass
 .text.ph_remove_any_head
                0x1010510c      0x124 CMakeFiles/oric.dir/__/__/lib/pico-sdk/src/common/pico_util/pheap.c.obj
 .text.ph_remove_head
                0x10105230      0x128 CMakeFiles/oric.dir/__/__/lib/pico-sdk/src/common/pico_util/pheap.c.obj
                0x10105230                ph_remove_head
 .text.ph_remove_and_free_node
                0x10105358       0x78 CMakeFiles/oric.dir/__/__/lib/pico-sdk/src/common/pico_util/pheap.c.obj
                0x10105358                ph_remove_and_free_node
 .text.queue_init_with_spinlock
                0x101053d0       0x24 CMakeFiles/oric.dir/__/__/lib/pico-sdk/src/common/pico_util/queue.c.obj
                0x101053d0                queue_init_with_spinlock
 .text.uart_init
                0x101053f4      0x190 CMakeFiles/oric.dir/__/__/lib/pico-sdk/src/rp2_common/hardware_uart/uart.c.obj
                0x101053f4                uart_init
 .text.clock_configure
                0x10105584      0x114 CMakeFiles/oric.dir/__/__/lib/pico-sdk/src/rp2_common/hardware_clocks/clocks.c.obj
                0x10105584                clock_configure
 .text.clocks_init
                0x10105698      0x2c8 CMakeFiles/oric.dir/__/__/lib/pico-sdk/src/rp2_common/hardware_clocks/clocks.c.obj
                0x10105698                clocks_init
 .text.clock_get_hz
                0x10105960        0xc CMakeFiles/oric.dir/__/__/lib/pico-sdk/src/rp2_common/hardware_clocks/clocks.c.obj
                0x10105960                clock_get_hz
 .text.frequency_count_khz
                0x1010596c       0x48 CMakeFiles/oric.dir/__/__/lib/pico-sdk/src/rp2_common/hardware_clocks/clocks.c.obj
                0x1010596c                frequency_count_khz
 .text.pll_init
                0x101059b4       0xa4 CMakeFiles/oric.dir/__/__/lib/pico-sdk/src/rp2_common/hardware_pll/pll.c.obj
                0x101059b4                pll_init
 .text.vreg_set_voltage
                0x10105a58       0x1c CMakeFiles/oric.dir/__/__/lib/pico-sdk/src/rp2_common/hardware_vreg/vreg.c.obj
                0x10105a58                vreg_set_voltage
 .text.watchdog_start_tick
                0x10105a74       0x10 CMakeFiles/oric.dir/__/__/lib/pico-sdk/src/rp2_common/hardware_watchdog/watchdog.c.obj
                0x10105a74                watchdog_start_tick
 .text.watchdog_reboot
                0x10105a84       0x9c CMakeFiles/oric.dir/__/__/lib/pico-sdk/src/rp2_common/hardware_watchdog/watchdog.c.obj
                0x10105a84                watchdog_reboot
 .text.xosc_init
                0x10105b20       0x28 CMakeFiles/oric.dir/__/__/lib/pico-sdk/src/rp2_common/hardware_xosc/xosc.c.obj
                0x10105b20                xosc_init
 .text.runtime_init
                0x10105b48       0xf0 CMakeFiles/oric.dir/__/__/lib/pico-sdk/src/rp2_common/pico_runtime/runtime.c.obj
                0x10105b48                runtime_init
 .text._exit    0x10105c38        0x4 CMakeFiles/oric.dir/__/__/lib/pico-sdk/src/rp2_common/pico_runtime/runtime.c.obj
                0x10105c38                _exit
 .text._sbrk    0x10105c3c       0x34 CMakeFiles/oric.dir/__/__/lib/pico-sdk/src/rp2_common/pico_runtime/runtime.c.obj
                0x10105c3c                _sbrk
 .text.exit     0x10105c70        0x8 CMakeFiles/oric.dir/__/__/lib/pico-sdk/src/rp2_common/pico_runtime/runtime.c.obj
                0x10105c70                exit
 .text.panic    0x10105c78       0x30 CMakeFiles/oric.dir/__/__/lib/pico-sdk/src/rp2_common/pico_runtime/runtime.c.obj
                0x10105c78                panic
 .text.hard_assertion_failure
                0x10105ca8        0xc CMakeFiles/oric.dir/__/__/lib/pico-sdk/src/rp2_common/pico_runtime/runtime.c.obj
                0x10105ca8                hard_assertion_failure
 .text._out_null
                0x10105cb4        0x4 CMakeFiles/oric.dir/__/__/lib/pico-sdk/src/rp2_common/pico_printf/printf.c.obj
 .text._out_rev
                0x10105cb8       0xac CMakeFiles/oric.dir/__/__/lib/pico-sdk/src/rp2_common/pico_printf/printf.c.obj
 .text._ntoa_format
                0x10105d64      0x1cc CMakeFiles/oric.dir/__/__/lib/pico-sdk/src/rp2_common/pico_printf/printf.c.obj
 .text._out_char
                0x10105f30       0x10 CMakeFiles/oric.dir/__/__/lib/pico-sdk/src/rp2_common/pico_printf/printf.c.obj
 .text._out_fct
                0x10105f40       0x10 CMakeFiles/oric.dir/__/__/lib/pico-sdk/src/rp2_common/pico_printf/printf.c.obj
 .text._ftoa    0x10105f50      0x4a8 CMakeFiles/oric.dir/__/__/lib/pico-sdk/src/rp2_common/pico_printf/printf.c.obj
 .text._etoa    0x101063f8      0x57c CMakeFiles/oric.dir/__/__/lib/pico-sdk/src/rp2_common/pico_printf/printf.c.obj
 .text._vsnprintf
                0x10106974      0xbe0 CMakeFiles/oric.dir/__/__/lib/pico-sdk/src/rp2_common/pico_printf/printf.c.obj
 .text.vfctprintf
                0x10107554       0x24 CMakeFiles/oric.dir/__/__/lib/pico-sdk/src/rp2_common/pico_printf/printf.c.obj
                0x10107554                vfctprintf
 .text.weak_raw_vprintf
                0x10107578       0x30 CMakeFiles/oric.dir/__/__/lib/pico-sdk/src/rp2_common/pico_printf/printf.c.obj
                0x10107578                weak_raw_vprintf
 .text          0x101075a8       0x10 CMakeFiles/oric.dir/__/__/lib/pico-sdk/src/rp2_common/pico_bit_ops/bit_ops_aeabi.S.obj
 .text.ctzsi    0x101075b8        0xc CMakeFiles/oric.dir/__/__/lib/pico-sdk/src/rp2_common/pico_bit_ops/bit_ops_aeabi.S.obj
                0x101075b8                __wrap___ctzsi2
 .text.rom_func_lookup
                0x101075c4       0x10 CMakeFiles/oric.dir/__/__/lib/pico-sdk/src/rp2_common/pico_bootrom/bootrom.c.obj
                0x101075c4                rom_func_lookup
 .text.rom_data_lookup
                0x101075d4       0x10 CMakeFiles/oric.dir/__/__/lib/pico-sdk/src/rp2_common/pico_bootrom/bootrom.c.obj
                0x101075d4                rom_data_lookup
 .text.rom_funcs_lookup
                0x101075e4       0x44 CMakeFiles/oric.dir/__/__/lib/pico-sdk/src/rp2_common/pico_bootrom/bootrom.c.obj
                0x101075e4                rom_funcs_lookup
 .text.__wrap___aeabi_idiv
                0x10107628       0x50 CMakeFiles/oric.dir/__/__/lib/pico-sdk/src/rp2_common/pico_divider/divider.S.obj
                0x10107628                __wrap___aeabi_idivmod
                0x10107628                divmod_s32s32
                0x10107628                div_s32s32
                0x10107628                __wrap___aeabi_idiv
                0x10107630                divmod_s32s32_unsafe
                0x1010765c                divmod_s32s32_savestate
 .text.__wrap___aeabi_uidiv
                0x10107678       0x4c CMakeFiles/oric.dir/__/__/lib/pico-sdk/src/rp2_common/pico_divider/divider.S.obj
                0x10107678                __wrap___aeabi_uidiv
                0x10107678                __wrap___aeabi_uidivmod
                0x10107678                div_u32u32
                0x10107678                divmod_u32u32
                0x10107680                divmod_u32u32_unsafe
                0x101076a8                divmod_u32u32_savestate
 .text.__wrap___aeabi_ldiv
                0x101076c4      0x424 CMakeFiles/oric.dir/__/__/lib/pico-sdk/src/rp2_common/pico_divider/divider.S.obj
                0x101076c4                div_s64s64
                0x101076c4                divmod_s64s64
                0x101076c4                __wrap___aeabi_ldivmod
                0x101076f4                div_u64u64
                0x101076f4                divmod_u64u64
                0x101076f4                __wrap___aeabi_uldivmod
                0x10107704                divmod_u64u64_savestate
                0x10107724                divmod_s64s64_unsafe
                0x101077ac                divmod_u64u64_unsafe
 .text.__wrap___aeabi_darithmetic
                0x10107ae8       0x80 CMakeFiles/oric.dir/__/__/lib/pico-sdk/src/rp2_common/pico_double/double_aeabi.S.obj
                0x10107ae8                __wrap___aeabi_drsub
                0x10107aee                __wrap___aeabi_dsub
                0x10107b00                __wrap___aeabi_dadd
                0x10107b12                __wrap___aeabi_ddiv
                0x10107b4e                __wrap___aeabi_dmul
 .text.__wrap___aeabi_cdcmple
                0x10107b68       0x6c CMakeFiles/oric.dir/__/__/lib/pico-sdk/src/rp2_common/pico_double/double_aeabi.S.obj
                0x10107b68                __wrap___aeabi_cdrcmple
                0x10107b78                __wrap___aeabi_cdcmple
                0x10107b78                __wrap___aeabi_cdcmpeq
 .text.__wrap___aeabi_dcmplt
                0x10107bd4        0xc CMakeFiles/oric.dir/__/__/lib/pico-sdk/src/rp2_common/pico_double/double_aeabi.S.obj
                0x10107bd4                __wrap___aeabi_dcmplt
 .text.__wrap___aeabi_dcmple
                0x10107be0       0x10 CMakeFiles/oric.dir/__/__/lib/pico-sdk/src/rp2_common/pico_double/double_aeabi.S.obj
                0x10107be0                __wrap___aeabi_dcmple
 .text.__wrap___aeabi_dcmpge
                0x10107bf0       0x10 CMakeFiles/oric.dir/__/__/lib/pico-sdk/src/rp2_common/pico_double/double_aeabi.S.obj
                0x10107bf0                __wrap___aeabi_dcmpge
 .text.__wrap___aeabi_dcmpgt
                0x10107c00        0xa CMakeFiles/oric.dir/__/__/lib/pico-sdk/src/rp2_common/pico_double/double_aeabi.S.obj
                0x10107c00                __wrap___aeabi_dcmpgt
 .text.__wrap___aeabi_dcmpun
                0x10107c0a       0x1c CMakeFiles/oric.dir/__/__/lib/pico-sdk/src/rp2_common/pico_double/double_aeabi.S.obj
                0x10107c0a                __wrap___aeabi_dcmpun
 *fill*         0x10107c26        0x2 
 .text.__wrap___aeabi_i2d
                0x10107c28       0x38 CMakeFiles/oric.dir/__/__/lib/pico-sdk/src/rp2_common/pico_double/double_aeabi.S.obj
                0x10107c28                __wrap___aeabi_ui2d
                0x10107c30                __wrap___aeabi_i2d
 .text.__wrap___aeabi_d2iz
                0x10107c60       0x48 CMakeFiles/oric.dir/__/__/lib/pico-sdk/src/rp2_common/pico_double/double_aeabi.S.obj
                0x10107c60                __wrap___aeabi_d2iz
                0x10107c60                double2int_z
 .text.__wrap___aeabi_d2uiz
                0x10107ca8       0x18 CMakeFiles/oric.dir/__/__/lib/pico-sdk/src/rp2_common/pico_double/double_aeabi.S.obj
                0x10107ca8                double2uint
                0x10107ca8                __wrap___aeabi_d2uiz
 .text.__aeabi_double_init
                0x10107cc0       0x98 CMakeFiles/oric.dir/__/__/lib/pico-sdk/src/rp2_common/pico_double/double_init_rom.c.obj
                0x10107cc0                __aeabi_double_init
 .text.double_table_shim_on_use_helper
                0x10107d58       0x2c CMakeFiles/oric.dir/__/__/lib/pico-sdk/src/rp2_common/pico_double/double_v1_rom_shim.S.obj
                0x10107d58                double_table_shim_on_use_helper
 .text.__wrap___aeabi_dsub
                0x10107d84       0x10 CMakeFiles/oric.dir/__/__/lib/pico-sdk/src/rp2_common/pico_double/double_v1_rom_shim.S.obj
                0x10107d84                drsub_shim
                0x10107d8a                dsub_shim
 .text.dadd_shim
                0x10107d94      0x15c CMakeFiles/oric.dir/__/__/lib/pico-sdk/src/rp2_common/pico_double/double_v1_rom_shim.S.obj
                0x10107d94                dadd_shim
 .text.dmul_shim
                0x10107ef0      0x15c CMakeFiles/oric.dir/__/__/lib/pico-sdk/src/rp2_common/pico_double/double_v1_rom_shim.S.obj
                0x10107ef0                dmul_shim
 .text.ddiv_shim
                0x1010804c      0x1b0 CMakeFiles/oric.dir/__/__/lib/pico-sdk/src/rp2_common/pico_double/double_v1_rom_shim.S.obj
                0x1010804c                ddiv_shim
 .text.double2uint_shim
                0x101081fc        0xe CMakeFiles/oric.dir/__/__/lib/pico-sdk/src/rp2_common/pico_double/double_v1_rom_shim.S.obj
                0x101081fc                double2uint_shim
                0x101081fe                double2ufix_shim
 *fill*         0x1010820a        0x2 
 .text.double2uint64_shim
                0x1010820c       0x70 CMakeFiles/oric.dir/__/__/lib/pico-sdk/src/rp2_common/pico_double/double_v1_rom_shim.S.obj
                0x1010820c                double2uint64_shim
                0x1010820e                double2ufix64_shim
                0x1010822e                d2fix_a
 .text.dunpacks
                0x1010827c       0x3c CMakeFiles/oric.dir/__/__/lib/pico-sdk/src/rp2_common/pico_double/double_v1_rom_shim.S.obj
                0x1010827c                dunpacks
 .text.__aeabi_lmul
                0x101082b8       0x32 CMakeFiles/oric.dir/__/__/lib/pico-sdk/src/rp2_common/pico_int64_ops/pico_int64_ops_aeabi.S.obj
                0x101082b8                __wrap___aeabi_lmul
 *fill*         0x101082ea        0x2 
 .text.__wrap___aeabi_farithmetic
                0x101082ec       0x48 CMakeFiles/oric.dir/__/__/lib/pico-sdk/src/rp2_common/pico_float/float_aeabi.S.obj
                0x101082ec                __wrap___aeabi_frsub
                0x101082f2                __wrap___aeabi_fsub
                0x101082f8                __wrap___aeabi_fadd
                0x101082fe                __wrap___aeabi_fdiv
                0x10108326                __wrap___aeabi_fmul
 .text.__wrap___aeabi_cfcmple
                0x10108334       0x50 CMakeFiles/oric.dir/__/__/lib/pico-sdk/src/rp2_common/pico_float/float_aeabi.S.obj
                0x10108334                __wrap___aeabi_cfrcmple
                0x10108340                __wrap___aeabi_cfcmpeq
                0x10108340                __wrap___aeabi_cfcmple
 .text.__wrap___aeabi_fcmpeq
                0x10108384       0x10 CMakeFiles/oric.dir/__/__/lib/pico-sdk/src/rp2_common/pico_float/float_aeabi.S.obj
                0x10108384                __wrap___aeabi_fcmpeq
 .text.__wrap___aeabi_ui2f
                0x10108394        0xa CMakeFiles/oric.dir/__/__/lib/pico-sdk/src/rp2_common/pico_float/float_aeabi.S.obj
                0x10108394                __wrap___aeabi_ui2f
 *fill*         0x1010839e        0x2 
 .text.__wrap___aeabi_i2f
                0x101083a0       0x44 CMakeFiles/oric.dir/__/__/lib/pico-sdk/src/rp2_common/pico_float/float_aeabi.S.obj
                0x101083a0                __wrap___aeabi_i2f
 .text.__wrap___aeabi_f2uiz
                0x101083e4        0xc CMakeFiles/oric.dir/__/__/lib/pico-sdk/src/rp2_common/pico_float/float_aeabi.S.obj
                0x101083e4                __wrap___aeabi_f2uiz
 .text.__aeabi_float_init
                0x101083f0       0x64 CMakeFiles/oric.dir/__/__/lib/pico-sdk/src/rp2_common/pico_float/float_init_rom.c.obj
                0x101083f0                __aeabi_float_init
 .text.float_table_shim_on_use_helper
                0x10108454       0x2c CMakeFiles/oric.dir/__/__/lib/pico-sdk/src/rp2_common/pico_float/float_v1_rom_shim.S.obj
                0x10108454                float_table_shim_on_use_helper
 .text.__wrap_malloc
                0x10108480       0x3c CMakeFiles/oric.dir/__/__/lib/pico-sdk/src/rp2_common/pico_malloc/pico_malloc.c.obj
                0x10108480                __wrap_malloc
 .text.__wrap_calloc
                0x101084bc       0x40 CMakeFiles/oric.dir/__/__/lib/pico-sdk/src/rp2_common/pico_malloc/pico_malloc.c.obj
                0x101084bc                __wrap_calloc
 .text          0x101084fc       0x10 CMakeFiles/oric.dir/__/__/lib/pico-sdk/src/rp2_common/pico_mem_ops/mem_ops_aeabi.S.obj
                0x101084fc                __aeabi_mem_init
 .text.memset   0x1010850c        0xc CMakeFiles/oric.dir/__/__/lib/pico-sdk/src/rp2_common/pico_mem_ops/mem_ops_aeabi.S.obj
                0x1010850c                __wrap_memset
 .text.memcpy   0x10108518        0xc CMakeFiles/oric.dir/__/__/lib/pico-sdk/src/rp2_common/pico_mem_ops/mem_ops_aeabi.S.obj
                0x10108518                __wrap___aeabi_memcpy
                0x10108518                __wrap_memcpy
 .text.stdio_out_chars_crlf
                0x10108524       0xb0 CMakeFiles/oric.dir/__/__/lib/pico-sdk/src/rp2_common/pico_stdio/stdio.c.obj
 .text.stdio_buffered_printer
                0x101085d4       0x64 CMakeFiles/oric.dir/__/__/lib/pico-sdk/src/rp2_common/pico_stdio/stdio.c.obj
 .text.__wrap_putchar
                0x10108638       0x94 CMakeFiles/oric.dir/__/__/lib/pico-sdk/src/rp2_common/pico_stdio/stdio.c.obj
                0x10108638                __wrap_putchar
 .text.__wrap_puts
                0x101086cc       0xd4 CMakeFiles/oric.dir/__/__/lib/pico-sdk/src/rp2_common/pico_stdio/stdio.c.obj
                0x101086cc                __wrap_puts
 .text.stdio_set_driver_enabled
                0x101087a0       0x30 CMakeFiles/oric.dir/__/__/lib/pico-sdk/src/rp2_common/pico_stdio/stdio.c.obj
                0x101087a0                stdio_set_driver_enabled
 .text.__wrap_vprintf
                0x101087d0       0xcc CMakeFiles/oric.dir/__/__/lib/pico-sdk/src/rp2_common/pico_stdio/stdio.c.obj
                0x101087d0                __wrap_vprintf
 .text.__wrap_printf
                0x1010889c       0x18 CMakeFiles/oric.dir/__/__/lib/pico-sdk/src/rp2_common/pico_stdio/stdio.c.obj
                0x1010889c                __wrap_printf
 .text.stdio_init_all
                0x101088b4        0xc CMakeFiles/oric.dir/__/__/lib/pico-sdk/src/rp2_common/pico_stdio/stdio.c.obj
                0x101088b4                stdio_init_all
 .text.stdio_uart_out_chars
                0x101088c0       0x4c CMakeFiles/oric.dir/__/__/lib/pico-sdk/src/rp2_common/pico_stdio_uart/stdio_uart.c.obj
 .text.stdio_uart_in_chars
                0x1010890c       0x90 CMakeFiles/oric.dir/__/__/lib/pico-sdk/src/rp2_common/pico_stdio_uart/stdio_uart.c.obj
                0x1010890c                stdio_uart_in_chars
 .text.on_uart_rx
                0x1010899c       0x28 CMakeFiles/oric.dir/__/__/lib/pico-sdk/src/rp2_common/pico_stdio_uart/stdio_uart.c.obj
 .text.stdio_uart_set_chars_available_callback
                0x101089c4       0x8c CMakeFiles/oric.dir/__/__/lib/pico-sdk/src/rp2_common/pico_stdio_uart/stdio_uart.c.obj
 .text.stdio_uart_init
                0x10108a50       0x48 CMakeFiles/oric.dir/__/__/lib/pico-sdk/src/rp2_common/pico_stdio_uart/stdio_uart.c.obj
                0x10108a50                stdio_uart_init
 .text.core1_trampoline
                0x10108a98        0x4 CMakeFiles/oric.dir/__/__/lib/pico-sdk/src/rp2_common/pico_multicore/multicore.c.obj
 .text.core1_wrapper
                0x10108a9c        0xc CMakeFiles/oric.dir/__/__/lib/pico-sdk/src/rp2_common/pico_multicore/multicore.c.obj
                0x10108a9c                core1_wrapper
 .text.multicore_launch_core1_raw
                0x10108aa8       0x8c CMakeFiles/oric.dir/__/__/lib/pico-sdk/src/rp2_common/pico_multicore/multicore.c.obj
                0x10108aa8                multicore_launch_core1_raw
 .text.multicore_launch_core1
                0x10108b34       0x58 CMakeFiles/oric.dir/__/__/lib/pico-sdk/src/rp2_common/pico_multicore/multicore.c.obj
                0x10108b34                multicore_launch_core1
 .text.dvi_init
                0x10108b8c      0x1a8 CMakeFiles/oric.dir/__/__/lib/PicoDVI/software/libdvi/dvi.c.obj
                0x10108b8c                dvi_init
 .text.dvi_register_irqs_this_core
                0x10108d34       0x9c CMakeFiles/oric.dir/__/__/lib/PicoDVI/software/libdvi/dvi.c.obj
                0x10108d34                dvi_register_irqs_this_core
 .text.dvi_start
                0x10108dd0       0xdc CMakeFiles/oric.dir/__/__/lib/PicoDVI/software/libdvi/dvi.c.obj
                0x10108dd0                dvi_start
 .text.dvi_serialiser_init
                0x10108eac      0x19c CMakeFiles/oric.dir/__/__/lib/PicoDVI/software/libdvi/dvi_serialiser.c.obj
                0x10108eac                dvi_serialiser_init
 .text.dvi_serialiser_enable
                0x10109048       0x60 CMakeFiles/oric.dir/__/__/lib/PicoDVI/software/libdvi/dvi_serialiser.c.obj
                0x10109048                dvi_serialiser_enable
 .text.dvi_timing_state_init
                0x101090a8        0x8 CMakeFiles/oric.dir/__/__/lib/PicoDVI/software/libdvi/dvi_timing.c.obj
                0x101090a8                dvi_timing_state_init
 .text.dvi_setup_scanline_for_vblank
                0x101090b0      0x12c CMakeFiles/oric.dir/__/__/lib/PicoDVI/software/libdvi/dvi_timing.c.obj
                0x101090b0                dvi_setup_scanline_for_vblank
 .text.dvi_setup_scanline_for_active
                0x101091dc      0x1dc CMakeFiles/oric.dir/__/__/lib/PicoDVI/software/libdvi/dvi_timing.c.obj
                0x101091dc                dvi_setup_scanline_for_active
 .text.tmds_encode_symbols
                0x101093b8      0x158 CMakeFiles/oric.dir/__/__/lib/PicoDVI/software/libdvi/tmds_encode.c.obj
 .text.tmds_setup_palette24_symbols
                0x10109510       0x70 CMakeFiles/oric.dir/__/__/lib/PicoDVI/software/libdvi/tmds_encode.c.obj
                0x10109510                tmds_setup_palette24_symbols
 .text.dma_claim_unused_channel
                0x10109580       0x24 CMakeFiles/oric.dir/__/__/lib/pico-sdk/src/rp2_common/hardware_dma/dma.c.obj
                0x10109580                dma_claim_unused_channel
 .text.pio_sm_claim
                0x101095a4       0x30 CMakeFiles/oric.dir/__/__/lib/pico-sdk/src/rp2_common/hardware_pio/pio.c.obj
                0x101095a4                pio_sm_claim
 .text.pio_add_program
                0x101095d4       0xec CMakeFiles/oric.dir/__/__/lib/pico-sdk/src/rp2_common/hardware_pio/pio.c.obj
                0x101095d4                pio_add_program
 .text.pio_sm_set_pins_with_mask
                0x101096c0       0xa8 CMakeFiles/oric.dir/__/__/lib/pico-sdk/src/rp2_common/hardware_pio/pio.c.obj
                0x101096c0                pio_sm_set_pins_with_mask
 .text.pio_sm_set_pindirs_with_mask
                0x10109768       0xa8 CMakeFiles/oric.dir/__/__/lib/pico-sdk/src/rp2_common/hardware_pio/pio.c.obj
                0x10109768                pio_sm_set_pindirs_with_mask
 .text.pio_sm_init
                0x10109810       0x98 CMakeFiles/oric.dir/__/__/lib/pico-sdk/src/rp2_common/hardware_pio/pio.c.obj
                0x10109810                pio_sm_init
 .text.hcd_rp2040_irq
                0x101098a8      0x370 CMakeFiles/oric.dir/__/__/lib/tinyusb/src/portable/raspberrypi/rp2040/hcd_rp2040.c.obj
 .text.hcd_init
                0x10109c18       0x54 CMakeFiles/oric.dir/__/__/lib/tinyusb/src/portable/raspberrypi/rp2040/hcd_rp2040.c.obj
                0x10109c18                hcd_init
 .text.hcd_port_reset
                0x10109c6c        0x4 CMakeFiles/oric.dir/__/__/lib/tinyusb/src/portable/raspberrypi/rp2040/hcd_rp2040.c.obj
                0x10109c6c                hcd_port_reset
 .text.hcd_port_reset_end
                0x10109c70        0x4 CMakeFiles/oric.dir/__/__/lib/tinyusb/src/portable/raspberrypi/rp2040/hcd_rp2040.c.obj
                0x10109c70                hcd_port_reset_end
 .text.hcd_port_connect_status
                0x10109c74       0x18 CMakeFiles/oric.dir/__/__/lib/tinyusb/src/portable/raspberrypi/rp2040/hcd_rp2040.c.obj
                0x10109c74                hcd_port_connect_status
 .text.hcd_port_speed_get
                0x10109c8c       0x24 CMakeFiles/oric.dir/__/__/lib/tinyusb/src/portable/raspberrypi/rp2040/hcd_rp2040.c.obj
                0x10109c8c                hcd_port_speed_get
 .text.hcd_device_close
                0x10109cb0      0x470 CMakeFiles/oric.dir/__/__/lib/tinyusb/src/portable/raspberrypi/rp2040/hcd_rp2040.c.obj
                0x10109cb0                hcd_device_close
 .text.hcd_int_enable
                0x1010a120        0xc CMakeFiles/oric.dir/__/__/lib/tinyusb/src/portable/raspberrypi/rp2040/hcd_rp2040.c.obj
                0x1010a120                hcd_int_enable
 .text.hcd_edpt_open
                0x1010a12c      0x234 CMakeFiles/oric.dir/__/__/lib/tinyusb/src/portable/raspberrypi/rp2040/hcd_rp2040.c.obj
                0x1010a12c                hcd_edpt_open
 .text.hcd_edpt_xfer
                0x1010a360      0x358 CMakeFiles/oric.dir/__/__/lib/tinyusb/src/portable/raspberrypi/rp2040/hcd_rp2040.c.obj
                0x1010a360                hcd_edpt_xfer
 .text.hcd_setup_send
                0x1010a6b8       0xbc CMakeFiles/oric.dir/__/__/lib/tinyusb/src/portable/raspberrypi/rp2040/hcd_rp2040.c.obj
                0x1010a6b8                hcd_setup_send
 .text._hw_endpoint_buffer_control_update32.part.0.isra.0
                0x1010a774       0x1c CMakeFiles/oric.dir/__/__/lib/tinyusb/src/portable/raspberrypi/rp2040/rp2040_usb.c.obj
 .text.rp2040_usb_init
                0x1010a790       0x4c CMakeFiles/oric.dir/__/__/lib/tinyusb/src/portable/raspberrypi/rp2040/rp2040_usb.c.obj
                0x1010a790                rp2040_usb_init
 .text.hw_endpoint_reset_transfer
                0x1010a7dc        0xc CMakeFiles/oric.dir/__/__/lib/tinyusb/src/portable/raspberrypi/rp2040/rp2040_usb.c.obj
                0x1010a7dc                hw_endpoint_reset_transfer
 .text.hw_endpoint_start_next_buffer
                0x1010a7e8      0x120 CMakeFiles/oric.dir/__/__/lib/tinyusb/src/portable/raspberrypi/rp2040/rp2040_usb.c.obj
                0x1010a7e8                hw_endpoint_start_next_buffer
 .text.hw_endpoint_xfer_start
                0x1010a908      0x12c CMakeFiles/oric.dir/__/__/lib/tinyusb/src/portable/raspberrypi/rp2040/rp2040_usb.c.obj
                0x1010a908                hw_endpoint_xfer_start
 .text.hw_endpoint_xfer_continue
                0x1010aa34       0xbc CMakeFiles/oric.dir/__/__/lib/tinyusb/src/portable/raspberrypi/rp2040/rp2040_usb.c.obj
                0x1010aa34                hw_endpoint_xfer_continue
 .text._control_blocking_complete_cb
                0x1010aaf0        0x8 CMakeFiles/oric.dir/__/__/lib/tinyusb/src/host/usbh.c.obj
 .text.usbh_control_xfer_cb.isra.0
                0x1010aaf8      0x15c CMakeFiles/oric.dir/__/__/lib/tinyusb/src/host/usbh.c.obj
 .text.tuh_vid_pid_get
                0x1010ac54       0x38 CMakeFiles/oric.dir/__/__/lib/tinyusb/src/host/usbh.c.obj
                0x1010ac54                tuh_vid_pid_get
 .text.tuh_speed_get
                0x1010ac8c       0x24 CMakeFiles/oric.dir/__/__/lib/tinyusb/src/host/usbh.c.obj
                0x1010ac8c                tuh_speed_get
 .text.tuh_init
                0x1010acb0      0x128 CMakeFiles/oric.dir/__/__/lib/tinyusb/src/host/usbh.c.obj
                0x1010acb0                tuh_init
 .text.tuh_control_xfer
                0x1010add8      0x11c CMakeFiles/oric.dir/__/__/lib/tinyusb/src/host/usbh.c.obj
                0x1010add8                tuh_control_xfer
 .text.tuh_task_ext.part.0
                0x1010aef4      0x3d8 CMakeFiles/oric.dir/__/__/lib/tinyusb/src/host/usbh.c.obj
 .text.tuh_task_ext
                0x1010b2cc       0x14 CMakeFiles/oric.dir/__/__/lib/tinyusb/src/host/usbh.c.obj
                0x1010b2cc                tuh_task_ext
 .text.process_enumeration
                0x1010b2e0      0x5f8 CMakeFiles/oric.dir/__/__/lib/tinyusb/src/host/usbh.c.obj
 .text.usbh_get_rhport
                0x1010b8d8       0x20 CMakeFiles/oric.dir/__/__/lib/tinyusb/src/host/usbh.c.obj
                0x1010b8d8                usbh_get_rhport
 .text.usbh_get_enum_buf
                0x1010b8f8        0x8 CMakeFiles/oric.dir/__/__/lib/tinyusb/src/host/usbh.c.obj
                0x1010b8f8                usbh_get_enum_buf
 .text.usbh_edpt_claim
                0x1010b900       0x48 CMakeFiles/oric.dir/__/__/lib/tinyusb/src/host/usbh.c.obj
                0x1010b900                usbh_edpt_claim
 .text.usbh_edpt_release
                0x1010b948       0x48 CMakeFiles/oric.dir/__/__/lib/tinyusb/src/host/usbh.c.obj
                0x1010b948                usbh_edpt_release
 .text.usbh_edpt_xfer_with_callback
                0x1010b990       0x70 CMakeFiles/oric.dir/__/__/lib/tinyusb/src/host/usbh.c.obj
                0x1010b990                usbh_edpt_xfer_with_callback
 .text.tuh_edpt_open
                0x1010ba00       0x4c CMakeFiles/oric.dir/__/__/lib/tinyusb/src/host/usbh.c.obj
                0x1010ba00                tuh_edpt_open
 .text.tuh_descriptor_get_hid_report
                0x1010ba4c      0x120 CMakeFiles/oric.dir/__/__/lib/tinyusb/src/host/usbh.c.obj
                0x1010ba4c                tuh_descriptor_get_hid_report
 .text.usbh_driver_set_config_complete
                0x1010bb6c      0x1a4 CMakeFiles/oric.dir/__/__/lib/tinyusb/src/host/usbh.c.obj
                0x1010bb6c                usbh_driver_set_config_complete
 .text.connection_port_reset_complete
                0x1010bd10       0x34 CMakeFiles/oric.dir/__/__/lib/tinyusb/src/host/hub.c.obj
 .text.hub_clear_feature_complete_stub
                0x1010bd44       0x2c CMakeFiles/oric.dir/__/__/lib/tinyusb/src/host/hub.c.obj
 .text.config_set_port_power
                0x1010bd70       0x54 CMakeFiles/oric.dir/__/__/lib/tinyusb/src/host/hub.c.obj
 .text.config_port_power_complete
                0x1010bdc4       0x8c CMakeFiles/oric.dir/__/__/lib/tinyusb/src/host/hub.c.obj
 .text.connection_clear_conn_change_complete
                0x1010be50       0x90 CMakeFiles/oric.dir/__/__/lib/tinyusb/src/host/hub.c.obj
 .text.hub_get_status_complete
                0x1010bee0       0x8c CMakeFiles/oric.dir/__/__/lib/tinyusb/src/host/hub.c.obj
 .text.hub_port_get_status_complete
                0x1010bf6c      0x184 CMakeFiles/oric.dir/__/__/lib/tinyusb/src/host/hub.c.obj
 .text.hub_port_clear_feature
                0x1010c0f0       0x48 CMakeFiles/oric.dir/__/__/lib/tinyusb/src/host/hub.c.obj
                0x1010c0f0                hub_port_clear_feature
 .text.hub_port_get_status
                0x1010c138       0x54 CMakeFiles/oric.dir/__/__/lib/tinyusb/src/host/hub.c.obj
                0x1010c138                hub_port_get_status
 .text.hub_init
                0x1010c18c       0x14 CMakeFiles/oric.dir/__/__/lib/tinyusb/src/host/hub.c.obj
                0x1010c18c                hub_init
 .text.hub_open
                0x1010c1a0       0x54 CMakeFiles/oric.dir/__/__/lib/tinyusb/src/host/hub.c.obj
                0x1010c1a0                hub_open
 .text.hub_close
                0x1010c1f4       0x24 CMakeFiles/oric.dir/__/__/lib/tinyusb/src/host/hub.c.obj
                0x1010c1f4                hub_close
 .text.hub_edpt_status_xfer
                0x1010c218       0x28 CMakeFiles/oric.dir/__/__/lib/tinyusb/src/host/hub.c.obj
                0x1010c218                hub_edpt_status_xfer
 .text.hub_set_config
                0x1010c240       0x54 CMakeFiles/oric.dir/__/__/lib/tinyusb/src/host/hub.c.obj
                0x1010c240                hub_set_config
 .text.hub_xfer_cb
                0x1010c294      0x118 CMakeFiles/oric.dir/__/__/lib/tinyusb/src/host/hub.c.obj
                0x1010c294                hub_xfer_cb
 .text.process_set_config
                0x1010c3ac      0x1c4 CMakeFiles/oric.dir/__/__/lib/tinyusb/src/class/hid/hid_host.c.obj
 .text.tuh_hid_interface_protocol
                0x1010c570       0x2c CMakeFiles/oric.dir/__/__/lib/tinyusb/src/class/hid/hid_host.c.obj
                0x1010c570                tuh_hid_interface_protocol
 .text.tuh_hid_receive_report
                0x1010c59c       0x54 CMakeFiles/oric.dir/__/__/lib/tinyusb/src/class/hid/hid_host.c.obj
                0x1010c59c                tuh_hid_receive_report
 .text.hidh_init
                0x1010c5f0       0x14 CMakeFiles/oric.dir/__/__/lib/tinyusb/src/class/hid/hid_host.c.obj
                0x1010c5f0                hidh_init
 .text.hidh_xfer_cb
                0x1010c604       0xd0 CMakeFiles/oric.dir/__/__/lib/tinyusb/src/class/hid/hid_host.c.obj
                0x1010c604                hidh_xfer_cb
 .text.hidh_close
                0x1010c6d4       0xa0 CMakeFiles/oric.dir/__/__/lib/tinyusb/src/class/hid/hid_host.c.obj
                0x1010c6d4                hidh_close
 .text.hidh_open
                0x1010c774      0x118 CMakeFiles/oric.dir/__/__/lib/tinyusb/src/class/hid/hid_host.c.obj
                0x1010c774                hidh_open
 .text.hidh_set_config
                0x1010c88c       0xac CMakeFiles/oric.dir/__/__/lib/tinyusb/src/class/hid/hid_host.c.obj
                0x1010c88c                hidh_set_config
 .text.config_read_capacity_complete
                0x1010c938       0x74 CMakeFiles/oric.dir/__/__/lib/tinyusb/src/class/msc/msc_host.c.obj
 .text.config_get_maxlun_complete
                0x1010c9ac       0xac CMakeFiles/oric.dir/__/__/lib/tinyusb/src/class/msc/msc_host.c.obj
 .text.config_request_sense_complete
                0x1010ca58       0xc0 CMakeFiles/oric.dir/__/__/lib/tinyusb/src/class/msc/msc_host.c.obj
 .text.config_test_unit_ready_complete
                0x1010cb18      0x18c CMakeFiles/oric.dir/__/__/lib/tinyusb/src/class/msc/msc_host.c.obj
 .text.msch_init
                0x1010cca4       0x14 CMakeFiles/oric.dir/__/__/lib/tinyusb/src/class/msc/msc_host.c.obj
                0x1010cca4                msch_init
 .text.msch_close
                0x1010ccb8       0x40 CMakeFiles/oric.dir/__/__/lib/tinyusb/src/class/msc/msc_host.c.obj
                0x1010ccb8                msch_close
 .text.msch_xfer_cb
                0x1010ccf8       0xd8 CMakeFiles/oric.dir/__/__/lib/tinyusb/src/class/msc/msc_host.c.obj
                0x1010ccf8                msch_xfer_cb
 .text.msch_open
                0x1010cdd0       0xb8 CMakeFiles/oric.dir/__/__/lib/tinyusb/src/class/msc/msc_host.c.obj
                0x1010cdd0                msch_open
 .text.msch_set_config
                0x1010ce88       0x5c CMakeFiles/oric.dir/__/__/lib/tinyusb/src/class/msc/msc_host.c.obj
                0x1010ce88                msch_set_config
 .text.tusb_init
                0x1010cee4        0xc CMakeFiles/oric.dir/__/__/lib/tinyusb/src/tusb.c.obj
                0x1010cee4                tusb_init
 .text.tu_edpt_claim
                0x1010cef0       0x50 CMakeFiles/oric.dir/__/__/lib/tinyusb/src/tusb.c.obj
                0x1010cef0                tu_edpt_claim
 .text.tu_edpt_release
                0x1010cf40       0x38 CMakeFiles/oric.dir/__/__/lib/tinyusb/src/tusb.c.obj
                0x1010cf40                tu_edpt_release
 .text.tu_edpt_validate
                0x1010cf78       0x7c CMakeFiles/oric.dir/__/__/lib/tinyusb/src/tusb.c.obj
                0x1010cf78                tu_edpt_validate
 .text.tu_edpt_bind_driver
                0x1010cff4       0x34 CMakeFiles/oric.dir/__/__/lib/tinyusb/src/tusb.c.obj
                0x1010cff4                tu_edpt_bind_driver
 .text.tu_desc_get_interface_total_len
                0x1010d028       0x4c CMakeFiles/oric.dir/__/__/lib/tinyusb/src/tusb.c.obj
                0x1010d028                tu_desc_get_interface_total_len
 .text.tu_fifo_empty
                0x1010d074       0x10 CMakeFiles/oric.dir/__/__/lib/tinyusb/src/common/tusb_fifo.c.obj
                0x1010d074                tu_fifo_empty
 .text.tu_fifo_read
                0x1010d084       0x9c CMakeFiles/oric.dir/__/__/lib/tinyusb/src/common/tusb_fifo.c.obj
                0x1010d084                tu_fifo_read
 .text.tu_fifo_write
                0x1010d120       0xa4 CMakeFiles/oric.dir/__/__/lib/tinyusb/src/common/tusb_fifo.c.obj
                0x1010d120                tu_fifo_write
 .text.tu_fifo_clear
                0x1010d1c4       0x40 CMakeFiles/oric.dir/__/__/lib/tinyusb/src/common/tusb_fifo.c.obj
                0x1010d1c4                tu_fifo_clear
 .text          0x1010d204       0x5c /usr/lib/gcc/arm-none-eabi/14.2.1/../../../arm-none-eabi/lib/thumb/v6-m/nofp/libc.a(libc_a-strlen-stub.o)
                0x1010d204                strlen
 .text          0x1010d260       0x28 /usr/lib/gcc/arm-none-eabi/14.2.1/../../../arm-none-eabi/lib/thumb/v6-m/nofp/libc.a(libc_a-fini.o)
                0x1010d260                __libc_fini_array
 .text          0x1010d288       0x18 /usr/lib/gcc/arm-none-eabi/14.2.1/../../../arm-none-eabi/lib/thumb/v6-m/nofp/libc.a(libc_a-calloc.o)
                0x1010d288                calloc
 .text          0x1010d2a0       0xa8 /usr/lib/gcc/arm-none-eabi/14.2.1/../../../arm-none-eabi/lib/thumb/v6-m/nofp/libc.a(libc_a-callocr.o)
                0x1010d2a0                _calloc_r
 .text          0x1010d348      0x5b0 /usr/lib/gcc/arm-none-eabi/14.2.1/../../../arm-none-eabi/lib/thumb/v6-m/nofp/libc.a(libc_a-mallocr.o)
                0x1010d348                _malloc_r
 .text          0x1010d8f8      0x288 /usr/lib/gcc/arm-none-eabi/14.2.1/../../../arm-none-eabi/lib/thumb/v6-m/nofp/libc.a(libc_a-freer.o)
                0x1010d8f8                _malloc_trim_r
                0x1010d9ac                _free_r
 .text          0x1010db80        0xc /usr/lib/gcc/arm-none-eabi/14.2.1/../../../arm-none-eabi/lib/thumb/v6-m/nofp/libc.a(libc_a-errno.o)
                0x1010db80                __errno
 .text          0x1010db8c       0x28 /usr/lib/gcc/arm-none-eabi/14.2.1/../../../arm-none-eabi/lib/thumb/v6-m/nofp/libc.a(libc_a-malloc.o)
                0x1010db8c                malloc
                0x1010dba0                free
 .text          0x1010dbb4        0x8 /usr/lib/gcc/arm-none-eabi/14.2.1/../../../arm-none-eabi/lib/thumb/v6-m/nofp/libc.a(libc_a-mlock.o)
                0x1010dbb4                __malloc_lock
                0x1010dbb8                __malloc_unlock
 .text          0x1010dbbc       0x24 /usr/lib/gcc/arm-none-eabi/14.2.1/../../../arm-none-eabi/lib/thumb/v6-m/nofp/libc.a(libc_a-sbrkr.o)
                0x1010dbbc                _sbrk_r
 .text          0x1010dbe0       0x10 /usr/lib/gcc/arm-none-eabi/14.2.1/../../../arm-none-eabi/lib/thumb/v6-m/nofp/libc.a(libc_a-atexit.o)
                0x1010dbe0                atexit
 .text          0x1010dbf0       0x1c /usr/lib/gcc/arm-none-eabi/14.2.1/../../../arm-none-eabi/lib/thumb/v6-m/nofp/libc.a(libc_a-sysconf.o)
                0x1010dbf0                sysconf
 .text          0x1010dc0c       0x78 /usr/lib/gcc/arm-none-eabi/14.2.1/../../../arm-none-eabi/lib/thumb/v6-m/nofp/libc.a(libc_a-__atexit.o)
                0x1010dc0c                __register_exitproc
 .text.startup  0x1010dc84       0x18 /usr/lib/gcc/arm-none-eabi/14.2.1/../../../arm-none-eabi/lib/thumb/v6-m/nofp/libc.a(libc_a-__call_atexit.o)
 *(.fini)
 .fini          0x1010dc9c        0x4 /usr/lib/gcc/arm-none-eabi/14.2.1/thumb/v6-m/nofp/crti.o
                0x1010dc9c                _fini
 .fini.__stub   0x1010dca0       0x80 linker stubs
 *crtbegin.o(.ctors)
 *crtbegin?.o(.ctors)
 *(EXCLUDE_FILE(*crtend.o *crtend?.o) .ctors)
 *(SORT_BY_NAME(.ctors.*))
 *(.ctors)
 *crtbegin.o(.dtors)
 *crtbegin?.o(.dtors)
 *(EXCLUDE_FILE(*crtend.o *crtend?.o) .dtors)
 *(SORT_BY_NAME(.dtors.*))
 *(.dtors)
 *(.eh_frame*)
 .eh_frame      0x1010dd20        0x0 /usr/lib/gcc/arm-none-eabi/14.2.1/thumb/v6-m/nofp/crtbegin.o
                0x1010dd20                        . = ALIGN (0x4)

.glue_7         0x1010dd20        0x0
 .glue_7        0x1010dd20        0x0 linker stubs

.glue_7t        0x1010dd20        0x0
 .glue_7t       0x1010dd20        0x0 linker stubs

.vfp11_veneer   0x1010dd20        0x0
 .vfp11_veneer  0x1010dd20        0x0 linker stubs

.v4_bx          0x1010dd20        0x0
 .v4_bx         0x1010dd20        0x0 linker stubs

.iplt           0x1010dd20        0x0
 .iplt          0x1010dd20        0x0 /usr/lib/gcc/arm-none-eabi/14.2.1/thumb/v6-m/nofp/crtbegin.o

.rodata         0x1010dd20      0xb9c
 *(EXCLUDE_FILE(*libm.a: *libc.a:*lib_a-mem*.o *libgcc.a:) .rodata*)
 .rodata.mos6522via_read
                0x1010dd20       0x40 CMakeFiles/oric.dir/src/oric.c.obj
 .rodata.mos6522via_write
                0x1010dd60       0x40 CMakeFiles/oric.dir/src/oric.c.obj
 .rodata.disk2_fdd_write_byte.str1.4
                0x1010dda0      0x399 CMakeFiles/oric.dir/src/oric.c.obj
                                 0x2c (size before relaxing)
 *fill*         0x1010e139        0x3 
 .rodata.disk2_fdc_write_byte
                0x1010e13c       0x20 CMakeFiles/oric.dir/src/oric.c.obj
 .rodata._oric_mem_rw
                0x1010e15c       0x20 CMakeFiles/oric.dir/src/oric.c.obj
 .rodata.oric_init.str1.4
                0x1010e17c       0x81 CMakeFiles/oric.dir/src/oric.c.obj
 .rodata.oric_tick.str1.4
                0x1010e17c       0x20 CMakeFiles/oric.dir/src/oric.c.obj
 .rodata.main.str1.4
                0x1010e17c       0x52 CMakeFiles/oric.dir/src/oric.c.obj
 .rodata.oric_palette
                0x1010e17c       0x20 CMakeFiles/oric.dir/src/oric.c.obj
 .rodata._ay38910psg_shapes
                0x1010e19c      0x200 CMakeFiles/oric.dir/src/oric.c.obj
 .rodata._ay38910psg_volumes
                0x1010e39c       0x40 CMakeFiles/oric.dir/src/oric.c.obj
 .rodata._ay38910psg_reg_mask
                0x1010e3dc       0x10 CMakeFiles/oric.dir/src/oric.c.obj
 .rodata.tuh_hid_mount_cb.str1.4
                0x1010e3ec       0x28 CMakeFiles/oric.dir/__/__/src/hid_app.c.obj
 .rodata.CSWTCH.19
                0x1010e3ec        0xc CMakeFiles/oric.dir/__/__/src/hid_app.c.obj
 .rodata.keycode_to_ascii_table
                0x1010e3f8      0x100 CMakeFiles/oric.dir/__/__/src/hid_app.c.obj
                0x1010e3f8                keycode_to_ascii_table
 .rodata.spin_lock_claim_unused.str1.4
                0x1010e4f8       0x1b CMakeFiles/oric.dir/__/__/lib/pico-sdk/src/rp2_common/hardware_sync/sync.c.obj
 .rodata.hardware_alarm_claim.str1.4
                0x1010e4f8       0x22 CMakeFiles/oric.dir/__/__/lib/pico-sdk/src/rp2_common/hardware_timer/timer.c.obj
 .rodata.panic.str1.4
                0x1010e4f8       0x12 CMakeFiles/oric.dir/__/__/lib/pico-sdk/src/rp2_common/pico_runtime/runtime.c.obj
 .rodata.hard_assertion_failure.str1.4
                0x1010e4f8        0xc CMakeFiles/oric.dir/__/__/lib/pico-sdk/src/rp2_common/pico_runtime/runtime.c.obj
 .rodata._ftoa.str1.4
                0x1010e4f8       0x15 CMakeFiles/oric.dir/__/__/lib/pico-sdk/src/rp2_common/pico_printf/printf.c.obj
 .rodata._vsnprintf
                0x1010e4f8      0x19c CMakeFiles/oric.dir/__/__/lib/pico-sdk/src/rp2_common/pico_printf/printf.c.obj
 *fill*         0x1010e694        0x4 
 .rodata.pow10.0
                0x1010e698       0x50 CMakeFiles/oric.dir/__/__/lib/pico-sdk/src/rp2_common/pico_printf/printf.c.obj
 .rodata.__wrap_malloc.str1.4
                0x1010e6e8        0xe CMakeFiles/oric.dir/__/__/lib/pico-sdk/src/rp2_common/pico_malloc/pico_malloc.c.obj
 .rodata.str1.4
                0x1010e6e8       0x48 CMakeFiles/oric.dir/__/__/lib/pico-sdk/src/rp2_common/pico_standard_link/binary_info.c.obj
 .rodata.__bi_81
                0x1010e6e8        0xc CMakeFiles/oric.dir/__/__/lib/pico-sdk/src/rp2_common/pico_standard_link/binary_info.c.obj
 .rodata.__bi_75
                0x1010e6f4        0xc CMakeFiles/oric.dir/__/__/lib/pico-sdk/src/rp2_common/pico_standard_link/binary_info.c.obj
 .rodata.__bi_44
                0x1010e700        0xc CMakeFiles/oric.dir/__/__/lib/pico-sdk/src/rp2_common/pico_standard_link/binary_info.c.obj
 .rodata.crlf_str.0
                0x1010e70c        0x2 CMakeFiles/oric.dir/__/__/lib/pico-sdk/src/rp2_common/pico_stdio/stdio.c.obj
 .rodata.str1.4
                0x1010e70e       0x2c CMakeFiles/oric.dir/__/__/lib/pico-sdk/src/rp2_common/pico_stdio_uart/stdio_uart.c.obj
 *fill*         0x1010e70e        0x2 
 .rodata.__bi_33.4
                0x1010e710        0xc CMakeFiles/oric.dir/__/__/lib/pico-sdk/src/rp2_common/pico_stdio_uart/stdio_uart.c.obj
 .rodata.__bi_34.5
                0x1010e71c        0x8 CMakeFiles/oric.dir/__/__/lib/pico-sdk/src/rp2_common/pico_stdio_uart/stdio_uart.c.obj
 .rodata.str1.4
                0x1010e724       0x1d CMakeFiles/oric.dir/__/__/lib/PicoDVI/software/libdvi/dvi.c.obj
 .rodata.dvi_init.str1.4
                0x1010e724       0x1e CMakeFiles/oric.dir/__/__/lib/PicoDVI/software/libdvi/dvi.c.obj
 .rodata.dvi_serialiser_program
                0x1010e724        0x6 CMakeFiles/oric.dir/__/__/lib/PicoDVI/software/libdvi/dvi_serialiser.c.obj
 *fill*         0x1010e72a        0x2 
 .rodata.dvi_serialiser_program_instructions
                0x1010e72c        0x4 CMakeFiles/oric.dir/__/__/lib/PicoDVI/software/libdvi/dvi_serialiser.c.obj
 .rodata.imbalance_lookup
                0x1010e730       0x10 CMakeFiles/oric.dir/__/__/lib/PicoDVI/software/libdvi/tmds_encode.c.obj
 .rodata.dma_claim_unused_channel.str1.4
                0x1010e740       0x1e CMakeFiles/oric.dir/__/__/lib/pico-sdk/src/rp2_common/hardware_dma/dma.c.obj
 .rodata.pio_sm_claim.str1.4
                0x1010e740       0x40 CMakeFiles/oric.dir/__/__/lib/pico-sdk/src/rp2_common/hardware_pio/pio.c.obj
 .rodata.pio_add_program.str1.4
                0x1010e740       0x11 CMakeFiles/oric.dir/__/__/lib/pico-sdk/src/rp2_common/hardware_pio/pio.c.obj
 .rodata.hcd_rp2040_irq.str1.4
                0x1010e740       0x40 CMakeFiles/oric.dir/__/__/lib/tinyusb/src/portable/raspberrypi/rp2040/hcd_rp2040.c.obj
 .rodata.hcd_port_speed_get.str1.4
                0x1010e740        0xf CMakeFiles/oric.dir/__/__/lib/tinyusb/src/portable/raspberrypi/rp2040/hcd_rp2040.c.obj
 .rodata._hw_endpoint_buffer_control_update32.part.0.isra.0.str1.4
                0x1010e740       0x1f CMakeFiles/oric.dir/__/__/lib/tinyusb/src/portable/raspberrypi/rp2040/rp2040_usb.c.obj
 .rodata.hw_endpoint_xfer_continue.str1.4
                0x1010e740       0x29 CMakeFiles/oric.dir/__/__/lib/tinyusb/src/portable/raspberrypi/rp2040/rp2040_usb.c.obj
 .rodata.str1.4
                0x1010e740        0x7 CMakeFiles/oric.dir/__/__/lib/tinyusb/src/portable/raspberrypi/rp2040/rp2040_usb.c.obj
 .rodata.process_enumeration
                0x1010e740       0x34 CMakeFiles/oric.dir/__/__/lib/tinyusb/src/host/usbh.c.obj
 .rodata.usbh_class_drivers
                0x1010e774       0x3c CMakeFiles/oric.dir/__/__/lib/tinyusb/src/host/usbh.c.obj
 .rodata        0x1010e7b0        0x8 CMakeFiles/oric.dir/__/__/lib/tinyusb/src/host/hub.c.obj
 .rodata        0x1010e7b8      0x101 /usr/lib/gcc/arm-none-eabi/14.2.1/../../../arm-none-eabi/lib/thumb/v6-m/nofp/libc.a(libc_a-ctype_.o)
                0x1010e7b8                _ctype_
                0x1010e8bc                        . = ALIGN (0x4)
 *fill*         0x1010e8b9        0x3 
 *(SORT_BY_ALIGNMENT(SORT_BY_NAME(.flashdata*)))
                0x1010e8bc                        . = ALIGN (0x4)

.ARM.extab
 *(.ARM.extab* .gnu.linkonce.armextab.*)
                0x1010e8bc                        __exidx_start = .

.ARM.exidx
 *(.ARM.exidx* .gnu.linkonce.armexidx.*)
                0x1010e8bc                        __exidx_end = .
                0x1010e8bc                        . = ALIGN (0x4)
                0x1010e8bc                        __binary_info_start = .

.binary_info    0x1010e8bc       0x24
 *(.binary_info.keep.*)
 .binary_info.keep.__bi_ptr81
                0x1010e8bc        0x4 CMakeFiles/oric.dir/__/__/lib/pico-sdk/src/rp2_common/pico_standard_link/binary_info.c.obj
 .binary_info.keep.__bi_ptr75
                0x1010e8c0        0x4 CMakeFiles/oric.dir/__/__/lib/pico-sdk/src/rp2_common/pico_standard_link/binary_info.c.obj
 .binary_info.keep.__bi_ptr50
                0x1010e8c4        0x4 CMakeFiles/oric.dir/__/__/lib/pico-sdk/src/rp2_common/pico_standard_link/binary_info.c.obj
 .binary_info.keep.__bi_ptr44
                0x1010e8c8        0x4 CMakeFiles/oric.dir/__/__/lib/pico-sdk/src/rp2_common/pico_standard_link/binary_info.c.obj
 .binary_info.keep.__bi_ptr38
                0x1010e8cc        0x4 CMakeFiles/oric.dir/__/__/lib/pico-sdk/src/rp2_common/pico_standard_link/binary_info.c.obj
 .binary_info.keep.__bi_ptr30
                0x1010e8d0        0x4 CMakeFiles/oric.dir/__/__/lib/pico-sdk/src/rp2_common/pico_standard_link/binary_info.c.obj
 .binary_info.keep.__bi_ptr22
                0x1010e8d4        0x4 CMakeFiles/oric.dir/__/__/lib/pico-sdk/src/rp2_common/pico_standard_link/binary_info.c.obj
 *(.binary_info.*)
 .binary_info.__bi_ptr34
                0x1010e8d8        0x4 CMakeFiles/oric.dir/__/__/lib/pico-sdk/src/rp2_common/pico_stdio_uart/stdio_uart.c.obj
 .binary_info.__bi_ptr33
                0x1010e8dc        0x4 CMakeFiles/oric.dir/__/__/lib/pico-sdk/src/rp2_common/pico_stdio_uart/stdio_uart.c.obj
                0x1010e8e0                        __binary_info_end = .
                0x1010e8e0                        . = ALIGN (0x4)

.ram_vector_table
                0x20000000       0xc0
 *(.ram_vector_table)
 .ram_vector_table
                0x20000000       0xc0 CMakeFiles/oric.dir/__/__/lib/pico-sdk/src/rp2_common/pico_runtime/runtime.c.obj
                0x20000000                ram_vector_table

.data           0x200000c0    0x1f4d0 load address 0x1010e8e0
                0x200000c0                        __data_start__ = .
 *(vtable)
 *(.time_critical*)
 .time_critical.core1_main()
                0x200000c0      0x7c8 CMakeFiles/oric.dir/src/oric.c.obj
                0x200000c0                core1_main
 .time_critical.
                0x20000888    0x1d488 CMakeFiles/oric.dir/src/oric.c.obj
                0x20000888                scanbuf
                0x20000ba8                empty_tmdsbuf
                0x20001e68                tmds_palette
                0x20001f28                state
                0x20019b10                oric_fdc_rom
                0x20019d10                oric_rom
 .time_critical.audio_dma_irq_handler
                0x2001dd10       0xbc CMakeFiles/oric.dir/__/__/src/audio.c.obj
 .time_critical.
                0x2001ddcc      0x830 CMakeFiles/oric.dir/__/__/src/audio.c.obj
 .time_critical.mutex_enter_blocking
                0x2001e5fc       0x44 CMakeFiles/oric.dir/__/__/lib/pico-sdk/src/common/pico_sync/mutex.c.obj
                0x2001e5fc                mutex_enter_blocking
 .time_critical.mutex_try_enter_block_until
                0x2001e640       0x98 CMakeFiles/oric.dir/__/__/lib/pico-sdk/src/common/pico_sync/mutex.c.obj
                0x2001e640                mutex_try_enter_block_until
 .time_critical.mutex_enter_timeout_ms
                0x2001e6d8       0x8c CMakeFiles/oric.dir/__/__/lib/pico-sdk/src/common/pico_sync/mutex.c.obj
                0x2001e6d8                mutex_enter_timeout_ms
 .time_critical.mutex_exit
                0x2001e764       0x28 CMakeFiles/oric.dir/__/__/lib/pico-sdk/src/common/pico_sync/mutex.c.obj
                0x2001e764                mutex_exit
 .time_critical.dvi_dma_irq_handler
                0x2001e78c      0x514 CMakeFiles/oric.dir/__/__/lib/PicoDVI/software/libdvi/dvi.c.obj
 .time_critical.dvi_dma1_irq
                0x2001eca0       0x24 CMakeFiles/oric.dir/__/__/lib/PicoDVI/software/libdvi/dvi.c.obj
 .time_critical.dvi_dma0_irq
                0x2001ecc4       0x24 CMakeFiles/oric.dir/__/__/lib/PicoDVI/software/libdvi/dvi.c.obj
 .time_critical.dvi_timing_state_advance
                0x2001ece8       0x44 CMakeFiles/oric.dir/__/__/lib/PicoDVI/software/libdvi/dvi_timing.c.obj
                0x2001ece8                dvi_timing_state_advance
 .time_critical.dvi_update_scanline_data_dma
                0x2001ed2c       0x14 CMakeFiles/oric.dir/__/__/lib/PicoDVI/software/libdvi/dvi_timing.c.obj
                0x2001ed2c                dvi_update_scanline_data_dma
 .time_critical.empty_scanline_tmds
                0x2001ed40        0xc CMakeFiles/oric.dir/__/__/lib/PicoDVI/software/libdvi/dvi_timing.c.obj
 .time_critical.dvi_ctrl_syms
                0x2001ed4c       0x10 CMakeFiles/oric.dir/__/__/lib/PicoDVI/software/libdvi/dvi_timing.c.obj
                0x2001ed4c                dvi_ctrl_syms
 .time_critical.dvi_timing_800x480p_60hz
                0x2001ed5c       0x2c CMakeFiles/oric.dir/__/__/lib/PicoDVI/software/libdvi/dvi_timing.c.obj
                0x2001ed5c                dvi_timing_800x480p_60hz
 .time_critical.tmds_encode_palette_data
                0x2001ed88       0xe4 CMakeFiles/oric.dir/__/__/lib/PicoDVI/software/libdvi/tmds_encode.c.obj
                0x2001ed88                tmds_encode_palette_data
 .time_critical.tinyusb
                0x2001ee6c       0x38 CMakeFiles/oric.dir/__/__/lib/tinyusb/src/host/usbh.c.obj
                0x2001ee6c                hcd_event_handler
 *(.text*)
 .text          0x2001eea4        0x4 /usr/lib/gcc/arm-none-eabi/14.2.1/thumb/v6-m/nofp/libgcc.a(_dvmd_tls.o)
                0x2001eea4                __aeabi_ldiv0
                0x2001eea4                __aeabi_idiv0
 .text.__stub   0x2001eea8       0x90 linker stubs
                0x2001ef38                        . = ALIGN (0x4)
 *(.rodata*)
                0x2001ef38                        . = ALIGN (0x4)
 *(.data*)
 .data.single_sample_ptr
                0x2001ef38        0x4 CMakeFiles/oric.dir/__/__/src/audio.c.obj
 .data.striped_spin_lock_num
                0x2001ef3c        0x1 CMakeFiles/oric.dir/__/__/lib/pico-sdk/src/rp2_common/hardware_sync/sync.c.obj
 *fill*         0x2001ef3d        0x3 
 .data          0x2001ef40       0x48 CMakeFiles/oric.dir/__/__/lib/pico-sdk/src/rp2_common/hardware_irq/irq_handler_chain.S.obj
                0x2001ef40                irq_handler_chain_slots
                0x2001ef70                irq_handler_chain_first_slot
                0x2001ef7a                irq_handler_chain_remove_tail
 .data.default_alarm_pool
                0x2001ef88       0x18 CMakeFiles/oric.dir/__/__/lib/pico-sdk/src/common/pico_time/time.c.obj
 .data.default_alarm_pool_heap
                0x2001efa0       0x10 CMakeFiles/oric.dir/__/__/lib/pico-sdk/src/common/pico_time/time.c.obj
 .data.aeabi_bits_funcs
                0x2001efb0       0x10 CMakeFiles/oric.dir/__/__/lib/pico-sdk/src/rp2_common/pico_bit_ops/bit_ops_aeabi.S.obj
                0x2001efb0                aeabi_bits_funcs
                0x2001efc0                aeabi_bits_funcs_end
 .data.aeabi_mem_funcs
                0x2001efc0       0x10 CMakeFiles/oric.dir/__/__/lib/pico-sdk/src/rp2_common/pico_mem_ops/mem_ops_aeabi.S.obj
                0x2001efc0                aeabi_mem_funcs
                0x2001efd0                aeabi_mem_funcs_end
 .data.stdio_uart
                0x2001efd0       0x18 CMakeFiles/oric.dir/__/__/lib/pico-sdk/src/rp2_common/pico_stdio_uart/stdio_uart.c.obj
                0x2001efd0                stdio_uart
 .data.ep_dir_string
                0x2001efe8        0x8 CMakeFiles/oric.dir/__/__/lib/tinyusb/src/portable/raspberrypi/rp2040/rp2040_usb.c.obj
                0x2001efe8                ep_dir_string
 .data._usbh_qdef
                0x2001eff0       0x1c CMakeFiles/oric.dir/__/__/lib/tinyusb/src/host/usbh.c.obj
                0x2001eff0                _usbh_qdef
 .data._usbh_controller
                0x2001f00c        0x1 CMakeFiles/oric.dir/__/__/lib/tinyusb/src/host/usbh.c.obj
 *fill*         0x2001f00d        0x3 
 .data          0x2001f010      0x410 /usr/lib/gcc/arm-none-eabi/14.2.1/../../../arm-none-eabi/lib/thumb/v6-m/nofp/libc.a(libc_a-mallocr.o)
                0x2001f010                __malloc_sbrk_base
                0x2001f014                __malloc_trim_threshold
                0x2001f018                __malloc_av_
 .data          0x2001f420      0x148 /usr/lib/gcc/arm-none-eabi/14.2.1/../../../arm-none-eabi/lib/thumb/v6-m/nofp/libc.a(libc_a-impure.o)
                0x2001f420                _impure_ptr
                0x2001f428                _impure_data
                0x2001f568                        . = ALIGN (0x4)
 *(.after_data.*)
                0x2001f568                        . = ALIGN (0x4)
                0x2001f568                        PROVIDE (__mutex_array_start = .)
 *(SORT_BY_NAME(.mutex_array.*))
 *(.mutex_array)
 .mutex_array   0x2001f568        0x8 CMakeFiles/oric.dir/__/__/lib/pico-sdk/src/rp2_common/pico_malloc/pico_malloc.c.obj
 .mutex_array   0x2001f570        0x8 CMakeFiles/oric.dir/__/__/lib/pico-sdk/src/rp2_common/pico_stdio/stdio.c.obj
                0x2001f578                        PROVIDE (__mutex_array_end = .)
                0x2001f578                        . = ALIGN (0x4)
                0x2001f578                        PROVIDE (__preinit_array_start = .)
 *(SORT_BY_NAME(.preinit_array.*))
 .preinit_array.00001
                0x2001f578        0x4 CMakeFiles/oric.dir/__/__/lib/pico-sdk/src/rp2_common/pico_mem_ops/mem_ops_aeabi.S.obj
 .preinit_array.00010
                0x2001f57c        0x4 CMakeFiles/oric.dir/__/__/lib/pico-sdk/src/rp2_common/pico_bit_ops/bit_ops_aeabi.S.obj
 .preinit_array.00020
                0x2001f580        0x4 CMakeFiles/oric.dir/__/__/lib/pico-sdk/src/rp2_common/pico_double/double_aeabi.S.obj
 .preinit_array.00020
                0x2001f584        0x4 CMakeFiles/oric.dir/__/__/lib/pico-sdk/src/rp2_common/pico_float/float_aeabi.S.obj
 *(.preinit_array)
                0x2001f588                        PROVIDE (__preinit_array_end = .)
                0x2001f588                        . = ALIGN (0x4)
                0x2001f588                        PROVIDE (__init_array_start = .)
 *(SORT_BY_NAME(.init_array.*))
 .init_array.00000
                0x2001f588        0x4 /usr/lib/gcc/arm-none-eabi/14.2.1/../../../arm-none-eabi/lib/thumb/v6-m/nofp/libc.a(libc_a-__call_atexit.o)
 *(.init_array)
 .init_array    0x2001f58c        0x4 /usr/lib/gcc/arm-none-eabi/14.2.1/thumb/v6-m/nofp/crtbegin.o
                0x2001f590                        PROVIDE (__init_array_end = .)
                0x2001f590                        . = ALIGN (0x4)
                0x2001f590                        PROVIDE (__fini_array_start = .)
 *(SORT_BY_NAME(.fini_array.*))
 *(.fini_array)
                0x2001f590                        PROVIDE (__fini_array_end = .)
 *(.jcr)
                0x2001f590                        . = ALIGN (0x4)
                0x2001f590                        __data_end__ = .
                0x1010e8e0                        __etext = LOADADDR (.data)

.tm_clone_table
                0x2001f590        0x0 load address 0x1012ddb0
 .tm_clone_table
                0x2001f590        0x0 /usr/lib/gcc/arm-none-eabi/14.2.1/thumb/v6-m/nofp/crtbegin.o
 .tm_clone_table
                0x2001f590        0x0 /usr/lib/gcc/arm-none-eabi/14.2.1/thumb/v6-m/nofp/crtend.o

.igot.plt       0x2001f590        0x0 load address 0x1012ddb0
 .igot.plt      0x2001f590        0x0 /usr/lib/gcc/arm-none-eabi/14.2.1/thumb/v6-m/nofp/crtbegin.o

.uninitialized_data
                0x2001f590        0x0 load address 0x1012ddb0
                0x2001f590                        . = ALIGN (0x4)
 *(.uninitialized_data*)

.scratch_x      0x20040000      0x6d4 load address 0x1012ddb0
                0x20040000                        __scratch_x_start__ = .
 *(.scratch_x.*)
 .scratch_x.oric_render_scanline_3x
                0x20040000       0x88 CMakeFiles/oric.dir/src/utils.S.obj
                0x20040000                oric_render_scanline_3x
 .scratch_x.copy_tmdsbuf
                0x20040088      0x324 CMakeFiles/oric.dir/src/utils.S.obj
                0x20040088                copy_tmdsbuf
 .scratch_x.tmds_palette_encode_loop_x
                0x200403ac      0x328 CMakeFiles/oric.dir/__/__/lib/PicoDVI/software/libdvi/tmds_encode.S.obj
                0x200403ac                tmds_palette_encode_loop_x
                0x200406d4                        . = ALIGN (0x4)
                0x200406d4                        __scratch_x_end__ = .
                0x1012ddb0                        __scratch_x_source__ = LOADADDR (.scratch_x)

.scratch_y      0x20041000      0x328 load address 0x1012e484
                0x20041000                        __scratch_y_start__ = .
 *(.scratch_y.*)
 .scratch_y.tmds_palette_encode_loop_y
                0x20041000      0x328 CMakeFiles/oric.dir/__/__/lib/PicoDVI/software/libdvi/tmds_encode.S.obj
                0x20041000                tmds_palette_encode_loop_y
                0x20041328                        . = ALIGN (0x4)
                0x20041328                        __scratch_y_end__ = .
                0x1012e484                        __scratch_y_source__ = LOADADDR (.scratch_y)

.rel.dyn        0x20041328        0x0 load address 0x1012e7ac
 .rel.iplt      0x20041328        0x0 /usr/lib/gcc/arm-none-eabi/14.2.1/thumb/v6-m/nofp/crtbegin.o

.bss            0x2001f590     0x3474
                0x2001f590                        . = ALIGN (0x4)
                0x2001f590                        __bss_start__ = .
 *(SORT_BY_ALIGNMENT(SORT_BY_NAME(.bss*)))
 .bss._hidh_itf
                0x2001f590      0x240 CMakeFiles/oric.dir/__/__/lib/tinyusb/src/class/hid/hid_host.c.obj
 .bss.configured_freq
                0x2001f7d0       0x28 CMakeFiles/oric.dir/__/__/lib/pico-sdk/src/rp2_common/hardware_clocks/clocks.c.obj
 .bss.default_alarm_pool_entries
                0x2001f7f8      0x100 CMakeFiles/oric.dir/__/__/lib/pico-sdk/src/common/pico_time/time.c.obj
 .bss.sd_table  0x2001f8f8      0x100 CMakeFiles/oric.dir/__/__/lib/pico-sdk/src/rp2_common/pico_double/double_init_rom.c.obj
                0x2001f8f8                sd_table
 .bss.sf_table  0x2001f9f8      0x100 CMakeFiles/oric.dir/__/__/lib/pico-sdk/src/rp2_common/pico_float/float_init_rom.c.obj
                0x2001f9f8                sf_table
 .bss           0x2001faf8       0x1c /usr/lib/gcc/arm-none-eabi/14.2.1/thumb/v6-m/nofp/crtbegin.o
 .bss           0x2001fb14       0x34 /usr/lib/gcc/arm-none-eabi/14.2.1/../../../arm-none-eabi/lib/thumb/v6-m/nofp/libc.a(libc_a-mallocr.o)
                0x2001fb14                __malloc_top_pad
                0x2001fb18                __malloc_current_mallinfo
                0x2001fb40                __malloc_max_sbrked_mem
                0x2001fb44                __malloc_max_total_mem
 .bss           0x2001fb48      0x13c /usr/lib/gcc/arm-none-eabi/14.2.1/../../../arm-none-eabi/lib/thumb/v6-m/nofp/libc.a(libc_a-findfp.o)
                0x2001fb48                __stdio_exit_handler
                0x2001fb4c                __sf
 .bss           0x2001fc84        0x4 /usr/lib/gcc/arm-none-eabi/14.2.1/../../../arm-none-eabi/lib/thumb/v6-m/nofp/libc.a(libc_a-reent.o)
                0x2001fc84                errno
 .bss           0x2001fc88      0x190 /usr/lib/gcc/arm-none-eabi/14.2.1/../../../arm-none-eabi/lib/thumb/v6-m/nofp/libc.a(libc_a-__atexit.o)
                0x2001fc88                __atexit0
 .bss           0x2001fe18        0x4 /usr/lib/gcc/arm-none-eabi/14.2.1/../../../arm-none-eabi/lib/thumb/v6-m/nofp/libc.a(libc_a-__call_atexit.o)
                0x2001fe18                __atexit
 .bss._app_driver
                0x2001fe1c        0x4 CMakeFiles/oric.dir/__/__/lib/tinyusb/src/host/usbh.c.obj
 .bss._ctrl_xfer
                0x2001fe20       0x18 CMakeFiles/oric.dir/__/__/lib/tinyusb/src/host/usbh.c.obj
                0x2001fe20                _ctrl_xfer
 .bss._dev0     0x2001fe38        0x5 CMakeFiles/oric.dir/__/__/lib/tinyusb/src/host/usbh.c.obj
 *fill*         0x2001fe3d        0x3 
 .bss._hub_buffer
                0x2001fe40        0x9 CMakeFiles/oric.dir/__/__/lib/tinyusb/src/host/hub.c.obj
 *fill*         0x2001fe49        0x3 
 .bss._mem_junk_page
                0x2001fe4c     0x1000 CMakeFiles/oric.dir/src/oric.c.obj
 .bss._mem_unmapped_page
                0x20020e4c     0x1000 CMakeFiles/oric.dir/src/oric.c.obj
 .bss._msch_buffer
                0x20021e4c       0x24 CMakeFiles/oric.dir/__/__/lib/tinyusb/src/class/msc/msc_host.c.obj
 .bss._msch_itf
                0x20021e70      0x208 CMakeFiles/oric.dir/__/__/lib/tinyusb/src/class/msc/msc_host.c.obj
 .bss._usbh_ctrl_buf
                0x20022078      0x100 CMakeFiles/oric.dir/__/__/lib/tinyusb/src/host/usbh.c.obj
 .bss._usbh_devices
                0x20022178      0x204 CMakeFiles/oric.dir/__/__/lib/tinyusb/src/host/usbh.c.obj
 .bss._usbh_mutex
                0x2002237c        0x4 CMakeFiles/oric.dir/__/__/lib/tinyusb/src/host/usbh.c.obj
 .bss._usbh_mutexdef
                0x20022380        0x8 CMakeFiles/oric.dir/__/__/lib/tinyusb/src/host/usbh.c.obj
 .bss._usbh_q   0x20022388        0x4 CMakeFiles/oric.dir/__/__/lib/tinyusb/src/host/usbh.c.obj
 .bss._usbh_qdef_buf
                0x2002238c       0xc0 CMakeFiles/oric.dir/__/__/lib/tinyusb/src/host/usbh.c.obj
                0x2002238c                _usbh_qdef_buf
 .bss._used_instruction_space
                0x2002244c        0x8 CMakeFiles/oric.dir/__/__/lib/pico-sdk/src/rp2_common/hardware_pio/pio.c.obj
 .bss.alarm_callbacks
                0x20022454       0x10 CMakeFiles/oric.dir/__/__/lib/pico-sdk/src/rp2_common/hardware_timer/timer.c.obj
 .bss.chars_available_callback
                0x20022464        0x4 CMakeFiles/oric.dir/__/__/lib/pico-sdk/src/rp2_common/pico_stdio_uart/stdio_uart.c.obj
 .bss.chars_available_param
                0x20022468        0x4 CMakeFiles/oric.dir/__/__/lib/pico-sdk/src/rp2_common/pico_stdio_uart/stdio_uart.c.obj
 .bss.claimed   0x2002246c        0x4 CMakeFiles/oric.dir/__/__/lib/pico-sdk/src/rp2_common/hardware_sync/sync.c.obj
 .bss.default_alarm_pool_entry_ids_high
                0x20022470       0x10 CMakeFiles/oric.dir/__/__/lib/pico-sdk/src/common/pico_time/time.c.obj
 .bss.default_alarm_pool_heap_nodes
                0x20022480       0x30 CMakeFiles/oric.dir/__/__/lib/pico-sdk/src/common/pico_time/time.c.obj
 .bss.dma_irq_privdata
                0x200224b0        0x8 CMakeFiles/oric.dir/__/__/lib/PicoDVI/software/libdvi/dvi.c.obj
 .bss.drivers   0x200224b8        0x4 CMakeFiles/oric.dir/__/__/lib/pico-sdk/src/rp2_common/pico_stdio/stdio.c.obj
 .bss.dvi0      0x200224bc      0x2b4 CMakeFiles/oric.dir/src/oric.c.obj
                0x200224bc                dvi0
 .bss.ep_pool   0x20022770      0x200 CMakeFiles/oric.dir/__/__/lib/tinyusb/src/portable/raspberrypi/rp2040/hcd_rp2040.c.obj
 .bss.filter    0x20022970        0x4 CMakeFiles/oric.dir/__/__/lib/pico-sdk/src/rp2_common/pico_stdio/stdio.c.obj
 .bss.gamepads  0x20022974       0x20 CMakeFiles/oric.dir/__/__/src/hid_app.c.obj
 .bss.heap_end.0
                0x20022994        0x4 CMakeFiles/oric.dir/__/__/lib/pico-sdk/src/rp2_common/pico_runtime/runtime.c.obj
 .bss.hub_data  0x20022998       0x10 CMakeFiles/oric.dir/__/__/lib/tinyusb/src/host/hub.c.obj
 .bss.lazy_vsnprintf
                0x200229a8        0x4 CMakeFiles/oric.dir/__/__/lib/pico-sdk/src/rp2_common/pico_printf/printf.c.obj
 .bss.load_value
                0x200229ac        0x4 CMakeFiles/oric.dir/__/__/lib/pico-sdk/src/rp2_common/hardware_watchdog/watchdog.c.obj
 .bss.pools     0x200229b0       0x10 CMakeFiles/oric.dir/__/__/lib/pico-sdk/src/common/pico_time/time.c.obj
 .bss.prev_report
                0x200229c0        0x8 CMakeFiles/oric.dir/__/__/src/hid_app.c.obj
 .bss.pwm_dma_channel
                0x200229c8        0x4 CMakeFiles/oric.dir/__/__/src/audio.c.obj
 .bss.sample_dma_channel
                0x200229cc        0x4 CMakeFiles/oric.dir/__/__/src/audio.c.obj
 .bss.sf_clz_func
                0x200229d0        0x4 CMakeFiles/oric.dir/__/__/lib/pico-sdk/src/rp2_common/pico_double/double_init_rom.c.obj
                0x200229d0                sf_clz_func
 .bss.single_sample
                0x200229d4        0x4 CMakeFiles/oric.dir/__/__/src/audio.c.obj
 .bss.sleep_notifier
                0x200229d8        0x4 CMakeFiles/oric.dir/__/__/lib/pico-sdk/src/common/pico_time/time.c.obj
 .bss.target_hi
                0x200229dc       0x10 CMakeFiles/oric.dir/__/__/lib/pico-sdk/src/rp2_common/hardware_timer/timer.c.obj
 .bss.trigger_dma_channel
                0x200229ec        0x4 CMakeFiles/oric.dir/__/__/src/audio.c.obj
 .bss.uart_char_to_line_feed
                0x200229f0        0x4 CMakeFiles/oric.dir/__/__/lib/pico-sdk/src/rp2_common/hardware_uart/uart.c.obj
                0x200229f0                uart_char_to_line_feed
 .bss.uart_instance
                0x200229f4        0x4 CMakeFiles/oric.dir/__/__/lib/pico-sdk/src/rp2_common/pico_stdio_uart/stdio_uart.c.obj
 .bss._claimed  0x200229f8        0x2 CMakeFiles/oric.dir/__/__/lib/pico-sdk/src/rp2_common/hardware_dma/dma.c.obj
 .bss._app_driver_count
                0x200229fa        0x1 CMakeFiles/oric.dir/__/__/lib/tinyusb/src/host/usbh.c.obj
 .bss._last_motor_state
                0x200229fb        0x1 CMakeFiles/oric.dir/src/oric.c.obj
 .bss.claimed   0x200229fc        0x1 CMakeFiles/oric.dir/__/__/lib/pico-sdk/src/rp2_common/hardware_timer/timer.c.obj
 .bss.claimed   0x200229fd        0x1 CMakeFiles/oric.dir/__/__/lib/pico-sdk/src/rp2_common/hardware_pio/pio.c.obj
 .bss.failed_count.0
                0x200229fe        0x1 CMakeFiles/oric.dir/__/__/lib/tinyusb/src/host/usbh.c.obj
 .bss.gamepads_count
                0x200229ff        0x1 CMakeFiles/oric.dir/__/__/src/hid_app.c.obj
 .bss.irq_hander_chain_free_slot_head
                0x20022a00        0x1 CMakeFiles/oric.dir/__/__/lib/pico-sdk/src/rp2_common/hardware_irq/irq.c.obj
 .bss.t1.2      0x20022a01        0x1 CMakeFiles/oric.dir/src/oric.c.obj
 .bss.t2.1      0x20022a02        0x1 CMakeFiles/oric.dir/src/oric.c.obj
 .bss.timer_callbacks_pending
                0x20022a03        0x1 CMakeFiles/oric.dir/__/__/lib/pico-sdk/src/rp2_common/hardware_timer/timer.c.obj
 *(COMMON)
                0x20022a04                        . = ALIGN (0x4)
                0x20022a04                        __bss_end__ = .

.heap           0x20022a04      0x800
                0x20022a04                        __end__ = .
                0x20022a04                        end = __end__
 *(.heap*)
 .heap          0x20022a04      0x800 CMakeFiles/oric.dir/__/__/lib/pico-sdk/src/rp2_common/pico_standard_link/crt0.S.obj
                0x20023204                        __HeapLimit = .

.stack1_dummy   0x200406d4      0x800
 *(.stack1*)
 .stack1        0x200406d4      0x800 CMakeFiles/oric.dir/__/__/lib/pico-sdk/src/rp2_common/pico_multicore/multicore.c.obj

.stack_dummy    0x20041340      0x800
 *(.stack*)
 .stack         0x20041340      0x800 CMakeFiles/oric.dir/__/__/lib/pico-sdk/src/rp2_common/pico_standard_link/crt0.S.obj

.flash_end      0x1012e7ac        0x0
                0x1012e7ac                        PROVIDE (__flash_binary_end = .)
                0x20040000                        __StackLimit = (ORIGIN (RAM) + LENGTH (RAM))
                0x20041000                        __StackOneTop = (ORIGIN (SCRATCH_X) + LENGTH (SCRATCH_X))
                0x20042000                        __StackTop = (ORIGIN (SCRATCH_Y) + LENGTH (SCRATCH_Y))
                0x20040800                        __StackOneBottom = (__StackOneTop - SIZEOF (.stack1_dummy))
                0x20041800                        __StackBottom = (__StackTop - SIZEOF (.stack_dummy))
                0x20042000                        PROVIDE (__stack = __StackTop)
                0x00000001                        ASSERT ((__StackLimit >= __HeapLimit), region RAM overflowed)
                0x00000001                        ASSERT (((__binary_info_header_end - __logical_binary_start) <= 0x100), Binary info must be in first 256 bytes of the binary)
LOAD CMakeFiles/oric.dir/src/oric.c.obj
LOAD CMakeFiles/oric.dir/src/utils.S.obj
LOAD CMakeFiles/oric.dir/__/__/src/hid_app.c.obj
LOAD CMakeFiles/oric.dir/__/__/src/audio.c.obj
LOAD CMakeFiles/oric.dir/__/__/lib/pico-sdk/src/rp2_common/pico_stdlib/stdlib.c.obj
LOAD CMakeFiles/oric.dir/__/__/lib/pico-sdk/src/rp2_common/hardware_gpio/gpio.c.obj
LOAD CMakeFiles/oric.dir/__/__/lib/pico-sdk/src/rp2_common/pico_platform/platform.c.obj
LOAD CMakeFiles/oric.dir/__/__/lib/pico-sdk/src/rp2_common/hardware_claim/claim.c.obj
LOAD CMakeFiles/oric.dir/__/__/lib/pico-sdk/src/rp2_common/hardware_sync/sync.c.obj
LOAD CMakeFiles/oric.dir/__/__/lib/pico-sdk/src/rp2_common/hardware_irq/irq.c.obj
LOAD CMakeFiles/oric.dir/__/__/lib/pico-sdk/src/rp2_common/hardware_irq/irq_handler_chain.S.obj
LOAD CMakeFiles/oric.dir/__/__/lib/pico-sdk/src/common/pico_sync/sem.c.obj
LOAD CMakeFiles/oric.dir/__/__/lib/pico-sdk/src/common/pico_sync/lock_core.c.obj
LOAD CMakeFiles/oric.dir/__/__/lib/pico-sdk/src/common/pico_sync/mutex.c.obj
LOAD CMakeFiles/oric.dir/__/__/lib/pico-sdk/src/common/pico_sync/critical_section.c.obj
LOAD CMakeFiles/oric.dir/__/__/lib/pico-sdk/src/common/pico_time/time.c.obj
LOAD CMakeFiles/oric.dir/__/__/lib/pico-sdk/src/common/pico_time/timeout_helper.c.obj
LOAD CMakeFiles/oric.dir/__/__/lib/pico-sdk/src/rp2_common/hardware_timer/timer.c.obj
LOAD CMakeFiles/oric.dir/__/__/lib/pico-sdk/src/common/pico_util/datetime.c.obj
LOAD CMakeFiles/oric.dir/__/__/lib/pico-sdk/src/common/pico_util/pheap.c.obj
LOAD CMakeFiles/oric.dir/__/__/lib/pico-sdk/src/common/pico_util/queue.c.obj
LOAD CMakeFiles/oric.dir/__/__/lib/pico-sdk/src/rp2_common/hardware_uart/uart.c.obj
LOAD CMakeFiles/oric.dir/__/__/lib/pico-sdk/src/rp2_common/hardware_clocks/clocks.c.obj
LOAD CMakeFiles/oric.dir/__/__/lib/pico-sdk/src/rp2_common/hardware_pll/pll.c.obj
LOAD CMakeFiles/oric.dir/__/__/lib/pico-sdk/src/rp2_common/hardware_vreg/vreg.c.obj
LOAD CMakeFiles/oric.dir/__/__/lib/pico-sdk/src/rp2_common/hardware_watchdog/watchdog.c.obj
LOAD CMakeFiles/oric.dir/__/__/lib/pico-sdk/src/rp2_common/hardware_xosc/xosc.c.obj
LOAD CMakeFiles/oric.dir/__/__/lib/pico-sdk/src/rp2_common/hardware_divider/divider.S.obj
LOAD CMakeFiles/oric.dir/__/__/lib/pico-sdk/src/rp2_common/pico_runtime/runtime.c.obj
LOAD CMakeFiles/oric.dir/__/__/lib/pico-sdk/src/rp2_common/pico_printf/printf.c.obj
LOAD CMakeFiles/oric.dir/__/__/lib/pico-sdk/src/rp2_common/pico_bit_ops/bit_ops_aeabi.S.obj
LOAD CMakeFiles/oric.dir/__/__/lib/pico-sdk/src/rp2_common/pico_bootrom/bootrom.c.obj
LOAD CMakeFiles/oric.dir/__/__/lib/pico-sdk/src/rp2_common/pico_divider/divider.S.obj
LOAD CMakeFiles/oric.dir/__/__/lib/pico-sdk/src/rp2_common/pico_double/double_aeabi.S.obj
LOAD CMakeFiles/oric.dir/__/__/lib/pico-sdk/src/rp2_common/pico_double/double_init_rom.c.obj
LOAD CMakeFiles/oric.dir/__/__/lib/pico-sdk/src/rp2_common/pico_double/double_math.c.obj
LOAD CMakeFiles/oric.dir/__/__/lib/pico-sdk/src/rp2_common/pico_double/double_v1_rom_shim.S.obj
LOAD CMakeFiles/oric.dir/__/__/lib/pico-sdk/src/rp2_common/pico_int64_ops/pico_int64_ops_aeabi.S.obj
LOAD CMakeFiles/oric.dir/__/__/lib/pico-sdk/src/rp2_common/pico_float/float_aeabi.S.obj
LOAD CMakeFiles/oric.dir/__/__/lib/pico-sdk/src/rp2_common/pico_float/float_init_rom.c.obj
LOAD CMakeFiles/oric.dir/__/__/lib/pico-sdk/src/rp2_common/pico_float/float_math.c.obj
LOAD CMakeFiles/oric.dir/__/__/lib/pico-sdk/src/rp2_common/pico_float/float_v1_rom_shim.S.obj
LOAD CMakeFiles/oric.dir/__/__/lib/pico-sdk/src/rp2_common/pico_malloc/pico_malloc.c.obj
LOAD CMakeFiles/oric.dir/__/__/lib/pico-sdk/src/rp2_common/pico_mem_ops/mem_ops_aeabi.S.obj
LOAD CMakeFiles/oric.dir/__/__/lib/pico-sdk/src/rp2_common/pico_standard_link/crt0.S.obj
LOAD CMakeFiles/oric.dir/__/__/lib/pico-sdk/src/rp2_common/pico_standard_link/new_delete.cpp.obj
LOAD CMakeFiles/oric.dir/__/__/lib/pico-sdk/src/rp2_common/pico_standard_link/binary_info.c.obj
LOAD CMakeFiles/oric.dir/__/__/lib/pico-sdk/src/rp2_common/pico_stdio/stdio.c.obj
LOAD CMakeFiles/oric.dir/__/__/lib/pico-sdk/src/rp2_common/pico_stdio_uart/stdio_uart.c.obj
LOAD CMakeFiles/oric.dir/__/__/lib/pico-sdk/src/rp2_common/pico_multicore/multicore.c.obj
LOAD CMakeFiles/oric.dir/__/__/lib/PicoDVI/software/libdvi/dvi.c.obj
LOAD CMakeFiles/oric.dir/__/__/lib/PicoDVI/software/libdvi/dvi_serialiser.c.obj
LOAD CMakeFiles/oric.dir/__/__/lib/PicoDVI/software/libdvi/dvi_timing.c.obj
LOAD CMakeFiles/oric.dir/__/__/lib/PicoDVI/software/libdvi/tmds_encode.S.obj
LOAD CMakeFiles/oric.dir/__/__/lib/PicoDVI/software/libdvi/tmds_encode.c.obj
LOAD CMakeFiles/oric.dir/__/__/lib/pico-sdk/src/rp2_common/hardware_dma/dma.c.obj
LOAD CMakeFiles/oric.dir/__/__/lib/pico-sdk/src/rp2_common/hardware_interp/interp.c.obj
LOAD CMakeFiles/oric.dir/__/__/lib/pico-sdk/src/rp2_common/hardware_pio/pio.c.obj
LOAD CMakeFiles/oric.dir/__/__/lib/tinyusb/src/portable/raspberrypi/rp2040/hcd_rp2040.c.obj
LOAD CMakeFiles/oric.dir/__/__/lib/tinyusb/src/portable/raspberrypi/rp2040/rp2040_usb.c.obj
LOAD CMakeFiles/oric.dir/__/__/lib/tinyusb/src/host/usbh.c.obj
LOAD CMakeFiles/oric.dir/__/__/lib/tinyusb/src/host/hub.c.obj
LOAD CMakeFiles/oric.dir/__/__/lib/tinyusb/src/class/cdc/cdc_host.c.obj
LOAD CMakeFiles/oric.dir/__/__/lib/tinyusb/src/class/hid/hid_host.c.obj
LOAD CMakeFiles/oric.dir/__/__/lib/tinyusb/src/class/msc/msc_host.c.obj
LOAD CMakeFiles/oric.dir/__/__/lib/tinyusb/src/class/vendor/vendor_host.c.obj
LOAD CMakeFiles/oric.dir/__/__/lib/tinyusb/src/tusb.c.obj
LOAD CMakeFiles/oric.dir/__/__/lib/tinyusb/src/common/tusb_fifo.c.obj
LOAD /tmp/cc12gGsR.o
LOAD /usr/lib/gcc/arm-none-eabi/14.2.1/../../../arm-none-eabi/lib/thumb/v6-m/nofp/libstdc++.a
LOAD /usr/lib/gcc/arm-none-eabi/14.2.1/../../../arm-none-eabi/lib/thumb/v6-m/nofp/libm.a
START GROUP
LOAD /usr/lib/gcc/arm-none-eabi/14.2.1/thumb/v6-m/nofp/libgcc.a