Archive member included to satisfy reference by file (symbol)

/usr/lib/gcc/arm-none-eabi/14.2.1/thumb/v6-m/nofp/libgcc.a(_dvmd_tls.o)
                              CMakeFiles/bbc.dir/__/__/lib/pico-sdk/src/rp2_common/pico_divider/divider.S.obj (__aeabi_idiv0)
/usr/lib/gcc/arm-none-eabi/14.2.1/../../../arm-none-eabi/lib/thumb/v6-m/nofp/libc.a(libc_a-strncpy.o)
                              CMakeFiles/bbc.dir/src/bbc.c.obj (strncpy)
/usr/lib/gcc/arm-none-eabi/14.2.1/../../../arm-none-eabi/lib/thumb/v6-m/nofp/libc.a(libc_a-strlen-stub.o)
                              CMakeFiles/bbc.dir/src/bbc.c.obj (strlen)
/usr/lib/gcc/arm-none-eabi/14.2.1/../../../arm-none-eabi/lib/thumb/v6-m/nofp/libc.a(libc_a-strchr.o)
                              CMakeFiles/bbc.dir/__/__/lib/fatfs/source/ff.c.obj (strchr)
/usr/lib/gcc/arm-none-eabi/14.2.1/../../../arm-none-eabi/lib/thumb/v6-m/nofp/libc.a(libc_a-fini.o)
                              /usr/lib/gcc/arm-none-eabi/14.2.1/../../../arm-none-eabi/lib/thumb/v6-m/nofp/crt0.o (__libc_fini_array)
/usr/lib/gcc/arm-none-eabi/14.2.1/../../../arm-none-eabi/lib/thumb/v6-m/nofp/libc.a(libc_a-calloc.o)
                              CMakeFiles/bbc.dir/__/__/lib/pico-sdk/src/rp2_common/pico_malloc/pico_malloc.c.obj (calloc)
/usr/lib/gcc/arm-none-eabi/14.2.1/../../../arm-none-eabi/lib/thumb/v6-m/nofp/libc.a(libc_a-callocr.o)
                              /usr/lib/gcc/arm-none-eabi/14.2.1/../../../arm-none-eabi/lib/thumb/v6-m/nofp/libc.a(libc_a-calloc.o) (_calloc_r)
/usr/lib/gcc/arm-none-eabi/14.2.1/../../../arm-none-eabi/lib/thumb/v6-m/nofp/libc.a(libc_a-realloc.o)
                              CMakeFiles/bbc.dir/__/__/lib/pico-sdk/src/rp2_common/pico_malloc/pico_malloc.c.obj (realloc)
/usr/lib/gcc/arm-none-eabi/14.2.1/../../../arm-none-eabi/lib/thumb/v6-m/nofp/libc.a(libc_a-mallocr.o)
                              /usr/lib/gcc/arm-none-eabi/14.2.1/../../../arm-none-eabi/lib/thumb/v6-m/nofp/libc.a(libc_a-callocr.o) (_malloc_r)
/usr/lib/gcc/arm-none-eabi/14.2.1/../../../arm-none-eabi/lib/thumb/v6-m/nofp/libc.a(libc_a-freer.o)
                              /usr/lib/gcc/arm-none-eabi/14.2.1/../../../arm-none-eabi/lib/thumb/v6-m/nofp/libc.a(libc_a-mallocr.o) (_free_r)
/usr/lib/gcc/arm-none-eabi/14.2.1/../../../arm-none-eabi/lib/thumb/v6-m/nofp/libc.a(libc_a-memcmp.o)
                              CMakeFiles/bbc.dir/__/__/lib/fatfs/source/ff.c.obj (memcmp)
/usr/lib/gcc/arm-none-eabi/14.2.1/../../../arm-none-eabi/lib/thumb/v6-m/nofp/libc.a(libc_a-errno.o)
                              /usr/lib/gcc/arm-none-eabi/14.2.1/../../../arm-none-eabi/lib/thumb/v6-m/nofp/libc.a(libc_a-callocr.o) (__errno)
/usr/lib/gcc/arm-none-eabi/14.2.1/../../../arm-none-eabi/lib/thumb/v6-m/nofp/libc.a(libc_a-malloc.o)
                              CMakeFiles/bbc.dir/__/__/lib/pico-sdk/src/rp2_common/pico_malloc/pico_malloc.c.obj (malloc)
/usr/lib/gcc/arm-none-eabi/14.2.1/../../../arm-none-eabi/lib/thumb/v6-m/nofp/libc.a(libc_a-reallocr.o)
                              /usr/lib/gcc/arm-none-eabi/14.2.1/../../../arm-none-eabi/lib/thumb/v6-m/nofp/libc.a(libc_a-realloc.o) (_realloc_r)
/usr/lib/gcc/arm-none-eabi/14.2.1/../../../arm-none-eabi/lib/thumb/v6-m/nofp/libc.a(libc_a-mlock.o)
                              /usr/lib/gcc/arm-none-eabi/14.2.1/../../../arm-none-eabi/lib/thumb/v6-m/nofp/libc.a(libc_a-mallocr.o) (__malloc_lock)
/usr/lib/gcc/arm-none-eabi/14.2.1/../../../arm-none-eabi/lib/thumb/v6-m/nofp/libc.a(libc_a-sbrkr.o)
                              /usr/lib/gcc/arm-none-eabi/14.2.1/../../../arm-none-eabi/lib/thumb/v6-m/nofp/libc.a(libc_a-mallocr.o) (_sbrk_r)
/usr/lib/gcc/arm-none-eabi/14.2.1/../../../arm-none-eabi/lib/thumb/v6-m/nofp/libc.a(libc_a-atexit.o)
                              /usr/lib/gcc/arm-none-eabi/14.2.1/../../../arm-none-eabi/lib/thumb/v6-m/nofp/crt0.o (atexit)
/usr/lib/gcc/arm-none-eabi/14.2.1/../../../arm-none-eabi/lib/thumb/v6-m/nofp/libc.a(libc_a-init.o)
                              /usr/lib/gcc/arm-none-eabi/14.2.1/../../../arm-none-eabi/lib/thumb/v6-m/nofp/crt0.o (__libc_init_array)
/usr/lib/gcc/arm-none-eabi/14.2.1/../../../arm-none-eabi/lib/thumb/v6-m/nofp/libc.a(libc_a-impure.o)
                              /usr/lib/gcc/arm-none-eabi/14.2.1/../../../arm-none-eabi/lib/thumb/v6-m/nofp/libc.a(libc_a-calloc.o) (_impure_ptr)
/usr/lib/gcc/arm-none-eabi/14.2.1/../../../arm-none-eabi/lib/thumb/v6-m/nofp/libc.a(libc_a-memmove.o)
                              /usr/lib/gcc/arm-none-eabi/14.2.1/../../../arm-none-eabi/lib/thumb/v6-m/nofp/libc.a(libc_a-reallocr.o) (memmove)
/usr/lib/gcc/arm-none-eabi/14.2.1/../../../arm-none-eabi/lib/thumb/v6-m/nofp/libc.a(libc_a-findfp.o)
                              /usr/lib/gcc/arm-none-eabi/14.2.1/../../../arm-none-eabi/lib/thumb/v6-m/nofp/libc.a(libc_a-impure.o) (__sf)
/usr/lib/gcc/arm-none-eabi/14.2.1/../../../arm-none-eabi/lib/thumb/v6-m/nofp/libc.a(libc_a-sysconf.o)
[...]
Memory Configuration

Name             Origin             Length             Attributes
FLASH            0x10088000         0x00078000         xr
RAM              0x20000000         0x00040000         xrw
SCRATCH_X        0x20040000         0x00001000         xrw
SCRATCH_Y        0x20041000         0x00001000         xrw
*default*        0x00000000         0xffffffff

Linker script and memory map

LOAD /usr/lib/gcc/arm-none-eabi/14.2.1/thumb/v6-m/nofp/crti.o
LOAD /usr/lib/gcc/arm-none-eabi/14.2.1/thumb/v6-m/nofp/crtbegin.o
LOAD /usr/lib/gcc/arm-none-eabi/14.2.1/../../../arm-none-eabi/lib/thumb/v6-m/nofp/crt0.o

.flash_begin    0x10088000        0x0
                0x10088000                        __flash_binary_start = .

.boot2          0x10088000      0x100
                0x10088000                        __boot2_start__ = .
 *(.boot2)
 .boot2         0x10088000      0x100 /tmp/ccQKCtdC.o
                0x10088100                        __boot2_end__ = .
                0x00000001                        ASSERT (((__boot2_end__ - __boot2_start__) == 0x100), ERROR: Pico second stage bootloader must be 256 bytes in size)

.text           0x10088100    0x13008
                0x10088100                        __logical_binary_start = .
 *(.vectors)
 .vectors       0x10088100       0xd4 CMakeFiles/bbc.dir/__/__/lib/pico-sdk/src/rp2_common/pico_standard_link/crt0.S.obj
                0x10088100                __vectors
                0x10088100                __VECTOR_TABLE
                0x100881c0                isr_invalid
                0x100881c0                __default_isrs_start
                0x100881c2                isr_nmi
                0x100881c4                isr_hardfault
                0x100881c6                isr_svcall
                0x100881c8                isr_pendsv
                0x100881ca                isr_systick
                0x100881cc                isr_irq30
                0x100881cc                __unhandled_user_irq
                0x100881cc                isr_irq13
                0x100881cc                isr_irq27
                0x100881cc                isr_irq31
                0x100881cc                isr_irq5
                0x100881cc                isr_irq11
                0x100881cc                isr_irq23
                0x100881cc                isr_irq18
                0x100881cc                isr_irq28
                0x100881cc                isr_irq19
                0x100881cc                isr_irq0
                0x100881cc                isr_irq6
                0x100881cc                isr_irq22
                0x100881cc                isr_irq17
                0x100881cc                isr_irq14
                0x100881cc                isr_irq2
                0x100881cc                isr_irq10
                0x100881cc                isr_irq8
                0x100881cc                isr_irq24
                0x100881cc                isr_irq1
                0x100881cc                isr_irq7
                0x100881cc                isr_irq21
                0x100881cc                isr_irq20
                0x100881cc                isr_irq15
                0x100881cc                isr_irq25
                0x100881cc                isr_irq4
                0x100881cc                isr_irq16
                0x100881cc                isr_irq29
                0x100881cc                isr_irq26
                0x100881cc                __default_isrs_end
                0x100881cc                isr_irq3
                0x100881cc                isr_irq12
                0x100881cc                isr_irq9
                0x100881d2                unhandled_user_irq_num_in_r0
 *(.binary_info_header)
 .binary_info_header
                0x100881d4       0x14 CMakeFiles/bbc.dir/__/__/lib/pico-sdk/src/rp2_common/pico_standard_link/crt0.S.obj
                0x100881e8                        __binary_info_header_end = .
 *(.reset)
 .reset         0x100881e8       0xa0 CMakeFiles/bbc.dir/__/__/lib/pico-sdk/src/rp2_common/pico_standard_link/crt0.S.obj
                0x100881e8                _entry_point
 .reset         0x10088288       0x30 CMakeFiles/bbc.dir/__/__/lib/pico-sdk/src/rp2_common/pico_standard_link/binary_info.c.obj
 *(.init)
 .init          0x100882b8        0x4 /usr/lib/gcc/arm-none-eabi/14.2.1/thumb/v6-m/nofp/crti.o
                0x100882b8                _init
 *(EXCLUDE_FILE(*libm.a: *libc.a:*lib_a-mem*.o *libgcc.a:) .text*)
 .text          0x100882bc       0x98 /usr/lib/gcc/arm-none-eabi/14.2.1/thumb/v6-m/nofp/crtbegin.o
 .text._bbc_sn_tick
                0x10088354      0x17c CMakeFiles/bbc.dir/src/bbc.c.obj
 .text._bbc_render_scanline
                0x100884d0      0xc24 CMakeFiles/bbc.dir/src/bbc.c.obj
 .text._bbc_crtc_tick
                0x100890f4      0x19c CMakeFiles/bbc.dir/src/bbc.c.obj
 .text.audio_callback
                0x10089290        0x8 CMakeFiles/bbc.dir/src/bbc.c.obj
 .text.usb_read_sector
                0x10089298       0x50 CMakeFiles/bbc.dir/src/bbc.c.obj
 .text._wd1770_find_sector.constprop.0
                0x100892e8       0xa0 CMakeFiles/bbc.dir/src/bbc.c.obj
 .text.insert_image.part.0
                0x10089388      0x124 CMakeFiles/bbc.dir/src/bbc.c.obj
 .text._bbc_update_keyboard
                0x100894ac      0x154 CMakeFiles/bbc.dir/src/bbc.c.obj
 .text._bbc_update_ic32
                0x10089600      0x124 CMakeFiles/bbc.dir/src/bbc.c.obj
 .text._bbc_set_romsel
                0x10089724       0xbc CMakeFiles/bbc.dir/src/bbc.c.obj
 .text.usb_scan
                0x100897e0      0x100 CMakeFiles/bbc.dir/src/bbc.c.obj
 .text.wdc65C02cpu_init
                0x100898e0       0x88 CMakeFiles/bbc.dir/src/bbc.c.obj
                0x100898e0                wdc65C02cpu_init
 .text.wdc65C02cpu_get_addr
                0x10089968       0x44 CMakeFiles/bbc.dir/src/bbc.c.obj
                0x10089968                wdc65C02cpu_get_addr
 .text.mos6522via_tick
                0x100899ac      0x160 CMakeFiles/bbc.dir/src/bbc.c.obj
                0x100899ac                mos6522via_tick
 .text.mos6522via_read
                0x10089b0c      0x170 CMakeFiles/bbc.dir/src/bbc.c.obj
                0x10089b0c                mos6522via_read
 .text.mos6522via_write
                0x10089c7c      0x1fc CMakeFiles/bbc.dir/src/bbc.c.obj
                0x10089c7c                mos6522via_write
 .text.mem_init
                0x10089e78       0xe0 CMakeFiles/bbc.dir/src/bbc.c.obj
                0x10089e78                mem_init
 .text._bbc_init_memorymap
                0x10089f58      0x154 CMakeFiles/bbc.dir/src/bbc.c.obj
 .text.wd1770_tick
                0x1008a0ac      0x354 CMakeFiles/bbc.dir/src/bbc.c.obj
                0x1008a0ac                wd1770_tick
 .text.wd1770_write
                0x1008a400      0x188 CMakeFiles/bbc.dir/src/bbc.c.obj
                0x1008a400                wd1770_write
 .text._bbc_mem_rw
                0x1008a588      0x498 CMakeFiles/bbc.dir/src/bbc.c.obj
 .text.bbc_init
                0x1008aa20      0x688 CMakeFiles/bbc.dir/src/bbc.c.obj
                0x1008aa20                bbc_init
 .text.bbc_reset
                0x1008b0a8       0xa8 CMakeFiles/bbc.dir/src/bbc.c.obj
                0x1008b0a8                bbc_reset
 .text.app_init
                0x1008b150      0x118 CMakeFiles/bbc.dir/src/bbc.c.obj
                0x1008b150                app_init
 .text.hid_raw_key_down
                0x1008b268       0xb8 CMakeFiles/bbc.dir/src/bbc.c.obj
                0x1008b268                hid_raw_key_down
 .text.hid_raw_key_up
                0x1008b320       0x60 CMakeFiles/bbc.dir/src/bbc.c.obj
                0x1008b320                hid_raw_key_up
 .text.startup.main
                0x1008b380      0x36c CMakeFiles/bbc.dir/src/bbc.c.obj
                0x1008b380                main
 .text.tuh_hid_mount_cb
                0x1008b6ec        0x8 CMakeFiles/bbc.dir/src/hid_app_bbc.c.obj
                0x1008b6ec                tuh_hid_mount_cb
 .text.tuh_hid_report_received_cb
                0x1008b6f4      0x338 CMakeFiles/bbc.dir/src/hid_app_bbc.c.obj
                0x1008b6f4                tuh_hid_report_received_cb
 .text.tuh_hid_umount_cb
                0x1008ba2c        0x4 CMakeFiles/bbc.dir/src/hid_app_bbc.c.obj
                0x1008ba2c                tuh_hid_umount_cb
 .text.audio_init
                0x1008ba30      0x1f4 CMakeFiles/bbc.dir/__/__/src/audio.c.obj
                0x1008ba30                audio_init
 .text.audio_push_sample
                0x1008bc24       0x5c CMakeFiles/bbc.dir/__/__/src/audio.c.obj
                0x1008bc24                audio_push_sample
 .text.disk_io_complete
                0x1008bc80       0x10 CMakeFiles/bbc.dir/__/__/src/msc_app.c.obj
 .text.inquiry_complete_cb
                0x1008bc90       0xe0 CMakeFiles/bbc.dir/__/__/src/msc_app.c.obj
                0x1008bc90                inquiry_complete_cb
 .text.tuh_msc_mount_cb
                0x1008bd70       0x2c CMakeFiles/bbc.dir/__/__/src/msc_app.c.obj
                0x1008bd70                tuh_msc_mount_cb
 .text.tuh_msc_umount_cb
                0x1008bd9c       0x24 CMakeFiles/bbc.dir/__/__/src/msc_app.c.obj
                0x1008bd9c                tuh_msc_umount_cb
 .text.disk_status
                0x1008bdc0       0x10 CMakeFiles/bbc.dir/__/__/src/msc_app.c.obj
                0x1008bdc0                disk_status
 .text.disk_initialize
                0x1008bdd0        0x4 CMakeFiles/bbc.dir/__/__/src/msc_app.c.obj
                0x1008bdd0                disk_initialize
 .text.disk_read
                0x1008bdd4       0x48 CMakeFiles/bbc.dir/__/__/src/msc_app.c.obj
                0x1008bdd4                disk_read
 .text.disk_write
                0x1008be1c       0x48 CMakeFiles/bbc.dir/__/__/src/msc_app.c.obj
                0x1008be1c                disk_write
 .text.disk_ioctl
                0x1008be64       0x34 CMakeFiles/bbc.dir/__/__/src/msc_app.c.obj
                0x1008be64                disk_ioctl
 .text.set_sys_clock_pll
                0x1008be98       0x78 CMakeFiles/bbc.dir/__/__/lib/pico-sdk/src/rp2_common/pico_stdlib/stdlib.c.obj
                0x1008be98                set_sys_clock_pll
 .text.check_sys_clock_khz
                0x1008bf10      0x26c CMakeFiles/bbc.dir/__/__/lib/pico-sdk/src/rp2_common/pico_stdlib/stdlib.c.obj
                0x1008bf10                check_sys_clock_khz
 .text.gpio_set_function
                0x1008c17c       0x30 CMakeFiles/bbc.dir/__/__/lib/pico-sdk/src/rp2_common/hardware_gpio/gpio.c.obj
                0x1008c17c                gpio_set_function
 .text.gpio_set_outover
                0x1008c1ac       0x24 CMakeFiles/bbc.dir/__/__/lib/pico-sdk/src/rp2_common/hardware_gpio/gpio.c.obj
                0x1008c1ac                gpio_set_outover
 .text.gpio_init
                0x1008c1d0       0x3c CMakeFiles/bbc.dir/__/__/lib/pico-sdk/src/rp2_common/hardware_gpio/gpio.c.obj
                0x1008c1d0                gpio_init
 .text.gpio_init_mask
                0x1008c20c       0x68 CMakeFiles/bbc.dir/__/__/lib/pico-sdk/src/rp2_common/hardware_gpio/gpio.c.obj
                0x1008c20c                gpio_init_mask
 .text.running_on_fpga
                0x1008c274       0x10 CMakeFiles/bbc.dir/__/__/lib/pico-sdk/src/rp2_common/pico_platform/platform.c.obj
                0x1008c274                running_on_fpga
 .text.hw_claim_lock
                0x1008c284       0x18 CMakeFiles/bbc.dir/__/__/lib/pico-sdk/src/rp2_common/hardware_claim/claim.c.obj
                0x1008c284                hw_claim_lock
 .text.hw_claim_unlock
                0x1008c29c       0x14 CMakeFiles/bbc.dir/__/__/lib/pico-sdk/src/rp2_common/hardware_claim/claim.c.obj
                0x1008c29c                hw_claim_unlock
 .text.hw_claim_or_assert
                0x1008c2b0       0x44 CMakeFiles/bbc.dir/__/__/lib/pico-sdk/src/rp2_common/hardware_claim/claim.c.obj
                0x1008c2b0                hw_claim_or_assert
 .text.hw_claim_unused_from_range
                0x1008c2f4       0x88 CMakeFiles/bbc.dir/__/__/lib/pico-sdk/src/rp2_common/hardware_claim/claim.c.obj
                0x1008c2f4                hw_claim_unused_from_range
 .text.spin_locks_reset
                0x1008c37c       0x1c CMakeFiles/bbc.dir/__/__/lib/pico-sdk/src/rp2_common/hardware_sync/sync.c.obj
                0x1008c37c                spin_locks_reset
 .text.next_striped_spin_lock_num
                0x1008c398       0x18 CMakeFiles/bbc.dir/__/__/lib/pico-sdk/src/rp2_common/hardware_sync/sync.c.obj
                0x1008c398                next_striped_spin_lock_num
 .text.spin_lock_claim_unused
                0x1008c3b0       0x24 CMakeFiles/bbc.dir/__/__/lib/pico-sdk/src/rp2_common/hardware_sync/sync.c.obj
                0x1008c3b0                spin_lock_claim_unused
 .text.irq_set_enabled
                0x1008c3d4       0x24 CMakeFiles/bbc.dir/__/__/lib/pico-sdk/src/rp2_common/hardware_irq/irq.c.obj
                0x1008c3d4                irq_set_enabled
 .text.irq_is_enabled
                0x1008c3f8       0x18 CMakeFiles/bbc.dir/__/__/lib/pico-sdk/src/rp2_common/hardware_irq/irq.c.obj
                0x1008c3f8                irq_is_enabled
 .text.irq_get_vtable_handler
                0x1008c410       0x10 CMakeFiles/bbc.dir/__/__/lib/pico-sdk/src/rp2_common/hardware_irq/irq.c.obj
                0x1008c410                irq_get_vtable_handler
 .text.irq_set_exclusive_handler
                0x1008c420       0x54 CMakeFiles/bbc.dir/__/__/lib/pico-sdk/src/rp2_common/hardware_irq/irq.c.obj
                0x1008c420                irq_set_exclusive_handler
 .text.irq_add_shared_handler
                0x1008c474      0x1f4 CMakeFiles/bbc.dir/__/__/lib/pico-sdk/src/rp2_common/hardware_irq/irq.c.obj
                0x1008c474                irq_add_shared_handler
 .text.irq_remove_handler
                0x1008c668      0x1bc CMakeFiles/bbc.dir/__/__/lib/pico-sdk/src/rp2_common/hardware_irq/irq.c.obj
                0x1008c668                irq_remove_handler
 .text.irq_add_tail_to_free_list
                0x1008c824       0xb4 CMakeFiles/bbc.dir/__/__/lib/pico-sdk/src/rp2_common/hardware_irq/irq.c.obj
                0x1008c824                irq_add_tail_to_free_list
 .text.irq_init_priorities
                0x1008c8d8       0x24 CMakeFiles/bbc.dir/__/__/lib/pico-sdk/src/rp2_common/hardware_irq/irq.c.obj
                0x1008c8d8                irq_init_priorities
 .text.lock_init
                0x1008c8fc       0x10 CMakeFiles/bbc.dir/__/__/lib/pico-sdk/src/common/pico_sync/lock_core.c.obj
                0x1008c8fc                lock_init
 .text.mutex_init
                0x1008c90c       0x1c CMakeFiles/bbc.dir/__/__/lib/pico-sdk/src/common/pico_sync/mutex.c.obj
                0x1008c90c                mutex_init
 .text.recursive_mutex_init
                0x1008c928       0x1c CMakeFiles/bbc.dir/__/__/lib/pico-sdk/src/common/pico_sync/mutex.c.obj
                0x1008c928                recursive_mutex_init
 .text.critical_section_init
                0x1008c944       0x1c CMakeFiles/bbc.dir/__/__/lib/pico-sdk/src/common/pico_sync/critical_section.c.obj
                0x1008c944                critical_section_init
 .text.timer_pool_entry_comparator
                0x1008c960       0x34 CMakeFiles/bbc.dir/__/__/lib/pico-sdk/src/common/pico_time/time.c.obj
                0x1008c960                timer_pool_entry_comparator
 .text.sleep_until_callback
                0x1008c994       0x30 CMakeFiles/bbc.dir/__/__/lib/pico-sdk/src/common/pico_time/time.c.obj
 .text.add_alarm_under_lock.isra.0
                0x1008c9c4      0x100 CMakeFiles/bbc.dir/__/__/lib/pico-sdk/src/common/pico_time/time.c.obj
 .text.alarm_pool_alarm_callback
                0x1008cac4      0x1a8 CMakeFiles/bbc.dir/__/__/lib/pico-sdk/src/common/pico_time/time.c.obj
 .text.alarm_pool_init_default
                0x1008cc6c       0x6c CMakeFiles/bbc.dir/__/__/lib/pico-sdk/src/common/pico_time/time.c.obj
                0x1008cc6c                alarm_pool_init_default
 .text.alarm_pool_add_alarm_at
                0x1008ccd8      0x174 CMakeFiles/bbc.dir/__/__/lib/pico-sdk/src/common/pico_time/time.c.obj
                0x1008ccd8                alarm_pool_add_alarm_at
 .text.sleep_us
                0x1008ce4c       0xdc CMakeFiles/bbc.dir/__/__/lib/pico-sdk/src/common/pico_time/time.c.obj
                0x1008ce4c                sleep_us
 .text.sleep_ms
                0x1008cf28       0xec CMakeFiles/bbc.dir/__/__/lib/pico-sdk/src/common/pico_time/time.c.obj
                0x1008cf28                sleep_ms
 .text.best_effort_wfe_or_timeout
                0x1008d014       0xe0 CMakeFiles/bbc.dir/__/__/lib/pico-sdk/src/common/pico_time/time.c.obj
                0x1008d014                best_effort_wfe_or_timeout
 .text.hardware_alarm_irq_handler
                0x1008d0f4       0xbc CMakeFiles/bbc.dir/__/__/lib/pico-sdk/src/rp2_common/hardware_timer/timer.c.obj
 .text.hardware_alarm_claim
                0x1008d1b0       0x18 CMakeFiles/bbc.dir/__/__/lib/pico-sdk/src/rp2_common/hardware_timer/timer.c.obj
                0x1008d1b0                hardware_alarm_claim
 .text.time_us_64
                0x1008d1c8       0x14 CMakeFiles/bbc.dir/__/__/lib/pico-sdk/src/rp2_common/hardware_timer/timer.c.obj
                0x1008d1c8                time_us_64
 .text.busy_wait_us
                0x1008d1dc       0x68 CMakeFiles/bbc.dir/__/__/lib/pico-sdk/src/rp2_common/hardware_timer/timer.c.obj
                0x1008d1dc                busy_wait_us
 .text.busy_wait_until
                0x1008d244       0x20 CMakeFiles/bbc.dir/__/__/lib/pico-sdk/src/rp2_common/hardware_timer/timer.c.obj
                0x1008d244                busy_wait_until
 .text.hardware_alarm_set_callback
                0x1008d264       0x8c CMakeFiles/bbc.dir/__/__/lib/pico-sdk/src/rp2_common/hardware_timer/timer.c.obj
                0x1008d264                hardware_alarm_set_callback
 .text.hardware_alarm_set_target
                0x1008d2f0       0xd0 CMakeFiles/bbc.dir/__/__/lib/pico-sdk/src/rp2_common/hardware_timer/timer.c.obj
                0x1008d2f0                hardware_alarm_set_target
 .text.hardware_alarm_cancel
                0x1008d3c0       0x3c CMakeFiles/bbc.dir/__/__/lib/pico-sdk/src/rp2_common/hardware_timer/timer.c.obj
                0x1008d3c0                hardware_alarm_cancel
 .text.ph_merge_nodes
                0x1008d3fc       0x50 CMakeFiles/bbc.dir/__/__/lib/pico-sdk/src/common/pico_util/pheap.c.obj
 .text.ph_post_alloc_init
                0x1008d44c       0x3c CMakeFiles/bbc.dir/__/__/lib/pico-sdk/src/common/pico_util/pheap.c.obj
                0x1008d44c                ph_post_alloc_init
 .text.ph_merge_two_pass
                0x1008d488       0x88 CMakeFiles/bbc.dir/__/__/lib/pico-sdk/src/common/pico_util/pheap.c.obj
                0x1008d488                ph_merge_two_pass
 .text.ph_remove_any_head
                0x1008d510      0x124 CMakeFiles/bbc.dir/__/__/lib/pico-sdk/src/common/pico_util/pheap.c.obj
 .text.ph_remove_head
                0x1008d634      0x128 CMakeFiles/bbc.dir/__/__/lib/pico-sdk/src/common/pico_util/pheap.c.obj
                0x1008d634                ph_remove_head
 .text.ph_remove_and_free_node
                0x1008d75c       0x78 CMakeFiles/bbc.dir/__/__/lib/pico-sdk/src/common/pico_util/pheap.c.obj
                0x1008d75c                ph_remove_and_free_node
 .text.queue_init_with_spinlock
                0x1008d7d4       0x24 CMakeFiles/bbc.dir/__/__/lib/pico-sdk/src/common/pico_util/queue.c.obj
                0x1008d7d4                queue_init_with_spinlock
 .text.uart_init
                0x1008d7f8      0x190 CMakeFiles/bbc.dir/__/__/lib/pico-sdk/src/rp2_common/hardware_uart/uart.c.obj
                0x1008d7f8                uart_init
 .text.clock_configure
                0x1008d988      0x114 CMakeFiles/bbc.dir/__/__/lib/pico-sdk/src/rp2_common/hardware_clocks/clocks.c.obj
                0x1008d988                clock_configure
 .text.clocks_init
                0x1008da9c      0x2c8 CMakeFiles/bbc.dir/__/__/lib/pico-sdk/src/rp2_common/hardware_clocks/clocks.c.obj
                0x1008da9c                clocks_init
 .text.clock_get_hz
                0x1008dd64        0xc CMakeFiles/bbc.dir/__/__/lib/pico-sdk/src/rp2_common/hardware_clocks/clocks.c.obj
                0x1008dd64                clock_get_hz
 .text.frequency_count_khz
                0x1008dd70       0x48 CMakeFiles/bbc.dir/__/__/lib/pico-sdk/src/rp2_common/hardware_clocks/clocks.c.obj
                0x1008dd70                frequency_count_khz
 .text.pll_init
                0x1008ddb8       0xa4 CMakeFiles/bbc.dir/__/__/lib/pico-sdk/src/rp2_common/hardware_pll/pll.c.obj
                0x1008ddb8                pll_init
 .text.vreg_set_voltage
                0x1008de5c       0x1c CMakeFiles/bbc.dir/__/__/lib/pico-sdk/src/rp2_common/hardware_vreg/vreg.c.obj
                0x1008de5c                vreg_set_voltage
 .text.watchdog_start_tick
                0x1008de78       0x10 CMakeFiles/bbc.dir/__/__/lib/pico-sdk/src/rp2_common/hardware_watchdog/watchdog.c.obj
                0x1008de78                watchdog_start_tick
 .text.watchdog_reboot
                0x1008de88       0x9c CMakeFiles/bbc.dir/__/__/lib/pico-sdk/src/rp2_common/hardware_watchdog/watchdog.c.obj
                0x1008de88                watchdog_reboot
 .text.xosc_init
                0x1008df24       0x28 CMakeFiles/bbc.dir/__/__/lib/pico-sdk/src/rp2_common/hardware_xosc/xosc.c.obj
                0x1008df24                xosc_init
 .text.runtime_init
                0x1008df4c       0xf0 CMakeFiles/bbc.dir/__/__/lib/pico-sdk/src/rp2_common/pico_runtime/runtime.c.obj
                0x1008df4c                runtime_init
 .text._exit    0x1008e03c        0x4 CMakeFiles/bbc.dir/__/__/lib/pico-sdk/src/rp2_common/pico_runtime/runtime.c.obj
                0x1008e03c                _exit
 .text._sbrk    0x1008e040       0x34 CMakeFiles/bbc.dir/__/__/lib/pico-sdk/src/rp2_common/pico_runtime/runtime.c.obj
                0x1008e040                _sbrk
 .text.exit     0x1008e074        0x8 CMakeFiles/bbc.dir/__/__/lib/pico-sdk/src/rp2_common/pico_runtime/runtime.c.obj
                0x1008e074                exit
 .text.panic    0x1008e07c       0x30 CMakeFiles/bbc.dir/__/__/lib/pico-sdk/src/rp2_common/pico_runtime/runtime.c.obj
                0x1008e07c                panic
 .text.hard_assertion_failure
                0x1008e0ac        0xc CMakeFiles/bbc.dir/__/__/lib/pico-sdk/src/rp2_common/pico_runtime/runtime.c.obj
                0x1008e0ac                hard_assertion_failure
 .text._out_null
                0x1008e0b8        0x4 CMakeFiles/bbc.dir/__/__/lib/pico-sdk/src/rp2_common/pico_printf/printf.c.obj
 .text._out_rev
                0x1008e0bc       0xac CMakeFiles/bbc.dir/__/__/lib/pico-sdk/src/rp2_common/pico_printf/printf.c.obj
 .text._ntoa_format
                0x1008e168      0x1cc CMakeFiles/bbc.dir/__/__/lib/pico-sdk/src/rp2_common/pico_printf/printf.c.obj
 .text._out_char
                0x1008e334       0x10 CMakeFiles/bbc.dir/__/__/lib/pico-sdk/src/rp2_common/pico_printf/printf.c.obj
 .text._out_fct
                0x1008e344       0x10 CMakeFiles/bbc.dir/__/__/lib/pico-sdk/src/rp2_common/pico_printf/printf.c.obj
 .text._ftoa    0x1008e354      0x4a8 CMakeFiles/bbc.dir/__/__/lib/pico-sdk/src/rp2_common/pico_printf/printf.c.obj
 .text._etoa    0x1008e7fc      0x57c CMakeFiles/bbc.dir/__/__/lib/pico-sdk/src/rp2_common/pico_printf/printf.c.obj
 .text._vsnprintf
                0x1008ed78      0xbe0 CMakeFiles/bbc.dir/__/__/lib/pico-sdk/src/rp2_common/pico_printf/printf.c.obj
 .text.vfctprintf
                0x1008f958       0x24 CMakeFiles/bbc.dir/__/__/lib/pico-sdk/src/rp2_common/pico_printf/printf.c.obj
                0x1008f958                vfctprintf
 .text.weak_raw_vprintf
                0x1008f97c       0x30 CMakeFiles/bbc.dir/__/__/lib/pico-sdk/src/rp2_common/pico_printf/printf.c.obj
                0x1008f97c                weak_raw_vprintf
 .text          0x1008f9ac       0x10 CMakeFiles/bbc.dir/__/__/lib/pico-sdk/src/rp2_common/pico_bit_ops/bit_ops_aeabi.S.obj
 .text.ctzsi    0x1008f9bc        0xc CMakeFiles/bbc.dir/__/__/lib/pico-sdk/src/rp2_common/pico_bit_ops/bit_ops_aeabi.S.obj
                0x1008f9bc                __wrap___ctzsi2
 .text.rom_func_lookup
                0x1008f9c8       0x10 CMakeFiles/bbc.dir/__/__/lib/pico-sdk/src/rp2_common/pico_bootrom/bootrom.c.obj
                0x1008f9c8                rom_func_lookup
 .text.rom_data_lookup
                0x1008f9d8       0x10 CMakeFiles/bbc.dir/__/__/lib/pico-sdk/src/rp2_common/pico_bootrom/bootrom.c.obj
                0x1008f9d8                rom_data_lookup
 .text.rom_funcs_lookup
                0x1008f9e8       0x44 CMakeFiles/bbc.dir/__/__/lib/pico-sdk/src/rp2_common/pico_bootrom/bootrom.c.obj
                0x1008f9e8                rom_funcs_lookup
 .text.__wrap___aeabi_idiv
                0x1008fa2c       0x50 CMakeFiles/bbc.dir/__/__/lib/pico-sdk/src/rp2_common/pico_divider/divider.S.obj
                0x1008fa2c                __wrap___aeabi_idivmod
                0x1008fa2c                divmod_s32s32
                0x1008fa2c                div_s32s32
                0x1008fa2c                __wrap___aeabi_idiv
                0x1008fa34                divmod_s32s32_unsafe
                0x1008fa60                divmod_s32s32_savestate
 .text.__wrap___aeabi_uidiv
                0x1008fa7c       0x4c CMakeFiles/bbc.dir/__/__/lib/pico-sdk/src/rp2_common/pico_divider/divider.S.obj
                0x1008fa7c                __wrap___aeabi_uidiv
                0x1008fa7c                __wrap___aeabi_uidivmod
                0x1008fa7c                div_u32u32
                0x1008fa7c                divmod_u32u32
                0x1008fa84                divmod_u32u32_unsafe
                0x1008faac                divmod_u32u32_savestate
 .text.__wrap___aeabi_ldiv
                0x1008fac8      0x424 CMakeFiles/bbc.dir/__/__/lib/pico-sdk/src/rp2_common/pico_divider/divider.S.obj
                0x1008fac8                div_s64s64
                0x1008fac8                divmod_s64s64
                0x1008fac8                __wrap___aeabi_ldivmod
                0x1008faf8                div_u64u64
                0x1008faf8                divmod_u64u64
                0x1008faf8                __wrap___aeabi_uldivmod
                0x1008fb08                divmod_u64u64_savestate
                0x1008fb28                divmod_s64s64_unsafe
                0x1008fbb0                divmod_u64u64_unsafe
 .text.__wrap___aeabi_darithmetic
                0x1008feec       0x80 CMakeFiles/bbc.dir/__/__/lib/pico-sdk/src/rp2_common/pico_double/double_aeabi.S.obj
                0x1008feec                __wrap___aeabi_drsub
                0x1008fef2                __wrap___aeabi_dsub
                0x1008ff04                __wrap___aeabi_dadd
                0x1008ff16                __wrap___aeabi_ddiv
                0x1008ff52                __wrap___aeabi_dmul
 .text.__wrap___aeabi_cdcmple
                0x1008ff6c       0x6c CMakeFiles/bbc.dir/__/__/lib/pico-sdk/src/rp2_common/pico_double/double_aeabi.S.obj
                0x1008ff6c                __wrap___aeabi_cdrcmple
                0x1008ff7c                __wrap___aeabi_cdcmple
                0x1008ff7c                __wrap___aeabi_cdcmpeq
 .text.__wrap___aeabi_dcmplt
                0x1008ffd8        0xc CMakeFiles/bbc.dir/__/__/lib/pico-sdk/src/rp2_common/pico_double/double_aeabi.S.obj
                0x1008ffd8                __wrap___aeabi_dcmplt
 .text.__wrap___aeabi_dcmple
                0x1008ffe4       0x10 CMakeFiles/bbc.dir/__/__/lib/pico-sdk/src/rp2_common/pico_double/double_aeabi.S.obj
                0x1008ffe4                __wrap___aeabi_dcmple
 .text.__wrap___aeabi_dcmpge
                0x1008fff4       0x10 CMakeFiles/bbc.dir/__/__/lib/pico-sdk/src/rp2_common/pico_double/double_aeabi.S.obj
                0x1008fff4                __wrap___aeabi_dcmpge
 .text.__wrap___aeabi_dcmpgt
                0x10090004        0xa CMakeFiles/bbc.dir/__/__/lib/pico-sdk/src/rp2_common/pico_double/double_aeabi.S.obj
                0x10090004                __wrap___aeabi_dcmpgt
 .text.__wrap___aeabi_dcmpun
                0x1009000e       0x1c CMakeFiles/bbc.dir/__/__/lib/pico-sdk/src/rp2_common/pico_double/double_aeabi.S.obj
                0x1009000e                __wrap___aeabi_dcmpun
 *fill*         0x1009002a        0x2 
 .text.__wrap___aeabi_i2d
                0x1009002c       0x38 CMakeFiles/bbc.dir/__/__/lib/pico-sdk/src/rp2_common/pico_double/double_aeabi.S.obj
                0x1009002c                __wrap___aeabi_ui2d
                0x10090034                __wrap___aeabi_i2d
 .text.__wrap___aeabi_d2iz
                0x10090064       0x48 CMakeFiles/bbc.dir/__/__/lib/pico-sdk/src/rp2_common/pico_double/double_aeabi.S.obj
                0x10090064                __wrap___aeabi_d2iz
                0x10090064                double2int_z
 .text.__wrap___aeabi_d2uiz
                0x100900ac       0x18 CMakeFiles/bbc.dir/__/__/lib/pico-sdk/src/rp2_common/pico_double/double_aeabi.S.obj
                0x100900ac                double2uint
                0x100900ac                __wrap___aeabi_d2uiz
 .text.__aeabi_double_init
                0x100900c4       0x98 CMakeFiles/bbc.dir/__/__/lib/pico-sdk/src/rp2_common/pico_double/double_init_rom.c.obj
                0x100900c4                __aeabi_double_init
 .text.double_table_shim_on_use_helper
                0x1009015c       0x2c CMakeFiles/bbc.dir/__/__/lib/pico-sdk/src/rp2_common/pico_double/double_v1_rom_shim.S.obj
                0x1009015c                double_table_shim_on_use_helper
 .text.__wrap___aeabi_dsub
                0x10090188       0x10 CMakeFiles/bbc.dir/__/__/lib/pico-sdk/src/rp2_common/pico_double/double_v1_rom_shim.S.obj
                0x10090188                drsub_shim
                0x1009018e                dsub_shim
 .text.dadd_shim
                0x10090198      0x15c CMakeFiles/bbc.dir/__/__/lib/pico-sdk/src/rp2_common/pico_double/double_v1_rom_shim.S.obj
                0x10090198                dadd_shim
 .text.dmul_shim
                0x100902f4      0x15c CMakeFiles/bbc.dir/__/__/lib/pico-sdk/src/rp2_common/pico_double/double_v1_rom_shim.S.obj
                0x100902f4                dmul_shim
 .text.ddiv_shim
                0x10090450      0x1b0 CMakeFiles/bbc.dir/__/__/lib/pico-sdk/src/rp2_common/pico_double/double_v1_rom_shim.S.obj
                0x10090450                ddiv_shim
 .text.double2uint_shim
                0x10090600        0xe CMakeFiles/bbc.dir/__/__/lib/pico-sdk/src/rp2_common/pico_double/double_v1_rom_shim.S.obj
                0x10090600                double2uint_shim
                0x10090602                double2ufix_shim
 *fill*         0x1009060e        0x2 
 .text.double2uint64_shim
                0x10090610       0x70 CMakeFiles/bbc.dir/__/__/lib/pico-sdk/src/rp2_common/pico_double/double_v1_rom_shim.S.obj
                0x10090610                double2uint64_shim
                0x10090612                double2ufix64_shim
                0x10090632                d2fix_a
 .text.dunpacks
                0x10090680       0x3c CMakeFiles/bbc.dir/__/__/lib/pico-sdk/src/rp2_common/pico_double/double_v1_rom_shim.S.obj
                0x10090680                dunpacks
 .text.__aeabi_lmul
                0x100906bc       0x32 CMakeFiles/bbc.dir/__/__/lib/pico-sdk/src/rp2_common/pico_int64_ops/pico_int64_ops_aeabi.S.obj
                0x100906bc                __wrap___aeabi_lmul
 *fill*         0x100906ee        0x2 
 .text.__wrap___aeabi_farithmetic
                0x100906f0       0x48 CMakeFiles/bbc.dir/__/__/lib/pico-sdk/src/rp2_common/pico_float/float_aeabi.S.obj
                0x100906f0                __wrap___aeabi_frsub
                0x100906f6                __wrap___aeabi_fsub
                0x100906fc                __wrap___aeabi_fadd
                0x10090702                __wrap___aeabi_fdiv
                0x1009072a                __wrap___aeabi_fmul
 .text.__wrap___aeabi_ui2f
                0x10090738        0xa CMakeFiles/bbc.dir/__/__/lib/pico-sdk/src/rp2_common/pico_float/float_aeabi.S.obj
                0x10090738                __wrap___aeabi_ui2f
 *fill*         0x10090742        0x2 
 .text.__wrap___aeabi_i2f
                0x10090744       0x44 CMakeFiles/bbc.dir/__/__/lib/pico-sdk/src/rp2_common/pico_float/float_aeabi.S.obj
                0x10090744                __wrap___aeabi_i2f
 .text.__wrap___aeabi_f2uiz
                0x10090788        0xc CMakeFiles/bbc.dir/__/__/lib/pico-sdk/src/rp2_common/pico_float/float_aeabi.S.obj
                0x10090788                __wrap___aeabi_f2uiz
 .text.__aeabi_float_init
                0x10090794       0x64 CMakeFiles/bbc.dir/__/__/lib/pico-sdk/src/rp2_common/pico_float/float_init_rom.c.obj
                0x10090794                __aeabi_float_init
 .text.float_table_shim_on_use_helper
                0x100907f8       0x2c CMakeFiles/bbc.dir/__/__/lib/pico-sdk/src/rp2_common/pico_float/float_v1_rom_shim.S.obj
                0x100907f8                float_table_shim_on_use_helper
 .text.__wrap_malloc
                0x10090824       0x3c CMakeFiles/bbc.dir/__/__/lib/pico-sdk/src/rp2_common/pico_malloc/pico_malloc.c.obj
                0x10090824                __wrap_malloc
 .text.__wrap_calloc
                0x10090860       0x40 CMakeFiles/bbc.dir/__/__/lib/pico-sdk/src/rp2_common/pico_malloc/pico_malloc.c.obj
                0x10090860                __wrap_calloc
 .text          0x100908a0       0x10 CMakeFiles/bbc.dir/__/__/lib/pico-sdk/src/rp2_common/pico_mem_ops/mem_ops_aeabi.S.obj
                0x100908a0                __aeabi_mem_init
 .text.memset   0x100908b0        0xc CMakeFiles/bbc.dir/__/__/lib/pico-sdk/src/rp2_common/pico_mem_ops/mem_ops_aeabi.S.obj
                0x100908b0                __wrap_memset
 .text.memcpy   0x100908bc        0xc CMakeFiles/bbc.dir/__/__/lib/pico-sdk/src/rp2_common/pico_mem_ops/mem_ops_aeabi.S.obj
                0x100908bc                __wrap___aeabi_memcpy
                0x100908bc                __wrap_memcpy
 .text.stdio_out_chars_crlf
                0x100908c8       0xb0 CMakeFiles/bbc.dir/__/__/lib/pico-sdk/src/rp2_common/pico_stdio/stdio.c.obj
 .text.stdio_buffered_printer
                0x10090978       0x64 CMakeFiles/bbc.dir/__/__/lib/pico-sdk/src/rp2_common/pico_stdio/stdio.c.obj
 .text.__wrap_putchar
                0x100909dc       0x94 CMakeFiles/bbc.dir/__/__/lib/pico-sdk/src/rp2_common/pico_stdio/stdio.c.obj
                0x100909dc                __wrap_putchar
 .text.__wrap_puts
                0x10090a70       0xd4 CMakeFiles/bbc.dir/__/__/lib/pico-sdk/src/rp2_common/pico_stdio/stdio.c.obj
                0x10090a70                __wrap_puts
 .text.stdio_set_driver_enabled
                0x10090b44       0x30 CMakeFiles/bbc.dir/__/__/lib/pico-sdk/src/rp2_common/pico_stdio/stdio.c.obj
                0x10090b44                stdio_set_driver_enabled
 .text.__wrap_vprintf
                0x10090b74       0xcc CMakeFiles/bbc.dir/__/__/lib/pico-sdk/src/rp2_common/pico_stdio/stdio.c.obj
                0x10090b74                __wrap_vprintf
 .text.__wrap_printf
                0x10090c40       0x18 CMakeFiles/bbc.dir/__/__/lib/pico-sdk/src/rp2_common/pico_stdio/stdio.c.obj
                0x10090c40                __wrap_printf
 .text.stdio_init_all
                0x10090c58        0xc CMakeFiles/bbc.dir/__/__/lib/pico-sdk/src/rp2_common/pico_stdio/stdio.c.obj
                0x10090c58                stdio_init_all
 .text.stdio_uart_out_chars
                0x10090c64       0x4c CMakeFiles/bbc.dir/__/__/lib/pico-sdk/src/rp2_common/pico_stdio_uart/stdio_uart.c.obj
 .text.stdio_uart_in_chars
                0x10090cb0       0x90 CMakeFiles/bbc.dir/__/__/lib/pico-sdk/src/rp2_common/pico_stdio_uart/stdio_uart.c.obj
                0x10090cb0                stdio_uart_in_chars
 .text.on_uart_rx
                0x10090d40       0x28 CMakeFiles/bbc.dir/__/__/lib/pico-sdk/src/rp2_common/pico_stdio_uart/stdio_uart.c.obj
 .text.stdio_uart_set_chars_available_callback
                0x10090d68       0x8c CMakeFiles/bbc.dir/__/__/lib/pico-sdk/src/rp2_common/pico_stdio_uart/stdio_uart.c.obj
 .text.stdio_uart_init
                0x10090df4       0x48 CMakeFiles/bbc.dir/__/__/lib/pico-sdk/src/rp2_common/pico_stdio_uart/stdio_uart.c.obj
                0x10090df4                stdio_uart_init
 .text.core1_trampoline
                0x10090e3c        0x4 CMakeFiles/bbc.dir/__/__/lib/pico-sdk/src/rp2_common/pico_multicore/multicore.c.obj
 .text.core1_wrapper
                0x10090e40        0xc CMakeFiles/bbc.dir/__/__/lib/pico-sdk/src/rp2_common/pico_multicore/multicore.c.obj
                0x10090e40                core1_wrapper
 .text.multicore_launch_core1_raw
                0x10090e4c       0x8c CMakeFiles/bbc.dir/__/__/lib/pico-sdk/src/rp2_common/pico_multicore/multicore.c.obj
                0x10090e4c                multicore_launch_core1_raw
 .text.multicore_launch_core1
                0x10090ed8       0x58 CMakeFiles/bbc.dir/__/__/lib/pico-sdk/src/rp2_common/pico_multicore/multicore.c.obj
                0x10090ed8                multicore_launch_core1
 .text.dvi_init
                0x10090f30      0x1a8 CMakeFiles/bbc.dir/__/__/lib/PicoDVI/software/libdvi/dvi.c.obj
                0x10090f30                dvi_init
 .text.dvi_register_irqs_this_core
                0x100910d8       0x9c CMakeFiles/bbc.dir/__/__/lib/PicoDVI/software/libdvi/dvi.c.obj
                0x100910d8                dvi_register_irqs_this_core
 .text.dvi_start
                0x10091174       0xdc CMakeFiles/bbc.dir/__/__/lib/PicoDVI/software/libdvi/dvi.c.obj
                0x10091174                dvi_start
 .text.dvi_serialiser_init
                0x10091250      0x19c CMakeFiles/bbc.dir/__/__/lib/PicoDVI/software/libdvi/dvi_serialiser.c.obj
                0x10091250                dvi_serialiser_init
 .text.dvi_serialiser_enable
                0x100913ec       0x60 CMakeFiles/bbc.dir/__/__/lib/PicoDVI/software/libdvi/dvi_serialiser.c.obj
                0x100913ec                dvi_serialiser_enable
 .text.dvi_timing_state_init
                0x1009144c        0x8 CMakeFiles/bbc.dir/__/__/lib/PicoDVI/software/libdvi/dvi_timing.c.obj
                0x1009144c                dvi_timing_state_init
 .text.dvi_setup_scanline_for_vblank
                0x10091454      0x12c CMakeFiles/bbc.dir/__/__/lib/PicoDVI/software/libdvi/dvi_timing.c.obj
                0x10091454                dvi_setup_scanline_for_vblank
 .text.dvi_setup_scanline_for_active
                0x10091580      0x1dc CMakeFiles/bbc.dir/__/__/lib/PicoDVI/software/libdvi/dvi_timing.c.obj
                0x10091580                dvi_setup_scanline_for_active
 .text.tmds_encode_symbols
                0x1009175c      0x158 CMakeFiles/bbc.dir/__/__/lib/PicoDVI/software/libdvi/tmds_encode.c.obj
 .text.tmds_setup_palette24_symbols
                0x100918b4       0x70 CMakeFiles/bbc.dir/__/__/lib/PicoDVI/software/libdvi/tmds_encode.c.obj
                0x100918b4                tmds_setup_palette24_symbols
 .text.dma_claim_unused_channel
                0x10091924       0x24 CMakeFiles/bbc.dir/__/__/lib/pico-sdk/src/rp2_common/hardware_dma/dma.c.obj
                0x10091924                dma_claim_unused_channel
 .text.pio_sm_claim
                0x10091948       0x30 CMakeFiles/bbc.dir/__/__/lib/pico-sdk/src/rp2_common/hardware_pio/pio.c.obj
                0x10091948                pio_sm_claim
 .text.pio_add_program
                0x10091978       0xec CMakeFiles/bbc.dir/__/__/lib/pico-sdk/src/rp2_common/hardware_pio/pio.c.obj
                0x10091978                pio_add_program
 .text.pio_sm_set_pins_with_mask
                0x10091a64       0xa8 CMakeFiles/bbc.dir/__/__/lib/pico-sdk/src/rp2_common/hardware_pio/pio.c.obj
                0x10091a64                pio_sm_set_pins_with_mask
 .text.pio_sm_set_pindirs_with_mask
                0x10091b0c       0xa8 CMakeFiles/bbc.dir/__/__/lib/pico-sdk/src/rp2_common/hardware_pio/pio.c.obj
                0x10091b0c                pio_sm_set_pindirs_with_mask
 .text.pio_sm_init
                0x10091bb4       0x98 CMakeFiles/bbc.dir/__/__/lib/pico-sdk/src/rp2_common/hardware_pio/pio.c.obj
                0x10091bb4                pio_sm_init
 .text.hcd_rp2040_irq
                0x10091c4c      0x370 CMakeFiles/bbc.dir/__/__/lib/tinyusb/src/portable/raspberrypi/rp2040/hcd_rp2040.c.obj
 .text.hcd_init
                0x10091fbc       0x54 CMakeFiles/bbc.dir/__/__/lib/tinyusb/src/portable/raspberrypi/rp2040/hcd_rp2040.c.obj
                0x10091fbc                hcd_init
 .text.hcd_port_reset
                0x10092010        0x4 CMakeFiles/bbc.dir/__/__/lib/tinyusb/src/portable/raspberrypi/rp2040/hcd_rp2040.c.obj
                0x10092010                hcd_port_reset
 .text.hcd_port_reset_end
                0x10092014        0x4 CMakeFiles/bbc.dir/__/__/lib/tinyusb/src/portable/raspberrypi/rp2040/hcd_rp2040.c.obj
                0x10092014                hcd_port_reset_end
 .text.hcd_port_connect_status
                0x10092018       0x18 CMakeFiles/bbc.dir/__/__/lib/tinyusb/src/portable/raspberrypi/rp2040/hcd_rp2040.c.obj
                0x10092018                hcd_port_connect_status
 .text.hcd_port_speed_get
                0x10092030       0x24 CMakeFiles/bbc.dir/__/__/lib/tinyusb/src/portable/raspberrypi/rp2040/hcd_rp2040.c.obj
                0x10092030                hcd_port_speed_get
 .text.hcd_device_close
                0x10092054      0x470 CMakeFiles/bbc.dir/__/__/lib/tinyusb/src/portable/raspberrypi/rp2040/hcd_rp2040.c.obj
                0x10092054                hcd_device_close
 .text.hcd_int_enable
                0x100924c4        0xc CMakeFiles/bbc.dir/__/__/lib/tinyusb/src/portable/raspberrypi/rp2040/hcd_rp2040.c.obj
                0x100924c4                hcd_int_enable
 .text.hcd_edpt_open
                0x100924d0      0x234 CMakeFiles/bbc.dir/__/__/lib/tinyusb/src/portable/raspberrypi/rp2040/hcd_rp2040.c.obj
                0x100924d0                hcd_edpt_open
 .text.hcd_edpt_xfer
                0x10092704      0x358 CMakeFiles/bbc.dir/__/__/lib/tinyusb/src/portable/raspberrypi/rp2040/hcd_rp2040.c.obj
                0x10092704                hcd_edpt_xfer
 .text.hcd_setup_send
                0x10092a5c       0xbc CMakeFiles/bbc.dir/__/__/lib/tinyusb/src/portable/raspberrypi/rp2040/hcd_rp2040.c.obj
                0x10092a5c                hcd_setup_send
 .text._hw_endpoint_buffer_control_update32.part.0.isra.0
                0x10092b18       0x1c CMakeFiles/bbc.dir/__/__/lib/tinyusb/src/portable/raspberrypi/rp2040/rp2040_usb.c.obj
 .text.rp2040_usb_init
                0x10092b34       0x4c CMakeFiles/bbc.dir/__/__/lib/tinyusb/src/portable/raspberrypi/rp2040/rp2040_usb.c.obj
                0x10092b34                rp2040_usb_init
 .text.hw_endpoint_reset_transfer
                0x10092b80        0xc CMakeFiles/bbc.dir/__/__/lib/tinyusb/src/portable/raspberrypi/rp2040/rp2040_usb.c.obj
                0x10092b80                hw_endpoint_reset_transfer
 .text.hw_endpoint_start_next_buffer
                0x10092b8c      0x120 CMakeFiles/bbc.dir/__/__/lib/tinyusb/src/portable/raspberrypi/rp2040/rp2040_usb.c.obj
                0x10092b8c                hw_endpoint_start_next_buffer
 .text.hw_endpoint_xfer_start
                0x10092cac      0x12c CMakeFiles/bbc.dir/__/__/lib/tinyusb/src/portable/raspberrypi/rp2040/rp2040_usb.c.obj
                0x10092cac                hw_endpoint_xfer_start
 .text.hw_endpoint_xfer_continue
                0x10092dd8       0xbc CMakeFiles/bbc.dir/__/__/lib/tinyusb/src/portable/raspberrypi/rp2040/rp2040_usb.c.obj
                0x10092dd8                hw_endpoint_xfer_continue
 .text._control_blocking_complete_cb
                0x10092e94        0x8 CMakeFiles/bbc.dir/__/__/lib/tinyusb/src/host/usbh.c.obj
 .text.usbh_control_xfer_cb.isra.0
                0x10092e9c      0x15c CMakeFiles/bbc.dir/__/__/lib/tinyusb/src/host/usbh.c.obj
 .text.tuh_speed_get
                0x10092ff8       0x24 CMakeFiles/bbc.dir/__/__/lib/tinyusb/src/host/usbh.c.obj
                0x10092ff8                tuh_speed_get
 .text.tuh_init
                0x1009301c      0x128 CMakeFiles/bbc.dir/__/__/lib/tinyusb/src/host/usbh.c.obj
                0x1009301c                tuh_init
 .text.tuh_control_xfer
                0x10093144      0x11c CMakeFiles/bbc.dir/__/__/lib/tinyusb/src/host/usbh.c.obj
                0x10093144                tuh_control_xfer
 .text.tuh_task_ext.part.0
                0x10093260      0x3d8 CMakeFiles/bbc.dir/__/__/lib/tinyusb/src/host/usbh.c.obj
 .text.tuh_task_ext
                0x10093638       0x14 CMakeFiles/bbc.dir/__/__/lib/tinyusb/src/host/usbh.c.obj
                0x10093638                tuh_task_ext
 .text.process_enumeration
                0x1009364c      0x5f8 CMakeFiles/bbc.dir/__/__/lib/tinyusb/src/host/usbh.c.obj
 .text.usbh_get_rhport
                0x10093c44       0x20 CMakeFiles/bbc.dir/__/__/lib/tinyusb/src/host/usbh.c.obj
                0x10093c44                usbh_get_rhport
 .text.usbh_get_enum_buf
                0x10093c64        0x8 CMakeFiles/bbc.dir/__/__/lib/tinyusb/src/host/usbh.c.obj
                0x10093c64                usbh_get_enum_buf
 .text.usbh_edpt_claim
                0x10093c6c       0x48 CMakeFiles/bbc.dir/__/__/lib/tinyusb/src/host/usbh.c.obj
                0x10093c6c                usbh_edpt_claim
 .text.usbh_edpt_release
                0x10093cb4       0x48 CMakeFiles/bbc.dir/__/__/lib/tinyusb/src/host/usbh.c.obj
                0x10093cb4                usbh_edpt_release
 .text.usbh_edpt_xfer_with_callback
                0x10093cfc       0x70 CMakeFiles/bbc.dir/__/__/lib/tinyusb/src/host/usbh.c.obj
                0x10093cfc                usbh_edpt_xfer_with_callback
 .text.tuh_edpt_open
                0x10093d6c       0x4c CMakeFiles/bbc.dir/__/__/lib/tinyusb/src/host/usbh.c.obj
                0x10093d6c                tuh_edpt_open
 .text.tuh_descriptor_get_hid_report
                0x10093db8      0x120 CMakeFiles/bbc.dir/__/__/lib/tinyusb/src/host/usbh.c.obj
                0x10093db8                tuh_descriptor_get_hid_report
 .text.usbh_driver_set_config_complete
                0x10093ed8      0x1a4 CMakeFiles/bbc.dir/__/__/lib/tinyusb/src/host/usbh.c.obj
                0x10093ed8                usbh_driver_set_config_complete
 .text.connection_port_reset_complete
                0x1009407c       0x34 CMakeFiles/bbc.dir/__/__/lib/tinyusb/src/host/hub.c.obj
 .text.hub_clear_feature_complete_stub
                0x100940b0       0x2c CMakeFiles/bbc.dir/__/__/lib/tinyusb/src/host/hub.c.obj
 .text.config_set_port_power
                0x100940dc       0x54 CMakeFiles/bbc.dir/__/__/lib/tinyusb/src/host/hub.c.obj
 .text.config_port_power_complete
                0x10094130       0x8c CMakeFiles/bbc.dir/__/__/lib/tinyusb/src/host/hub.c.obj
 .text.connection_clear_conn_change_complete
                0x100941bc       0x90 CMakeFiles/bbc.dir/__/__/lib/tinyusb/src/host/hub.c.obj
 .text.hub_get_status_complete
                0x1009424c       0x8c CMakeFiles/bbc.dir/__/__/lib/tinyusb/src/host/hub.c.obj
 .text.hub_port_get_status_complete
                0x100942d8      0x184 CMakeFiles/bbc.dir/__/__/lib/tinyusb/src/host/hub.c.obj
 .text.hub_port_clear_feature
                0x1009445c       0x48 CMakeFiles/bbc.dir/__/__/lib/tinyusb/src/host/hub.c.obj
                0x1009445c                hub_port_clear_feature
 .text.hub_port_get_status
                0x100944a4       0x54 CMakeFiles/bbc.dir/__/__/lib/tinyusb/src/host/hub.c.obj
                0x100944a4                hub_port_get_status
 .text.hub_init
                0x100944f8       0x14 CMakeFiles/bbc.dir/__/__/lib/tinyusb/src/host/hub.c.obj
                0x100944f8                hub_init
 .text.hub_open
                0x1009450c       0x54 CMakeFiles/bbc.dir/__/__/lib/tinyusb/src/host/hub.c.obj
                0x1009450c                hub_open
 .text.hub_close
                0x10094560       0x24 CMakeFiles/bbc.dir/__/__/lib/tinyusb/src/host/hub.c.obj
                0x10094560                hub_close
 .text.hub_edpt_status_xfer
                0x10094584       0x28 CMakeFiles/bbc.dir/__/__/lib/tinyusb/src/host/hub.c.obj
                0x10094584                hub_edpt_status_xfer
 .text.hub_set_config
                0x100945ac       0x54 CMakeFiles/bbc.dir/__/__/lib/tinyusb/src/host/hub.c.obj
                0x100945ac                hub_set_config
 .text.hub_xfer_cb
                0x10094600      0x118 CMakeFiles/bbc.dir/__/__/lib/tinyusb/src/host/hub.c.obj
                0x10094600                hub_xfer_cb
 .text.process_set_config
                0x10094718      0x1c4 CMakeFiles/bbc.dir/__/__/lib/tinyusb/src/class/hid/hid_host.c.obj
 .text.tuh_hid_interface_protocol
                0x100948dc       0x2c CMakeFiles/bbc.dir/__/__/lib/tinyusb/src/class/hid/hid_host.c.obj
                0x100948dc                tuh_hid_interface_protocol
 .text.tuh_hid_receive_report
                0x10094908       0x54 CMakeFiles/bbc.dir/__/__/lib/tinyusb/src/class/hid/hid_host.c.obj
                0x10094908                tuh_hid_receive_report
 .text.hidh_init
                0x1009495c       0x14 CMakeFiles/bbc.dir/__/__/lib/tinyusb/src/class/hid/hid_host.c.obj
                0x1009495c                hidh_init
 .text.hidh_xfer_cb
                0x10094970       0xd0 CMakeFiles/bbc.dir/__/__/lib/tinyusb/src/class/hid/hid_host.c.obj
                0x10094970                hidh_xfer_cb
 .text.hidh_close
                0x10094a40       0xa0 CMakeFiles/bbc.dir/__/__/lib/tinyusb/src/class/hid/hid_host.c.obj
                0x10094a40                hidh_close
 .text.hidh_open
                0x10094ae0      0x118 CMakeFiles/bbc.dir/__/__/lib/tinyusb/src/class/hid/hid_host.c.obj
                0x10094ae0                hidh_open
 .text.hidh_set_config
                0x10094bf8       0xac CMakeFiles/bbc.dir/__/__/lib/tinyusb/src/class/hid/hid_host.c.obj
                0x10094bf8                hidh_set_config
 .text.config_read_capacity_complete
                0x10094ca4       0x74 CMakeFiles/bbc.dir/__/__/lib/tinyusb/src/class/msc/msc_host.c.obj
 .text.config_get_maxlun_complete
                0x10094d18       0xac CMakeFiles/bbc.dir/__/__/lib/tinyusb/src/class/msc/msc_host.c.obj
 .text.config_request_sense_complete
                0x10094dc4       0xc0 CMakeFiles/bbc.dir/__/__/lib/tinyusb/src/class/msc/msc_host.c.obj
 .text.config_test_unit_ready_complete
                0x10094e84      0x18c CMakeFiles/bbc.dir/__/__/lib/tinyusb/src/class/msc/msc_host.c.obj
 .text.tuh_msc_get_block_count
                0x10095010       0x1c CMakeFiles/bbc.dir/__/__/lib/tinyusb/src/class/msc/msc_host.c.obj
                0x10095010                tuh_msc_get_block_count
 .text.tuh_msc_get_block_size
                0x1009502c       0x1c CMakeFiles/bbc.dir/__/__/lib/tinyusb/src/class/msc/msc_host.c.obj
                0x1009502c                tuh_msc_get_block_size
 .text.tuh_msc_mounted
                0x10095048       0x14 CMakeFiles/bbc.dir/__/__/lib/tinyusb/src/class/msc/msc_host.c.obj
                0x10095048                tuh_msc_mounted
 .text.tuh_msc_inquiry
                0x1009505c       0xe4 CMakeFiles/bbc.dir/__/__/lib/tinyusb/src/class/msc/msc_host.c.obj
                0x1009505c                tuh_msc_inquiry
 .text.tuh_msc_read10
                0x10095140      0x158 CMakeFiles/bbc.dir/__/__/lib/tinyusb/src/class/msc/msc_host.c.obj
                0x10095140                tuh_msc_read10
 .text.tuh_msc_write10
                0x10095298      0x11c CMakeFiles/bbc.dir/__/__/lib/tinyusb/src/class/msc/msc_host.c.obj
                0x10095298                tuh_msc_write10
 .text.msch_init
                0x100953b4       0x14 CMakeFiles/bbc.dir/__/__/lib/tinyusb/src/class/msc/msc_host.c.obj
                0x100953b4                msch_init
 .text.msch_close
                0x100953c8       0x40 CMakeFiles/bbc.dir/__/__/lib/tinyusb/src/class/msc/msc_host.c.obj
                0x100953c8                msch_close
 .text.msch_xfer_cb
                0x10095408       0xd8 CMakeFiles/bbc.dir/__/__/lib/tinyusb/src/class/msc/msc_host.c.obj
                0x10095408                msch_xfer_cb
 .text.msch_open
                0x100954e0       0xb8 CMakeFiles/bbc.dir/__/__/lib/tinyusb/src/class/msc/msc_host.c.obj
                0x100954e0                msch_open
 .text.msch_set_config
                0x10095598       0x5c CMakeFiles/bbc.dir/__/__/lib/tinyusb/src/class/msc/msc_host.c.obj
                0x10095598                msch_set_config
 .text.tusb_init
                0x100955f4        0xc CMakeFiles/bbc.dir/__/__/lib/tinyusb/src/tusb.c.obj
                0x100955f4                tusb_init
 .text.tu_edpt_claim
                0x10095600       0x50 CMakeFiles/bbc.dir/__/__/lib/tinyusb/src/tusb.c.obj
                0x10095600                tu_edpt_claim
 .text.tu_edpt_release
                0x10095650       0x38 CMakeFiles/bbc.dir/__/__/lib/tinyusb/src/tusb.c.obj
                0x10095650                tu_edpt_release
 .text.tu_edpt_validate
                0x10095688       0x7c CMakeFiles/bbc.dir/__/__/lib/tinyusb/src/tusb.c.obj
                0x10095688                tu_edpt_validate
 .text.tu_edpt_bind_driver
                0x10095704       0x34 CMakeFiles/bbc.dir/__/__/lib/tinyusb/src/tusb.c.obj
                0x10095704                tu_edpt_bind_driver
 .text.tu_desc_get_interface_total_len
                0x10095738       0x4c CMakeFiles/bbc.dir/__/__/lib/tinyusb/src/tusb.c.obj
                0x10095738                tu_desc_get_interface_total_len
 .text.tu_fifo_empty
                0x10095784       0x10 CMakeFiles/bbc.dir/__/__/lib/tinyusb/src/common/tusb_fifo.c.obj
                0x10095784                tu_fifo_empty
 .text.tu_fifo_read
                0x10095794       0x9c CMakeFiles/bbc.dir/__/__/lib/tinyusb/src/common/tusb_fifo.c.obj
                0x10095794                tu_fifo_read
 .text.tu_fifo_write
                0x10095830       0xa4 CMakeFiles/bbc.dir/__/__/lib/tinyusb/src/common/tusb_fifo.c.obj
                0x10095830                tu_fifo_write
 .text.tu_fifo_clear
                0x100958d4       0x40 CMakeFiles/bbc.dir/__/__/lib/tinyusb/src/common/tusb_fifo.c.obj
                0x100958d4                tu_fifo_clear
 .text.init_alloc_info.isra.0
                0x10095914       0x6c CMakeFiles/bbc.dir/__/__/lib/fatfs/source/ff.c.obj
 .text.get_fileinfo
                0x10095980      0x3b4 CMakeFiles/bbc.dir/__/__/lib/fatfs/source/ff.c.obj
 .text.move_window
                0x10095d34       0x68 CMakeFiles/bbc.dir/__/__/lib/fatfs/source/ff.c.obj
 .text.put_fat.part.0
                0x10095d9c      0x144 CMakeFiles/bbc.dir/__/__/lib/fatfs/source/ff.c.obj
 .text.get_fat  0x10095ee0      0x188 CMakeFiles/bbc.dir/__/__/lib/fatfs/source/ff.c.obj
 .text.dir_next.constprop.0
                0x10096068       0xac CMakeFiles/bbc.dir/__/__/lib/fatfs/source/ff.c.obj
 .text.sync_fs  0x10096114      0x11c CMakeFiles/bbc.dir/__/__/lib/fatfs/source/ff.c.obj
 .text.check_fs
                0x10096230      0x170 CMakeFiles/bbc.dir/__/__/lib/fatfs/source/ff.c.obj
 .text.mount_volume
                0x100963a0      0x680 CMakeFiles/bbc.dir/__/__/lib/fatfs/source/ff.c.obj
 .text.load_xdir
                0x10096a20      0x154 CMakeFiles/bbc.dir/__/__/lib/fatfs/source/ff.c.obj
 .text.dir_read.constprop.0
                0x10096b74      0x484 CMakeFiles/bbc.dir/__/__/lib/fatfs/source/ff.c.obj
 .text.dir_sdi  0x10096ff8      0x280 CMakeFiles/bbc.dir/__/__/lib/fatfs/source/ff.c.obj
 .text.store_xdir
                0x10097278      0x1a4 CMakeFiles/bbc.dir/__/__/lib/fatfs/source/ff.c.obj
 .text.dir_find
                0x1009741c      0x418 CMakeFiles/bbc.dir/__/__/lib/fatfs/source/ff.c.obj
 .text.follow_path
                0x10097834      0x4ec CMakeFiles/bbc.dir/__/__/lib/fatfs/source/ff.c.obj
 .text.remove_chain
                0x10097d20      0x36c CMakeFiles/bbc.dir/__/__/lib/fatfs/source/ff.c.obj
 .text.create_chain
                0x1009808c      0x498 CMakeFiles/bbc.dir/__/__/lib/fatfs/source/ff.c.obj
 .text.dir_alloc
                0x10098524      0x278 CMakeFiles/bbc.dir/__/__/lib/fatfs/source/ff.c.obj
 .text.dir_register
                0x1009879c      0x948 CMakeFiles/bbc.dir/__/__/lib/fatfs/source/ff.c.obj
 .text.f_mount  0x100990e4       0x7c CMakeFiles/bbc.dir/__/__/lib/fatfs/source/ff.c.obj
                0x100990e4                f_mount
 .text.f_open   0x10099160      0x30c CMakeFiles/bbc.dir/__/__/lib/fatfs/source/ff.c.obj
                0x10099160                f_open
 .text.f_read   0x1009946c      0x234 CMakeFiles/bbc.dir/__/__/lib/fatfs/source/ff.c.obj
                0x1009946c                f_read
 .text.f_sync   0x100996a0      0x278 CMakeFiles/bbc.dir/__/__/lib/fatfs/source/ff.c.obj
                0x100996a0                f_sync
 .text.f_close  0x10099918       0x40 CMakeFiles/bbc.dir/__/__/lib/fatfs/source/ff.c.obj
                0x10099918                f_close
 .text.f_chdrive
                0x10099958       0x3c CMakeFiles/bbc.dir/__/__/lib/fatfs/source/ff.c.obj
                0x10099958                f_chdrive
 .text.f_chdir  0x10099994       0xb8 CMakeFiles/bbc.dir/__/__/lib/fatfs/source/ff.c.obj
                0x10099994                f_chdir
 .text.f_getcwd
                0x10099a4c      0x304 CMakeFiles/bbc.dir/__/__/lib/fatfs/source/ff.c.obj
                0x10099a4c                f_getcwd
 .text.f_lseek  0x10099d50      0x4e8 CMakeFiles/bbc.dir/__/__/lib/fatfs/source/ff.c.obj
                0x10099d50                f_lseek
 .text.f_opendir
                0x1009a238       0xa0 CMakeFiles/bbc.dir/__/__/lib/fatfs/source/ff.c.obj
                0x1009a238                f_opendir
 .text.f_closedir
                0x1009a2d8       0x34 CMakeFiles/bbc.dir/__/__/lib/fatfs/source/ff.c.obj
                0x1009a2d8                f_closedir
 .text.f_readdir
                0x1009a30c       0x60 CMakeFiles/bbc.dir/__/__/lib/fatfs/source/ff.c.obj
                0x1009a30c                f_readdir
 .text.ff_uni2oem
                0x1009a36c       0x40 CMakeFiles/bbc.dir/__/__/lib/fatfs/source/ffunicode.c.obj
                0x1009a36c                ff_uni2oem
 .text.ff_oem2uni
                0x1009a3ac       0x2c CMakeFiles/bbc.dir/__/__/lib/fatfs/source/ffunicode.c.obj
                0x1009a3ac                ff_oem2uni
 .text.ff_wtoupper
                0x1009a3d8       0xb8 CMakeFiles/bbc.dir/__/__/lib/fatfs/source/ffunicode.c.obj
                0x1009a3d8                ff_wtoupper
 .text          0x1009a490       0x60 /usr/lib/gcc/arm-none-eabi/14.2.1/../../../arm-none-eabi/lib/thumb/v6-m/nofp/libc.a(libc_a-strncpy.o)
                0x1009a490                strncpy
 .text          0x1009a4f0       0x5c /usr/lib/gcc/arm-none-eabi/14.2.1/../../../arm-none-eabi/lib/thumb/v6-m/nofp/libc.a(libc_a-strlen-stub.o)
                0x1009a4f0                strlen
 .text          0x1009a54c       0xc4 /usr/lib/gcc/arm-none-eabi/14.2.1/../../../arm-none-eabi/lib/thumb/v6-m/nofp/libc.a(libc_a-strchr.o)
                0x1009a54c                strchr
 .text          0x1009a610       0x28 /usr/lib/gcc/arm-none-eabi/14.2.1/../../../arm-none-eabi/lib/thumb/v6-m/nofp/libc.a(libc_a-fini.o)
                0x1009a610                __libc_fini_array
 .text          0x1009a638       0x18 /usr/lib/gcc/arm-none-eabi/14.2.1/../../../arm-none-eabi/lib/thumb/v6-m/nofp/libc.a(libc_a-calloc.o)
                0x1009a638                calloc
 .text          0x1009a650       0xa8 /usr/lib/gcc/arm-none-eabi/14.2.1/../../../arm-none-eabi/lib/thumb/v6-m/nofp/libc.a(libc_a-callocr.o)
                0x1009a650                _calloc_r
 .text          0x1009a6f8      0x5b0 /usr/lib/gcc/arm-none-eabi/14.2.1/../../../arm-none-eabi/lib/thumb/v6-m/nofp/libc.a(libc_a-mallocr.o)
                0x1009a6f8                _malloc_r
 .text          0x1009aca8      0x288 /usr/lib/gcc/arm-none-eabi/14.2.1/../../../arm-none-eabi/lib/thumb/v6-m/nofp/libc.a(libc_a-freer.o)
                0x1009aca8                _malloc_trim_r
                0x1009ad5c                _free_r
 .text          0x1009af30       0x48 /usr/lib/gcc/arm-none-eabi/14.2.1/../../../arm-none-eabi/lib/thumb/v6-m/nofp/libc.a(libc_a-memcmp.o)
                0x1009af30                memcmp
 .text          0x1009af78        0xc /usr/lib/gcc/arm-none-eabi/14.2.1/../../../arm-none-eabi/lib/thumb/v6-m/nofp/libc.a(libc_a-errno.o)
                0x1009af78                __errno
 .text          0x1009af84       0x28 /usr/lib/gcc/arm-none-eabi/14.2.1/../../../arm-none-eabi/lib/thumb/v6-m/nofp/libc.a(libc_a-malloc.o)
                0x1009af84                malloc
                0x1009af98                free
 .text          0x1009afac        0x8 /usr/lib/gcc/arm-none-eabi/14.2.1/../../../arm-none-eabi/lib/thumb/v6-m/nofp/libc.a(libc_a-mlock.o)
                0x1009afac                __malloc_lock
                0x1009afb0                __malloc_unlock
 .text          0x1009afb4       0x24 /usr/lib/gcc/arm-none-eabi/14.2.1/../../../arm-none-eabi/lib/thumb/v6-m/nofp/libc.a(libc_a-sbrkr.o)
                0x1009afb4                _sbrk_r
 .text          0x1009afd8       0x10 /usr/lib/gcc/arm-none-eabi/14.2.1/../../../arm-none-eabi/lib/thumb/v6-m/nofp/libc.a(libc_a-atexit.o)
                0x1009afd8                atexit
 .text          0x1009afe8       0x1c /usr/lib/gcc/arm-none-eabi/14.2.1/../../../arm-none-eabi/lib/thumb/v6-m/nofp/libc.a(libc_a-sysconf.o)
                0x1009afe8                sysconf
 .text          0x1009b004       0x78 /usr/lib/gcc/arm-none-eabi/14.2.1/../../../arm-none-eabi/lib/thumb/v6-m/nofp/libc.a(libc_a-__atexit.o)
                0x1009b004                __register_exitproc
 .text.startup  0x1009b07c       0x18 /usr/lib/gcc/arm-none-eabi/14.2.1/../../../arm-none-eabi/lib/thumb/v6-m/nofp/libc.a(libc_a-__call_atexit.o)
 *(.fini)
 .fini          0x1009b094        0x4 /usr/lib/gcc/arm-none-eabi/14.2.1/thumb/v6-m/nofp/crti.o
                0x1009b094                _fini
 .fini.__stub   0x1009b098       0x70 linker stubs
 *crtbegin.o(.ctors)
 *crtbegin?.o(.ctors)
 *(EXCLUDE_FILE(*crtend.o *crtend?.o) .ctors)
 *(SORT_BY_NAME(.ctors.*))
 *(.ctors)
 *crtbegin.o(.dtors)
 *crtbegin?.o(.dtors)
 *(EXCLUDE_FILE(*crtend.o *crtend?.o) .dtors)
 *(SORT_BY_NAME(.dtors.*))
 *(.dtors)
 *(.eh_frame*)
 .eh_frame      0x1009b108        0x0 /usr/lib/gcc/arm-none-eabi/14.2.1/thumb/v6-m/nofp/crtbegin.o
                0x1009b108                        . = ALIGN (0x4)

.glue_7         0x1009b108        0x0
 .glue_7        0x1009b108        0x0 linker stubs

.glue_7t        0x1009b108        0x0
 .glue_7t       0x1009b108        0x0 linker stubs

.vfp11_veneer   0x1009b108        0x0
 .vfp11_veneer  0x1009b108        0x0 linker stubs

.v4_bx          0x1009b108        0x0
 .v4_bx         0x1009b108        0x0 linker stubs

.iplt           0x1009b108        0x0
 .iplt          0x1009b108        0x0 /usr/lib/gcc/arm-none-eabi/14.2.1/thumb/v6-m/nofp/crtbegin.o

.rodata         0x1009b108     0x11f4
 *(EXCLUDE_FILE(*libm.a: *libc.a:*lib_a-mem*.o *libgcc.a:) .rodata*)
 .rodata._bbc_render_scanline
                0x1009b108      0x100 CMakeFiles/bbc.dir/src/bbc.c.obj
 .rodata.insert_image.part.0.str1.4
                0x1009b208      0x3cf CMakeFiles/bbc.dir/src/bbc.c.obj
                                 0x36 (size before relaxing)
 .rodata.usb_scan.str1.4
                0x1009b5d7       0x1b CMakeFiles/bbc.dir/src/bbc.c.obj
 *fill*         0x1009b5d7        0x1 
 .rodata.mos6522via_read
                0x1009b5d8       0x40 CMakeFiles/bbc.dir/src/bbc.c.obj
 .rodata.mos6522via_write
                0x1009b618       0x40 CMakeFiles/bbc.dir/src/bbc.c.obj
 .rodata.wd1770_tick
                0x1009b658       0x30 CMakeFiles/bbc.dir/src/bbc.c.obj
 .rodata.main.str1.4
                0x1009b688       0x8a CMakeFiles/bbc.dir/src/bbc.c.obj
 .rodata.CSWTCH.198
                0x1009b688      0x180 CMakeFiles/bbc.dir/src/bbc.c.obj
 .rodata.digits.0
                0x1009b808        0x9 CMakeFiles/bbc.dir/src/bbc.c.obj
 *fill*         0x1009b811        0x3 
 .rodata.letters.1
                0x1009b814       0x1a CMakeFiles/bbc.dir/src/bbc.c.obj
 *fill*         0x1009b82e        0x2 
 .rodata._bbc_sn_volume
                0x1009b830       0x10 CMakeFiles/bbc.dir/src/bbc.c.obj
 .rodata._bbc_screen_wrap
                0x1009b840        0x8 CMakeFiles/bbc.dir/src/bbc.c.obj
 .rodata.bbc_teletext_font
                0x1009b848      0x360 CMakeFiles/bbc.dir/src/bbc.c.obj
 .rodata.bbc_palette
                0x1009bba8       0x20 CMakeFiles/bbc.dir/src/bbc.c.obj
 .rodata._wd1770_step_ms
                0x1009bbc8        0x8 CMakeFiles/bbc.dir/src/bbc.c.obj
 .rodata.modifier_keys.0
                0x1009bbd0        0x8 CMakeFiles/bbc.dir/src/hid_app_bbc.c.obj
 .rodata.inquiry_complete_cb.str1.4
                0x1009bbd8       0x67 CMakeFiles/bbc.dir/__/__/src/msc_app.c.obj
 .rodata.tuh_msc_mount_cb.str1.4
                0x1009bbd8       0x18 CMakeFiles/bbc.dir/__/__/src/msc_app.c.obj
 .rodata.spin_lock_claim_unused.str1.4
                0x1009bbd8       0x1b CMakeFiles/bbc.dir/__/__/lib/pico-sdk/src/rp2_common/hardware_sync/sync.c.obj
 .rodata.hardware_alarm_claim.str1.4
                0x1009bbd8       0x22 CMakeFiles/bbc.dir/__/__/lib/pico-sdk/src/rp2_common/hardware_timer/timer.c.obj
 .rodata.panic.str1.4
                0x1009bbd8       0x12 CMakeFiles/bbc.dir/__/__/lib/pico-sdk/src/rp2_common/pico_runtime/runtime.c.obj
 .rodata.hard_assertion_failure.str1.4
                0x1009bbd8        0xc CMakeFiles/bbc.dir/__/__/lib/pico-sdk/src/rp2_common/pico_runtime/runtime.c.obj
 .rodata._ftoa.str1.4
                0x1009bbd8       0x15 CMakeFiles/bbc.dir/__/__/lib/pico-sdk/src/rp2_common/pico_printf/printf.c.obj
 .rodata._vsnprintf
                0x1009bbd8      0x19c CMakeFiles/bbc.dir/__/__/lib/pico-sdk/src/rp2_common/pico_printf/printf.c.obj
 *fill*         0x1009bd74        0x4 
 .rodata.pow10.0
                0x1009bd78       0x50 CMakeFiles/bbc.dir/__/__/lib/pico-sdk/src/rp2_common/pico_printf/printf.c.obj
 .rodata.__wrap_malloc.str1.4
                0x1009bdc8        0xe CMakeFiles/bbc.dir/__/__/lib/pico-sdk/src/rp2_common/pico_malloc/pico_malloc.c.obj
 .rodata.str1.4
                0x1009bdc8       0x44 CMakeFiles/bbc.dir/__/__/lib/pico-sdk/src/rp2_common/pico_standard_link/binary_info.c.obj
 .rodata.__bi_81
                0x1009bdc8        0xc CMakeFiles/bbc.dir/__/__/lib/pico-sdk/src/rp2_common/pico_standard_link/binary_info.c.obj
 .rodata.__bi_75
                0x1009bdd4        0xc CMakeFiles/bbc.dir/__/__/lib/pico-sdk/src/rp2_common/pico_standard_link/binary_info.c.obj
 .rodata.__bi_44
                0x1009bde0        0xc CMakeFiles/bbc.dir/__/__/lib/pico-sdk/src/rp2_common/pico_standard_link/binary_info.c.obj
 .rodata.crlf_str.0
                0x1009bdec        0x2 CMakeFiles/bbc.dir/__/__/lib/pico-sdk/src/rp2_common/pico_stdio/stdio.c.obj
 .rodata.str1.4
                0x1009bdee       0x2c CMakeFiles/bbc.dir/__/__/lib/pico-sdk/src/rp2_common/pico_stdio_uart/stdio_uart.c.obj
 *fill*         0x1009bdee        0x2 
 .rodata.__bi_33.4
                0x1009bdf0        0xc CMakeFiles/bbc.dir/__/__/lib/pico-sdk/src/rp2_common/pico_stdio_uart/stdio_uart.c.obj
 .rodata.__bi_34.5
                0x1009bdfc        0x8 CMakeFiles/bbc.dir/__/__/lib/pico-sdk/src/rp2_common/pico_stdio_uart/stdio_uart.c.obj
 .rodata.str1.4
                0x1009be04       0x1d CMakeFiles/bbc.dir/__/__/lib/PicoDVI/software/libdvi/dvi.c.obj
 .rodata.dvi_init.str1.4
                0x1009be04       0x1e CMakeFiles/bbc.dir/__/__/lib/PicoDVI/software/libdvi/dvi.c.obj
 .rodata.dvi_serialiser_program
                0x1009be04        0x6 CMakeFiles/bbc.dir/__/__/lib/PicoDVI/software/libdvi/dvi_serialiser.c.obj
 *fill*         0x1009be0a        0x2 
 .rodata.dvi_serialiser_program_instructions
                0x1009be0c        0x4 CMakeFiles/bbc.dir/__/__/lib/PicoDVI/software/libdvi/dvi_serialiser.c.obj
 .rodata.imbalance_lookup
                0x1009be10       0x10 CMakeFiles/bbc.dir/__/__/lib/PicoDVI/software/libdvi/tmds_encode.c.obj
 .rodata.dma_claim_unused_channel.str1.4
                0x1009be20       0x1e CMakeFiles/bbc.dir/__/__/lib/pico-sdk/src/rp2_common/hardware_dma/dma.c.obj
 .rodata.pio_sm_claim.str1.4
                0x1009be20       0x40 CMakeFiles/bbc.dir/__/__/lib/pico-sdk/src/rp2_common/hardware_pio/pio.c.obj
 .rodata.pio_add_program.str1.4
                0x1009be20       0x11 CMakeFiles/bbc.dir/__/__/lib/pico-sdk/src/rp2_common/hardware_pio/pio.c.obj
 .rodata.hcd_rp2040_irq.str1.4
                0x1009be20       0x40 CMakeFiles/bbc.dir/__/__/lib/tinyusb/src/portable/raspberrypi/rp2040/hcd_rp2040.c.obj
 .rodata.hcd_port_speed_get.str1.4
                0x1009be20        0xf CMakeFiles/bbc.dir/__/__/lib/tinyusb/src/portable/raspberrypi/rp2040/hcd_rp2040.c.obj
 .rodata._hw_endpoint_buffer_control_update32.part.0.isra.0.str1.4
                0x1009be20       0x1f CMakeFiles/bbc.dir/__/__/lib/tinyusb/src/portable/raspberrypi/rp2040/rp2040_usb.c.obj
 .rodata.hw_endpoint_xfer_continue.str1.4
                0x1009be20       0x29 CMakeFiles/bbc.dir/__/__/lib/tinyusb/src/portable/raspberrypi/rp2040/rp2040_usb.c.obj
 .rodata.str1.4
                0x1009be20        0x7 CMakeFiles/bbc.dir/__/__/lib/tinyusb/src/portable/raspberrypi/rp2040/rp2040_usb.c.obj
 .rodata.process_enumeration
                0x1009be20       0x34 CMakeFiles/bbc.dir/__/__/lib/tinyusb/src/host/usbh.c.obj
 .rodata.usbh_class_drivers
                0x1009be54       0x3c CMakeFiles/bbc.dir/__/__/lib/tinyusb/src/host/usbh.c.obj
 .rodata        0x1009be90        0x8 CMakeFiles/bbc.dir/__/__/lib/tinyusb/src/host/hub.c.obj
 .rodata.check_fs.str1.4
                0x1009be98       0x15 CMakeFiles/bbc.dir/__/__/lib/fatfs/source/ff.c.obj
 .rodata.follow_path.str1.4
                0x1009be98       0x13 CMakeFiles/bbc.dir/__/__/lib/fatfs/source/ff.c.obj
 .rodata.ExCvt  0x1009be98       0x80 CMakeFiles/bbc.dir/__/__/lib/fatfs/source/ff.c.obj
 .rodata.LfnOfs
                0x1009bf18        0xd CMakeFiles/bbc.dir/__/__/lib/fatfs/source/ff.c.obj
 *fill*         0x1009bf25        0x3 
 .rodata.ff_wtoupper
                0x1009bf28       0x24 CMakeFiles/bbc.dir/__/__/lib/fatfs/source/ffunicode.c.obj
 .rodata.cvt2.0
                0x1009bf4c       0xbc CMakeFiles/bbc.dir/__/__/lib/fatfs/source/ffunicode.c.obj
 .rodata.cvt1.1
                0x1009c008      0x1f2 CMakeFiles/bbc.dir/__/__/lib/fatfs/source/ffunicode.c.obj
 *fill*         0x1009c1fa        0x2 
 .rodata.uc437  0x1009c1fc      0x100 CMakeFiles/bbc.dir/__/__/lib/fatfs/source/ffunicode.c.obj
                0x1009c2fc                        . = ALIGN (0x4)
 *(SORT_BY_ALIGNMENT(SORT_BY_NAME(.flashdata*)))
                0x1009c2fc                        . = ALIGN (0x4)

.ARM.extab
 *(.ARM.extab* .gnu.linkonce.armextab.*)
                0x1009c2fc                        __exidx_start = .

.ARM.exidx
 *(.ARM.exidx* .gnu.linkonce.armexidx.*)
                0x1009c2fc                        __exidx_end = .
                0x1009c2fc                        . = ALIGN (0x4)
                0x1009c2fc                        __binary_info_start = .

.binary_info    0x1009c2fc       0x24
 *(.binary_info.keep.*)
 .binary_info.keep.__bi_ptr81
                0x1009c2fc        0x4 CMakeFiles/bbc.dir/__/__/lib/pico-sdk/src/rp2_common/pico_standard_link/binary_info.c.obj
 .binary_info.keep.__bi_ptr75
                0x1009c300        0x4 CMakeFiles/bbc.dir/__/__/lib/pico-sdk/src/rp2_common/pico_standard_link/binary_info.c.obj
 .binary_info.keep.__bi_ptr50
                0x1009c304        0x4 CMakeFiles/bbc.dir/__/__/lib/pico-sdk/src/rp2_common/pico_standard_link/binary_info.c.obj
 .binary_info.keep.__bi_ptr44
                0x1009c308        0x4 CMakeFiles/bbc.dir/__/__/lib/pico-sdk/src/rp2_common/pico_standard_link/binary_info.c.obj
 .binary_info.keep.__bi_ptr38
                0x1009c30c        0x4 CMakeFiles/bbc.dir/__/__/lib/pico-sdk/src/rp2_common/pico_standard_link/binary_info.c.obj
 .binary_info.keep.__bi_ptr30
                0x1009c310        0x4 CMakeFiles/bbc.dir/__/__/lib/pico-sdk/src/rp2_common/pico_standard_link/binary_info.c.obj
 .binary_info.keep.__bi_ptr22
                0x1009c314        0x4 CMakeFiles/bbc.dir/__/__/lib/pico-sdk/src/rp2_common/pico_standard_link/binary_info.c.obj
 *(.binary_info.*)
 .binary_info.__bi_ptr34
                0x1009c318        0x4 CMakeFiles/bbc.dir/__/__/lib/pico-sdk/src/rp2_common/pico_stdio_uart/stdio_uart.c.obj
 .binary_info.__bi_ptr33
                0x1009c31c        0x4 CMakeFiles/bbc.dir/__/__/lib/pico-sdk/src/rp2_common/pico_stdio_uart/stdio_uart.c.obj
                0x1009c320                        __binary_info_end = .
                0x1009c320                        . = ALIGN (0x4)

.ram_vector_table
                0x20000000       0xc0
 *(.ram_vector_table)
 .ram_vector_table
                0x20000000       0xc0 CMakeFiles/bbc.dir/__/__/lib/pico-sdk/src/rp2_common/pico_runtime/runtime.c.obj
                0x20000000                ram_vector_table

.data           0x200000c0    0x2b9f0 load address 0x1009c320
                0x200000c0                        __data_start__ = .
 *(vtable)
 *(.time_critical*)
 .time_critical.core1_main()
                0x200000c0      0x2cc CMakeFiles/bbc.dir/src/bbc.c.obj
                0x200000c0                core1_main
 .time_critical.
                0x2000038c    0x29e9c CMakeFiles/bbc.dir/src/bbc.c.obj
                0x2000038c                scanbuf
                0x200006ac                tmds_palette
                0x2000076c                state
                0x2001e228                bbc_dfs_rom
                0x20022228                bbc_basic_rom
                0x20026228                bbc_os_rom
 .time_critical.audio_dma_irq_handler
                0x2002a228       0xbc CMakeFiles/bbc.dir/__/__/src/audio.c.obj
 .time_critical.
                0x2002a2e4      0x830 CMakeFiles/bbc.dir/__/__/src/audio.c.obj
 .time_critical.mutex_enter_blocking
                0x2002ab14       0x44 CMakeFiles/bbc.dir/__/__/lib/pico-sdk/src/common/pico_sync/mutex.c.obj
                0x2002ab14                mutex_enter_blocking
 .time_critical.mutex_try_enter_block_until
                0x2002ab58       0x98 CMakeFiles/bbc.dir/__/__/lib/pico-sdk/src/common/pico_sync/mutex.c.obj
                0x2002ab58                mutex_try_enter_block_until
 .time_critical.mutex_enter_timeout_ms
                0x2002abf0       0x8c CMakeFiles/bbc.dir/__/__/lib/pico-sdk/src/common/pico_sync/mutex.c.obj
                0x2002abf0                mutex_enter_timeout_ms
 .time_critical.mutex_exit
                0x2002ac7c       0x28 CMakeFiles/bbc.dir/__/__/lib/pico-sdk/src/common/pico_sync/mutex.c.obj
                0x2002ac7c                mutex_exit
 .time_critical.dvi_dma_irq_handler
                0x2002aca4      0x514 CMakeFiles/bbc.dir/__/__/lib/PicoDVI/software/libdvi/dvi.c.obj
 .time_critical.dvi_dma1_irq
                0x2002b1b8       0x24 CMakeFiles/bbc.dir/__/__/lib/PicoDVI/software/libdvi/dvi.c.obj
 .time_critical.dvi_dma0_irq
                0x2002b1dc       0x24 CMakeFiles/bbc.dir/__/__/lib/PicoDVI/software/libdvi/dvi.c.obj
 .time_critical.dvi_timing_state_advance
                0x2002b200       0x44 CMakeFiles/bbc.dir/__/__/lib/PicoDVI/software/libdvi/dvi_timing.c.obj
                0x2002b200                dvi_timing_state_advance
 .time_critical.dvi_update_scanline_data_dma
                0x2002b244       0x14 CMakeFiles/bbc.dir/__/__/lib/PicoDVI/software/libdvi/dvi_timing.c.obj
                0x2002b244                dvi_update_scanline_data_dma
 .time_critical.empty_scanline_tmds
                0x2002b258        0xc CMakeFiles/bbc.dir/__/__/lib/PicoDVI/software/libdvi/dvi_timing.c.obj
 .time_critical.dvi_ctrl_syms
                0x2002b264       0x10 CMakeFiles/bbc.dir/__/__/lib/PicoDVI/software/libdvi/dvi_timing.c.obj
                0x2002b264                dvi_ctrl_syms
 .time_critical.dvi_timing_800x480p_60hz
                0x2002b274       0x2c CMakeFiles/bbc.dir/__/__/lib/PicoDVI/software/libdvi/dvi_timing.c.obj
                0x2002b274                dvi_timing_800x480p_60hz
 .time_critical.tmds_encode_palette_data
                0x2002b2a0       0xe4 CMakeFiles/bbc.dir/__/__/lib/PicoDVI/software/libdvi/tmds_encode.c.obj
                0x2002b2a0                tmds_encode_palette_data
 .time_critical.tinyusb
                0x2002b384       0x38 CMakeFiles/bbc.dir/__/__/lib/tinyusb/src/host/usbh.c.obj
                0x2002b384                hcd_event_handler
 *(.text*)
 .text          0x2002b3bc        0x4 /usr/lib/gcc/arm-none-eabi/14.2.1/thumb/v6-m/nofp/libgcc.a(_dvmd_tls.o)
                0x2002b3bc                __aeabi_ldiv0
                0x2002b3bc                __aeabi_idiv0
 .text.__stub   0x2002b3c0       0x90 linker stubs
                0x2002b450                        . = ALIGN (0x4)
 *(.rodata*)
                0x2002b450                        . = ALIGN (0x4)
 *(.data*)
 .data.current_image
                0x2002b450        0x4 CMakeFiles/bbc.dir/src/bbc.c.obj
 .data.single_sample_ptr
                0x2002b454        0x4 CMakeFiles/bbc.dir/__/__/src/audio.c.obj
 .data.striped_spin_lock_num
                0x2002b458        0x1 CMakeFiles/bbc.dir/__/__/lib/pico-sdk/src/rp2_common/hardware_sync/sync.c.obj
 *fill*         0x2002b459        0x3 
 .data          0x2002b45c       0x48 CMakeFiles/bbc.dir/__/__/lib/pico-sdk/src/rp2_common/hardware_irq/irq_handler_chain.S.obj
                0x2002b45c                irq_handler_chain_slots
                0x2002b48c                irq_handler_chain_first_slot
                0x2002b496                irq_handler_chain_remove_tail
 .data.default_alarm_pool
                0x2002b4a4       0x18 CMakeFiles/bbc.dir/__/__/lib/pico-sdk/src/common/pico_time/time.c.obj
 .data.default_alarm_pool_heap
                0x2002b4bc       0x10 CMakeFiles/bbc.dir/__/__/lib/pico-sdk/src/common/pico_time/time.c.obj
 *fill*         0x2002b4cc        0x4 
 .data.aeabi_bits_funcs
                0x2002b4d0       0x10 CMakeFiles/bbc.dir/__/__/lib/pico-sdk/src/rp2_common/pico_bit_ops/bit_ops_aeabi.S.obj
                0x2002b4d0                aeabi_bits_funcs
                0x2002b4e0                aeabi_bits_funcs_end
 .data.aeabi_mem_funcs
                0x2002b4e0       0x10 CMakeFiles/bbc.dir/__/__/lib/pico-sdk/src/rp2_common/pico_mem_ops/mem_ops_aeabi.S.obj
                0x2002b4e0                aeabi_mem_funcs
                0x2002b4f0                aeabi_mem_funcs_end
 .data.stdio_uart
                0x2002b4f0       0x18 CMakeFiles/bbc.dir/__/__/lib/pico-sdk/src/rp2_common/pico_stdio_uart/stdio_uart.c.obj
                0x2002b4f0                stdio_uart
 .data.ep_dir_string
                0x2002b508        0x8 CMakeFiles/bbc.dir/__/__/lib/tinyusb/src/portable/raspberrypi/rp2040/rp2040_usb.c.obj
                0x2002b508                ep_dir_string
 .data._usbh_qdef
                0x2002b510       0x1c CMakeFiles/bbc.dir/__/__/lib/tinyusb/src/host/usbh.c.obj
                0x2002b510                _usbh_qdef
 .data._usbh_controller
                0x2002b52c        0x1 CMakeFiles/bbc.dir/__/__/lib/tinyusb/src/host/usbh.c.obj
 *fill*         0x2002b52d        0x3 
 .data          0x2002b530      0x410 /usr/lib/gcc/arm-none-eabi/14.2.1/../../../arm-none-eabi/lib/thumb/v6-m/nofp/libc.a(libc_a-mallocr.o)
                0x2002b530                __malloc_sbrk_base
                0x2002b534                __malloc_trim_threshold
                0x2002b538                __malloc_av_
 .data          0x2002b940      0x148 /usr/lib/gcc/arm-none-eabi/14.2.1/../../../arm-none-eabi/lib/thumb/v6-m/nofp/libc.a(libc_a-impure.o)
                0x2002b940                _impure_ptr
                0x2002b948                _impure_data
                0x2002ba88                        . = ALIGN (0x4)
 *(.after_data.*)
                0x2002ba88                        . = ALIGN (0x4)
                0x2002ba88                        PROVIDE (__mutex_array_start = .)
 *(SORT_BY_NAME(.mutex_array.*))
 *(.mutex_array)
 .mutex_array   0x2002ba88        0x8 CMakeFiles/bbc.dir/__/__/lib/pico-sdk/src/rp2_common/pico_malloc/pico_malloc.c.obj
 .mutex_array   0x2002ba90        0x8 CMakeFiles/bbc.dir/__/__/lib/pico-sdk/src/rp2_common/pico_stdio/stdio.c.obj
                0x2002ba98                        PROVIDE (__mutex_array_end = .)
                0x2002ba98                        . = ALIGN (0x4)
                0x2002ba98                        PROVIDE (__preinit_array_start = .)
 *(SORT_BY_NAME(.preinit_array.*))
 .preinit_array.00001
                0x2002ba98        0x4 CMakeFiles/bbc.dir/__/__/lib/pico-sdk/src/rp2_common/pico_mem_ops/mem_ops_aeabi.S.obj
 .preinit_array.00010
                0x2002ba9c        0x4 CMakeFiles/bbc.dir/__/__/lib/pico-sdk/src/rp2_common/pico_bit_ops/bit_ops_aeabi.S.obj
 .preinit_array.00020
                0x2002baa0        0x4 CMakeFiles/bbc.dir/__/__/lib/pico-sdk/src/rp2_common/pico_double/double_aeabi.S.obj
 .preinit_array.00020
                0x2002baa4        0x4 CMakeFiles/bbc.dir/__/__/lib/pico-sdk/src/rp2_common/pico_float/float_aeabi.S.obj
 *(.preinit_array)
                0x2002baa8                        PROVIDE (__preinit_array_end = .)
                0x2002baa8                        . = ALIGN (0x4)
                0x2002baa8                        PROVIDE (__init_array_start = .)
 *(SORT_BY_NAME(.init_array.*))
 .init_array.00000
                0x2002baa8        0x4 /usr/lib/gcc/arm-none-eabi/14.2.1/../../../arm-none-eabi/lib/thumb/v6-m/nofp/libc.a(libc_a-__call_atexit.o)
 *(.init_array)
 .init_array    0x2002baac        0x4 /usr/lib/gcc/arm-none-eabi/14.2.1/thumb/v6-m/nofp/crtbegin.o
                0x2002bab0                        PROVIDE (__init_array_end = .)
                0x2002bab0                        . = ALIGN (0x4)
                0x2002bab0                        PROVIDE (__fini_array_start = .)
 *(SORT_BY_NAME(.fini_array.*))
 *(.fini_array)
                0x2002bab0                        PROVIDE (__fini_array_end = .)
 *(.jcr)
                0x2002bab0                        . = ALIGN (0x4)
                0x2002bab0                        __data_end__ = .
                0x1009c320                        __etext = LOADADDR (.data)

.tm_clone_table
                0x2002bab0        0x0 load address 0x100c7d10
 .tm_clone_table
                0x2002bab0        0x0 /usr/lib/gcc/arm-none-eabi/14.2.1/thumb/v6-m/nofp/crtbegin.o
 .tm_clone_table
                0x2002bab0        0x0 /usr/lib/gcc/arm-none-eabi/14.2.1/thumb/v6-m/nofp/crtend.o

.igot.plt       0x2002bab0        0x0 load address 0x100c7d10
 .igot.plt      0x2002bab0        0x0 /usr/lib/gcc/arm-none-eabi/14.2.1/thumb/v6-m/nofp/crtbegin.o

.uninitialized_data
                0x2002bab0        0x0 load address 0x100c7d10
                0x2002bab0                        . = ALIGN (0x4)
 *(.uninitialized_data*)

.scratch_x      0x20040000      0x64c load address 0x100c7d10
                0x20040000                        __scratch_x_start__ = .
 *(.scratch_x.*)
 .scratch_x.copy_tmdsbuf
                0x20040000      0x324 CMakeFiles/bbc.dir/__/oric/src/utils.S.obj
                0x20040000                copy_tmdsbuf
 .scratch_x.tmds_palette_encode_loop_x
                0x20040324      0x328 CMakeFiles/bbc.dir/__/__/lib/PicoDVI/software/libdvi/tmds_encode.S.obj
                0x20040324                tmds_palette_encode_loop_x
                0x2004064c                        . = ALIGN (0x4)
                0x2004064c                        __scratch_x_end__ = .
                0x100c7d10                        __scratch_x_source__ = LOADADDR (.scratch_x)

.scratch_y      0x20041000      0x328 load address 0x100c835c
                0x20041000                        __scratch_y_start__ = .
 *(.scratch_y.*)
 .scratch_y.tmds_palette_encode_loop_y
                0x20041000      0x328 CMakeFiles/bbc.dir/__/__/lib/PicoDVI/software/libdvi/tmds_encode.S.obj
                0x20041000                tmds_palette_encode_loop_y
                0x20041328                        . = ALIGN (0x4)
                0x20041328                        __scratch_y_end__ = .
                0x100c835c                        __scratch_y_source__ = LOADADDR (.scratch_y)

.rel.dyn        0x20041328        0x0 load address 0x100c8684
 .rel.iplt      0x20041328        0x0 /usr/lib/gcc/arm-none-eabi/14.2.1/thumb/v6-m/nofp/crtbegin.o

.bss            0x2002bab0     0x886c
                0x2002bab0                        . = ALIGN (0x4)
                0x2002bab0                        __bss_start__ = .
 *(SORT_BY_ALIGNMENT(SORT_BY_NAME(.bss*)))
 .bss._hidh_itf
                0x2002bab0      0x240 CMakeFiles/bbc.dir/__/__/lib/tinyusb/src/class/hid/hid_host.c.obj
 .bss.configured_freq
                0x2002bcf0       0x28 CMakeFiles/bbc.dir/__/__/lib/pico-sdk/src/rp2_common/hardware_clocks/clocks.c.obj
 .bss.default_alarm_pool_entries
                0x2002bd18      0x100 CMakeFiles/bbc.dir/__/__/lib/pico-sdk/src/common/pico_time/time.c.obj
 .bss.sd_table  0x2002be18      0x100 CMakeFiles/bbc.dir/__/__/lib/pico-sdk/src/rp2_common/pico_double/double_init_rom.c.obj
                0x2002be18                sd_table
 .bss.sf_table  0x2002bf18      0x100 CMakeFiles/bbc.dir/__/__/lib/pico-sdk/src/rp2_common/pico_float/float_init_rom.c.obj
                0x2002bf18                sf_table
 .bss.usb_fil   0x2002c018      0x258 CMakeFiles/bbc.dir/src/bbc.c.obj
 .bss           0x2002c270       0x1c /usr/lib/gcc/arm-none-eabi/14.2.1/thumb/v6-m/nofp/crtbegin.o
 .bss           0x2002c28c       0x34 /usr/lib/gcc/arm-none-eabi/14.2.1/../../../arm-none-eabi/lib/thumb/v6-m/nofp/libc.a(libc_a-mallocr.o)
                0x2002c28c                __malloc_top_pad
                0x2002c290                __malloc_current_mallinfo
                0x2002c2b8                __malloc_max_sbrked_mem
                0x2002c2bc                __malloc_max_total_mem
 .bss           0x2002c2c0      0x13c /usr/lib/gcc/arm-none-eabi/14.2.1/../../../arm-none-eabi/lib/thumb/v6-m/nofp/libc.a(libc_a-findfp.o)
                0x2002c2c0                __stdio_exit_handler
                0x2002c2c4                __sf
 .bss           0x2002c3fc        0x4 /usr/lib/gcc/arm-none-eabi/14.2.1/../../../arm-none-eabi/lib/thumb/v6-m/nofp/libc.a(libc_a-reent.o)
                0x2002c3fc                errno
 .bss           0x2002c400      0x190 /usr/lib/gcc/arm-none-eabi/14.2.1/../../../arm-none-eabi/lib/thumb/v6-m/nofp/libc.a(libc_a-__atexit.o)
                0x2002c400                __atexit0
 .bss           0x2002c590        0x4 /usr/lib/gcc/arm-none-eabi/14.2.1/../../../arm-none-eabi/lib/thumb/v6-m/nofp/libc.a(libc_a-__call_atexit.o)
                0x2002c590                __atexit
 .bss.DirBuf    0x2002c594      0x260 CMakeFiles/bbc.dir/__/__/lib/fatfs/source/ff.c.obj
 .bss.FatFs     0x2002c7f4       0x10 CMakeFiles/bbc.dir/__/__/lib/fatfs/source/ff.c.obj
 .bss.LfnBuf    0x2002c804      0x200 CMakeFiles/bbc.dir/__/__/lib/fatfs/source/ff.c.obj
 .bss._app_driver
                0x2002ca04        0x4 CMakeFiles/bbc.dir/__/__/lib/tinyusb/src/host/usbh.c.obj
 .bss._bbc_empty_bank
                0x2002ca08     0x4000 CMakeFiles/bbc.dir/src/bbc.c.obj
 .bss._ctrl_xfer
                0x20030a08       0x18 CMakeFiles/bbc.dir/__/__/lib/tinyusb/src/host/usbh.c.obj
                0x20030a08                _ctrl_xfer
 .bss._dev0     0x20030a20        0x5 CMakeFiles/bbc.dir/__/__/lib/tinyusb/src/host/usbh.c.obj
 *fill*         0x20030a25        0x3 
 .bss._hub_buffer
                0x20030a28        0x9 CMakeFiles/bbc.dir/__/__/lib/tinyusb/src/host/hub.c.obj
 *fill*         0x20030a31        0x3 
 .bss._mem_junk_page
                0x20030a34     0x1000 CMakeFiles/bbc.dir/src/bbc.c.obj
 .bss._mem_unmapped_page
                0x20031a34     0x1000 CMakeFiles/bbc.dir/src/bbc.c.obj
 .bss._msch_buffer
                0x20032a34       0x24 CMakeFiles/bbc.dir/__/__/lib/tinyusb/src/class/msc/msc_host.c.obj
 .bss._msch_itf
                0x20032a58      0x208 CMakeFiles/bbc.dir/__/__/lib/tinyusb/src/class/msc/msc_host.c.obj
 .bss._usbh_ctrl_buf
                0x20032c60      0x100 CMakeFiles/bbc.dir/__/__/lib/tinyusb/src/host/usbh.c.obj
 .bss._usbh_devices
                0x20032d60      0x204 CMakeFiles/bbc.dir/__/__/lib/tinyusb/src/host/usbh.c.obj
 .bss._usbh_mutex
                0x20032f64        0x4 CMakeFiles/bbc.dir/__/__/lib/tinyusb/src/host/usbh.c.obj
 .bss._usbh_mutexdef
                0x20032f68        0x8 CMakeFiles/bbc.dir/__/__/lib/tinyusb/src/host/usbh.c.obj
 .bss._usbh_q   0x20032f70        0x4 CMakeFiles/bbc.dir/__/__/lib/tinyusb/src/host/usbh.c.obj
 .bss._usbh_qdef_buf
                0x20032f74       0xc0 CMakeFiles/bbc.dir/__/__/lib/tinyusb/src/host/usbh.c.obj
                0x20032f74                _usbh_qdef_buf
 .bss._used_instruction_space
                0x20033034        0x8 CMakeFiles/bbc.dir/__/__/lib/pico-sdk/src/rp2_common/hardware_pio/pio.c.obj
 .bss.alarm_callbacks
                0x2003303c       0x10 CMakeFiles/bbc.dir/__/__/lib/pico-sdk/src/rp2_common/hardware_timer/timer.c.obj
 .bss.chars_available_callback
                0x2003304c        0x4 CMakeFiles/bbc.dir/__/__/lib/pico-sdk/src/rp2_common/pico_stdio_uart/stdio_uart.c.obj
 .bss.chars_available_param
                0x20033050        0x4 CMakeFiles/bbc.dir/__/__/lib/pico-sdk/src/rp2_common/pico_stdio_uart/stdio_uart.c.obj
 .bss.claimed   0x20033054        0x4 CMakeFiles/bbc.dir/__/__/lib/pico-sdk/src/rp2_common/hardware_sync/sync.c.obj
 .bss.default_alarm_pool_entry_ids_high
                0x20033058       0x10 CMakeFiles/bbc.dir/__/__/lib/pico-sdk/src/common/pico_time/time.c.obj
 .bss.default_alarm_pool_heap_nodes
                0x20033068       0x30 CMakeFiles/bbc.dir/__/__/lib/pico-sdk/src/common/pico_time/time.c.obj
 .bss.dma_irq_privdata
                0x20033098        0x8 CMakeFiles/bbc.dir/__/__/lib/PicoDVI/software/libdvi/dvi.c.obj
 .bss.drivers   0x200330a0        0x4 CMakeFiles/bbc.dir/__/__/lib/pico-sdk/src/rp2_common/pico_stdio/stdio.c.obj
 .bss.dvi0      0x200330a4      0x2b4 CMakeFiles/bbc.dir/src/bbc.c.obj
                0x200330a4                dvi0
 .bss.ep_pool   0x20033358      0x200 CMakeFiles/bbc.dir/__/__/lib/tinyusb/src/portable/raspberrypi/rp2040/hcd_rp2040.c.obj
 .bss.filter    0x20033558        0x4 CMakeFiles/bbc.dir/__/__/lib/pico-sdk/src/rp2_common/pico_stdio/stdio.c.obj
 .bss.heap_end.0
                0x2003355c        0x4 CMakeFiles/bbc.dir/__/__/lib/pico-sdk/src/rp2_common/pico_runtime/runtime.c.obj
 .bss.hub_data  0x20033560       0x10 CMakeFiles/bbc.dir/__/__/lib/tinyusb/src/host/hub.c.obj
 .bss.lazy_vsnprintf
                0x20033570        0x4 CMakeFiles/bbc.dir/__/__/lib/pico-sdk/src/rp2_common/pico_printf/printf.c.obj
 .bss.load_value
                0x20033574        0x4 CMakeFiles/bbc.dir/__/__/lib/pico-sdk/src/rp2_common/hardware_watchdog/watchdog.c.obj
 .bss.msc_fatfs_volumes
                0x20033578      0xb7c CMakeFiles/bbc.dir/__/__/src/msc_app.c.obj
 .bss.msc_inquiry_resp
                0x200340f4       0x24 CMakeFiles/bbc.dir/__/__/src/msc_app.c.obj
 .bss.msc_volume_busy
                0x20034118        0x5 CMakeFiles/bbc.dir/__/__/src/msc_app.c.obj
 *fill*         0x2003411d        0x3 
 .bss.pools     0x20034120       0x10 CMakeFiles/bbc.dir/__/__/lib/pico-sdk/src/common/pico_time/time.c.obj
 .bss.prev_report
                0x20034130        0x8 CMakeFiles/bbc.dir/src/hid_app_bbc.c.obj
 .bss.pwm_dma_channel
                0x20034138        0x4 CMakeFiles/bbc.dir/__/__/src/audio.c.obj
 .bss.sample_dma_channel
                0x2003413c        0x4 CMakeFiles/bbc.dir/__/__/src/audio.c.obj
 .bss.sf_clz_func
                0x20034140        0x4 CMakeFiles/bbc.dir/__/__/lib/pico-sdk/src/rp2_common/pico_double/double_init_rom.c.obj
                0x20034140                sf_clz_func
 .bss.single_sample
                0x20034144        0x4 CMakeFiles/bbc.dir/__/__/src/audio.c.obj
 .bss.sleep_notifier
                0x20034148        0x4 CMakeFiles/bbc.dir/__/__/lib/pico-sdk/src/common/pico_time/time.c.obj
 .bss.target_hi
                0x2003414c       0x10 CMakeFiles/bbc.dir/__/__/lib/pico-sdk/src/rp2_common/hardware_timer/timer.c.obj
 .bss.trigger_dma_channel
                0x2003415c        0x4 CMakeFiles/bbc.dir/__/__/src/audio.c.obj
 .bss.uart_char_to_line_feed
                0x20034160        0x4 CMakeFiles/bbc.dir/__/__/lib/pico-sdk/src/rp2_common/hardware_uart/uart.c.obj
                0x20034160                uart_char_to_line_feed
 .bss.uart_instance
                0x20034164        0x4 CMakeFiles/bbc.dir/__/__/lib/pico-sdk/src/rp2_common/pico_stdio_uart/stdio_uart.c.obj
 .bss.usb_files
                0x20034168      0x1a0 CMakeFiles/bbc.dir/src/bbc.c.obj
 .bss.usb_num_files
                0x20034308        0x4 CMakeFiles/bbc.dir/src/bbc.c.obj
 .bss.Fsid      0x2003430c        0x2 CMakeFiles/bbc.dir/__/__/lib/fatfs/source/ff.c.obj
 .bss._claimed  0x2003430e        0x2 CMakeFiles/bbc.dir/__/__/lib/pico-sdk/src/rp2_common/hardware_dma/dma.c.obj
 .bss.CurrVol   0x20034310        0x1 CMakeFiles/bbc.dir/__/__/lib/fatfs/source/ff.c.obj
 .bss._app_driver_count
                0x20034311        0x1 CMakeFiles/bbc.dir/__/__/lib/tinyusb/src/host/usbh.c.obj
 .bss.claimed   0x20034312        0x1 CMakeFiles/bbc.dir/__/__/lib/pico-sdk/src/rp2_common/hardware_timer/timer.c.obj
 .bss.claimed   0x20034313        0x1 CMakeFiles/bbc.dir/__/__/lib/pico-sdk/src/rp2_common/hardware_pio/pio.c.obj
 .bss.failed_count.0
                0x20034314        0x1 CMakeFiles/bbc.dir/__/__/lib/tinyusb/src/host/usbh.c.obj
 .bss.irq_hander_chain_free_slot_head
                0x20034315        0x1 CMakeFiles/bbc.dir/__/__/lib/pico-sdk/src/rp2_common/hardware_irq/irq.c.obj